../Core/Src/follow_line.c:10:10:moveFrontLeftLine	8	static
../Core/Src/follow_line.c:18:10:moveFrontRightLine	8	static
../Core/Src/follow_line.c:26:10:followLineForward	16	static
../Core/Src/follow_line.c:72:10:followLineBackward	16	static
../Core/Src/follow_line.c:118:13:followLineForwardUntilCross	16	static
../Core/Src/follow_line.c:175:10:goToTheNthCross	24	static
../Core/Src/follow_line.c:184:10:goLeftUntilMeetLine	16	static
../Core/Src/follow_line.c:197:10:goRightUntilMeetLine	16	static
../Core/Src/follow_line.c:210:10:goBackwardUntilMeetLine	16	static
../Core/Src/follow_line.c:229:10:followLineWithWeightError	16	static
