../Core/Src/motor.c:20:18:initMotor	24	static
../Core/Src/motor.c:33:7:setSpeed	16	static
../Core/Src/motor.c:53:7:motor1Rotates	16	static
../Core/Src/motor.c:67:7:motor2Rotates	16	static
../Core/Src/motor.c:81:7:motor3Rotates	16	static
../Core/Src/motor.c:95:7:motor4Rotates	16	static
../Core/Src/motor.c:109:7:motorStop	8	static
../Core/Src/motor.c:124:7:moveForward	16	static
../Core/Src/motor.c:131:7:moveBackward	16	static
../Core/Src/motor.c:138:7:moveLeft	16	static
../Core/Src/motor.c:145:7:moveRight	16	static
../Core/Src/motor.c:153:7:moveFrontLeft	16	static
../Core/Src/motor.c:161:7:moveFrontRight	16	static
../Core/Src/motor.c:169:7:moveBackLeft	16	static
../Core/Src/motor.c:177:7:moveBackRight	16	static
../Core/Src/motor.c:185:7:rotateLeft	16	static
../Core/Src/motor.c:193:7:rotateRight	16	static
../Core/Src/motor.c:201:7:moveFrontLeftLine	8	static
../Core/Src/motor.c:209:7:moveFrontRightLine	8	static
../Core/Src/motor.c:217:7:moveDirection	16	static
../Core/Src/motor.c:274:7:followLineForward	16	static
../Core/Src/motor.c:320:7:followLineBackward	16	static
../Core/Src/motor.c:366:10:followLineForwardUntilCross	16	static
../Core/Src/motor.c:423:7:goToTheNthCross	24	static
../Core/Src/motor.c:432:7:goLeftUntilMeetLine	16	static
../Core/Src/motor.c:445:7:goRightUntilMeetLine	16	static
../Core/Src/motor.c:458:7:goBackwardUntilMeetLine	16	static
../Core/Src/motor.c:477:7:followLineWithWeightError	16	static
