../Core/Src/motor.c:19:7:initMotor	16	static
../Core/Src/motor.c:24:7:setSpeed	16	static
../Core/Src/motor.c:44:7:motor1Rotates	16	static
../Core/Src/motor.c:58:7:motor2Rotates	16	static
../Core/Src/motor.c:72:7:motor3Rotates	16	static
../Core/Src/motor.c:86:7:motor4Rotates	16	static
../Core/Src/motor.c:100:7:motorStop	8	static
../Core/Src/motor.c:115:7:moveForward	16	static
../Core/Src/motor.c:122:7:moveBackward	16	static
../Core/Src/motor.c:129:7:moveLeft	16	static
../Core/Src/motor.c:136:7:moveRight	16	static
../Core/Src/motor.c:144:7:moveFrontLeft	16	static
../Core/Src/motor.c:152:7:moveFrontRight	16	static
../Core/Src/motor.c:160:7:moveBackLeft	16	static
../Core/Src/motor.c:168:7:moveBackRight	16	static
../Core/Src/motor.c:176:7:rotateLeft	16	static
../Core/Src/motor.c:184:7:rotateRight	16	static
../Core/Src/motor.c:192:7:moveDirection	16	static
