../Core/Src/move.c:8:6:dc_init	16	static
../Core/Src/move.c:14:6:setSpeed	16	static
../Core/Src/move.c:18:6:dc1Move	16	static
../Core/Src/move.c:29:6:dc2Move	16	static
../Core/Src/move.c:40:6:dc3Move	16	static
../Core/Src/move.c:51:6:dc4Move	16	static
../Core/Src/move.c:63:6:stop	8	static
../Core/Src/move.c:77:6:forward	16	static
../Core/Src/move.c:84:6:backwards	16	static
../Core/Src/move.c:91:6:frontLeft	16	static
../Core/Src/move.c:98:6:frontRight	16	static
../Core/Src/move.c:104:6:backRight	16	static
../Core/Src/move.c:111:6:backLeft	16	static
../Core/Src/move.c:119:6:right	16	static
../Core/Src/move.c:126:6:left	16	static
../Core/Src/move.c:133:6:rotateLeft	16	static
../Core/Src/move.c:140:6:rotateRight	16	static
../Core/Src/move.c:148:6:testDc	8	static
../Core/Src/move.c:163:6:runDir	16	static
../Core/Src/move.c:201:6:runSpeed	16	static
../Core/Src/move.c:208:6:followLine	4	static
../Core/Src/move.c:243:5:followLineUntilCross	4	static
