Archive member included to satisfy reference by file (symbol)

/Applications/STM32CubeIDE.app/Contents/Eclipse/plugins/com.st.stm32cube.ide.mcu.externaltools.gnu-tools-for-stm32.12.3.rel1.macos64_1.0.200.202406191456/tools/bin/../lib/gcc/arm-none-eabi/12.3.1/../../../../arm-none-eabi/lib/thumb/v7-m/nofp/libc_nano.a(libc_a-exit.o)
                              /Applications/STM32CubeIDE.app/Contents/Eclipse/plugins/com.st.stm32cube.ide.mcu.externaltools.gnu-tools-for-stm32.12.3.rel1.macos64_1.0.200.202406191456/tools/bin/../lib/gcc/arm-none-eabi/12.3.1/../../../../arm-none-eabi/lib/thumb/v7-m/nofp/crt0.o (exit)
/Applications/STM32CubeIDE.app/Contents/Eclipse/plugins/com.st.stm32cube.ide.mcu.externaltools.gnu-tools-for-stm32.12.3.rel1.macos64_1.0.200.202406191456/tools/bin/../lib/gcc/arm-none-eabi/12.3.1/../../../../arm-none-eabi/lib/thumb/v7-m/nofp/libc_nano.a(libc_a-findfp.o)
                              /Applications/STM32CubeIDE.app/Contents/Eclipse/plugins/com.st.stm32cube.ide.mcu.externaltools.gnu-tools-for-stm32.12.3.rel1.macos64_1.0.200.202406191456/tools/bin/../lib/gcc/arm-none-eabi/12.3.1/../../../../arm-none-eabi/lib/thumb/v7-m/nofp/libc_nano.a(libc_a-exit.o) (__stdio_exit_handler)
/Applications/STM32CubeIDE.app/Contents/Eclipse/plugins/com.st.stm32cube.ide.mcu.externaltools.gnu-tools-for-stm32.12.3.rel1.macos64_1.0.200.202406191456/tools/bin/../lib/gcc/arm-none-eabi/12.3.1/../../../../arm-none-eabi/lib/thumb/v7-m/nofp/libc_nano.a(libc_a-fwalk.o)
                              /Applications/STM32CubeIDE.app/Contents/Eclipse/plugins/com.st.stm32cube.ide.mcu.externaltools.gnu-tools-for-stm32.12.3.rel1.macos64_1.0.200.202406191456/tools/bin/../lib/gcc/arm-none-eabi/12.3.1/../../../../arm-none-eabi/lib/thumb/v7-m/nofp/libc_nano.a(libc_a-findfp.o) (_fwalk_sglue)
/Applications/STM32CubeIDE.app/Contents/Eclipse/plugins/com.st.stm32cube.ide.mcu.externaltools.gnu-tools-for-stm32.12.3.rel1.macos64_1.0.200.202406191456/tools/bin/../lib/gcc/arm-none-eabi/12.3.1/../../../../arm-none-eabi/lib/thumb/v7-m/nofp/libc_nano.a(libc_a-memset.o)
                              /Applications/STM32CubeIDE.app/Contents/Eclipse/plugins/com.st.stm32cube.ide.mcu.externaltools.gnu-tools-for-stm32.12.3.rel1.macos64_1.0.200.202406191456/tools/bin/../lib/gcc/arm-none-eabi/12.3.1/../../../../arm-none-eabi/lib/thumb/v7-m/nofp/crt0.o (memset)
/Applications/STM32CubeIDE.app/Contents/Eclipse/plugins/com.st.stm32cube.ide.mcu.externaltools.gnu-tools-for-stm32.12.3.rel1.macos64_1.0.200.202406191456/tools/bin/../lib/gcc/arm-none-eabi/12.3.1/../../../../arm-none-eabi/lib/thumb/v7-m/nofp/libc_nano.a(libc_a-impure.o)
                              /Applications/STM32CubeIDE.app/Contents/Eclipse/plugins/com.st.stm32cube.ide.mcu.externaltools.gnu-tools-for-stm32.12.3.rel1.macos64_1.0.200.202406191456/tools/bin/../lib/gcc/arm-none-eabi/12.3.1/../../../../arm-none-eabi/lib/thumb/v7-m/nofp/libc_nano.a(libc_a-findfp.o) (_impure_data)
/Applications/STM32CubeIDE.app/Contents/Eclipse/plugins/com.st.stm32cube.ide.mcu.externaltools.gnu-tools-for-stm32.12.3.rel1.macos64_1.0.200.202406191456/tools/bin/../lib/gcc/arm-none-eabi/12.3.1/../../../../arm-none-eabi/lib/thumb/v7-m/nofp/libc_nano.a(libc_a-errno.o)
                              ./Core/Src/syscalls.o (__errno)
/Applications/STM32CubeIDE.app/Contents/Eclipse/plugins/com.st.stm32cube.ide.mcu.externaltools.gnu-tools-for-stm32.12.3.rel1.macos64_1.0.200.202406191456/tools/bin/../lib/gcc/arm-none-eabi/12.3.1/../../../../arm-none-eabi/lib/thumb/v7-m/nofp/libc_nano.a(libc_a-init.o)
                              /Applications/STM32CubeIDE.app/Contents/Eclipse/plugins/com.st.stm32cube.ide.mcu.externaltools.gnu-tools-for-stm32.12.3.rel1.macos64_1.0.200.202406191456/tools/bin/../lib/gcc/arm-none-eabi/12.3.1/../../../../arm-none-eabi/lib/thumb/v7-m/nofp/crt0.o (__libc_init_array)
/Applications/STM32CubeIDE.app/Contents/Eclipse/plugins/com.st.stm32cube.ide.mcu.externaltools.gnu-tools-for-stm32.12.3.rel1.macos64_1.0.200.202406191456/tools/bin/../lib/gcc/arm-none-eabi/12.3.1/../../../../arm-none-eabi/lib/thumb/v7-m/nofp/libc_nano.a(libc_a-lock.o)
                              /Applications/STM32CubeIDE.app/Contents/Eclipse/plugins/com.st.stm32cube.ide.mcu.externaltools.gnu-tools-for-stm32.12.3.rel1.macos64_1.0.200.202406191456/tools/bin/../lib/gcc/arm-none-eabi/12.3.1/../../../../arm-none-eabi/lib/thumb/v7-m/nofp/libc_nano.a(libc_a-findfp.o) (__retarget_lock_init_recursive)
/Applications/STM32CubeIDE.app/Contents/Eclipse/plugins/com.st.stm32cube.ide.mcu.externaltools.gnu-tools-for-stm32.12.3.rel1.macos64_1.0.200.202406191456/tools/bin/../lib/gcc/arm-none-eabi/12.3.1/../../../../arm-none-eabi/lib/thumb/v7-m/nofp/libc_nano.a(libc_a-mallocr.o)
[...]
Memory Configuration

Name             Origin             Length             Attributes
RAM              0x20000000         0x0000c000         xrw
FLASH            0x08000000         0x00040000         xr
*default*        0x00000000         0xffffffff

Linker script and memory map

LOAD /Applications/STM32CubeIDE.app/Contents/Eclipse/plugins/com.st.stm32cube.ide.mcu.externaltools.gnu-tools-for-stm32.12.3.rel1.macos64_1.0.200.202406191456/tools/bin/../lib/gcc/arm-none-eabi/12.3.1/thumb/v7-m/nofp/crti.o
LOAD /Applications/STM32CubeIDE.app/Contents/Eclipse/plugins/com.st.stm32cube.ide.mcu.externaltools.gnu-tools-for-stm32.12.3.rel1.macos64_1.0.200.202406191456/tools/bin/../lib/gcc/arm-none-eabi/12.3.1/thumb/v7-m/nofp/crtbegin.o
LOAD /Applications/STM32CubeIDE.app/Contents/Eclipse/plugins/com.st.stm32cube.ide.mcu.externaltools.gnu-tools-for-stm32.12.3.rel1.macos64_1.0.200.202406191456/tools/bin/../lib/gcc/arm-none-eabi/12.3.1/../../../../arm-none-eabi/lib/thumb/v7-m/nofp/crt0.o
LOAD ./Core/Src/adc.o
LOAD ./Core/Src/button.o
LOAD ./Core/Src/buzzer.o
LOAD ./Core/Src/display.o
LOAD ./Core/Src/dma.o
LOAD ./Core/Src/encoder.o
LOAD ./Core/Src/gpio.o
LOAD ./Core/Src/joystick.o
LOAD ./Core/Src/line_sensor.o
LOAD ./Core/Src/main.o
LOAD ./Core/Src/motor.o
LOAD ./Core/Src/pid.o
LOAD ./Core/Src/servo.o
LOAD ./Core/Src/software_timer.o
LOAD ./Core/Src/spi.o
LOAD ./Core/Src/step_motor.o
LOAD ./Core/Src/stm32f1xx_hal_msp.o
LOAD ./Core/Src/stm32f1xx_it.o
LOAD ./Core/Src/syscalls.o
LOAD ./Core/Src/sysmem.o
LOAD ./Core/Src/system_stm32f1xx.o
LOAD ./Core/Src/tim.o
LOAD ./Core/Src/uart.o
LOAD ./Core/Src/usart.o
LOAD ./Core/Src/utils.o
LOAD ./Core/Startup/startup_stm32f103rctx.o
LOAD ./Drivers/STM32F1xx_HAL_Driver/Src/stm32f1xx_hal.o
LOAD ./Drivers/STM32F1xx_HAL_Driver/Src/stm32f1xx_hal_adc.o
LOAD ./Drivers/STM32F1xx_HAL_Driver/Src/stm32f1xx_hal_adc_ex.o
LOAD ./Drivers/STM32F1xx_HAL_Driver/Src/stm32f1xx_hal_cortex.o
LOAD ./Drivers/STM32F1xx_HAL_Driver/Src/stm32f1xx_hal_dma.o
LOAD ./Drivers/STM32F1xx_HAL_Driver/Src/stm32f1xx_hal_exti.o
LOAD ./Drivers/STM32F1xx_HAL_Driver/Src/stm32f1xx_hal_flash.o
LOAD ./Drivers/STM32F1xx_HAL_Driver/Src/stm32f1xx_hal_flash_ex.o
LOAD ./Drivers/STM32F1xx_HAL_Driver/Src/stm32f1xx_hal_gpio.o
LOAD ./Drivers/STM32F1xx_HAL_Driver/Src/stm32f1xx_hal_gpio_ex.o
LOAD ./Drivers/STM32F1xx_HAL_Driver/Src/stm32f1xx_hal_pwr.o
LOAD ./Drivers/STM32F1xx_HAL_Driver/Src/stm32f1xx_hal_rcc.o
LOAD ./Drivers/STM32F1xx_HAL_Driver/Src/stm32f1xx_hal_rcc_ex.o
LOAD ./Drivers/STM32F1xx_HAL_Driver/Src/stm32f1xx_hal_spi.o
LOAD ./Drivers/STM32F1xx_HAL_Driver/Src/stm32f1xx_hal_tim.o
LOAD ./Drivers/STM32F1xx_HAL_Driver/Src/stm32f1xx_hal_tim_ex.o
LOAD ./Drivers/STM32F1xx_HAL_Driver/Src/stm32f1xx_hal_uart.o
START GROUP
LOAD /Applications/STM32CubeIDE.app/Contents/Eclipse/plugins/com.st.stm32cube.ide.mcu.externaltools.gnu-tools-for-stm32.12.3.rel1.macos64_1.0.200.202406191456/tools/bin/../lib/gcc/arm-none-eabi/12.3.1/../../../../arm-none-eabi/lib/thumb/v7-m/nofp/libc_nano.a
LOAD /Applications/STM32CubeIDE.app/Contents/Eclipse/plugins/com.st.stm32cube.ide.mcu.externaltools.gnu-tools-for-stm32.12.3.rel1.macos64_1.0.200.202406191456/tools/bin/../lib/gcc/arm-none-eabi/12.3.1/../../../../arm-none-eabi/lib/thumb/v7-m/nofp/libm.a
END GROUP
START GROUP
LOAD /Applications/STM32CubeIDE.app/Contents/Eclipse/plugins/com.st.stm32cube.ide.mcu.externaltools.gnu-tools-for-stm32.12.3.rel1.macos64_1.0.200.202406191456/tools/bin/../lib/gcc/arm-none-eabi/12.3.1/thumb/v7-m/nofp/libgcc.a
LOAD /Applications/STM32CubeIDE.app/Contents/Eclipse/plugins/com.st.stm32cube.ide.mcu.externaltools.gnu-tools-for-stm32.12.3.rel1.macos64_1.0.200.202406191456/tools/bin/../lib/gcc/arm-none-eabi/12.3.1/../../../../arm-none-eabi/lib/thumb/v7-m/nofp/libc_nano.a
END GROUP
START GROUP
LOAD /Applications/STM32CubeIDE.app/Contents/Eclipse/plugins/com.st.stm32cube.ide.mcu.externaltools.gnu-tools-for-stm32.12.3.rel1.macos64_1.0.200.202406191456/tools/bin/../lib/gcc/arm-none-eabi/12.3.1/thumb/v7-m/nofp/libgcc.a
LOAD /Applications/STM32CubeIDE.app/Contents/Eclipse/plugins/com.st.stm32cube.ide.mcu.externaltools.gnu-tools-for-stm32.12.3.rel1.macos64_1.0.200.202406191456/tools/bin/../lib/gcc/arm-none-eabi/12.3.1/../../../../arm-none-eabi/lib/thumb/v7-m/nofp/libc_nano.a
LOAD /Applications/STM32CubeIDE.app/Contents/Eclipse/plugins/com.st.stm32cube.ide.mcu.externaltools.gnu-tools-for-stm32.12.3.rel1.macos64_1.0.200.202406191456/tools/bin/../lib/gcc/arm-none-eabi/12.3.1/../../../../arm-none-eabi/lib/thumb/v7-m/nofp/libnosys.a
END GROUP
START GROUP
LOAD /Applications/STM32CubeIDE.app/Contents/Eclipse/plugins/com.st.stm32cube.ide.mcu.externaltools.gnu-tools-for-stm32.12.3.rel1.macos64_1.0.200.202406191456/tools/bin/../lib/gcc/arm-none-eabi/12.3.1/thumb/v7-m/nofp/libgcc.a
LOAD /Applications/STM32CubeIDE.app/Contents/Eclipse/plugins/com.st.stm32cube.ide.mcu.externaltools.gnu-tools-for-stm32.12.3.rel1.macos64_1.0.200.202406191456/tools/bin/../lib/gcc/arm-none-eabi/12.3.1/../../../../arm-none-eabi/lib/thumb/v7-m/nofp/libc_nano.a
LOAD /Applications/STM32CubeIDE.app/Contents/Eclipse/plugins/com.st.stm32cube.ide.mcu.externaltools.gnu-tools-for-stm32.12.3.rel1.macos64_1.0.200.202406191456/tools/bin/../lib/gcc/arm-none-eabi/12.3.1/../../../../arm-none-eabi/lib/thumb/v7-m/nofp/libnosys.a
END GROUP
LOAD /Applications/STM32CubeIDE.app/Contents/Eclipse/plugins/com.st.stm32cube.ide.mcu.externaltools.gnu-tools-for-stm32.12.3.rel1.macos64_1.0.200.202406191456/tools/bin/../lib/gcc/arm-none-eabi/12.3.1/thumb/v7-m/nofp/crtend.o
LOAD /Applications/STM32CubeIDE.app/Contents/Eclipse/plugins/com.st.stm32cube.ide.mcu.externaltools.gnu-tools-for-stm32.12.3.rel1.macos64_1.0.200.202406191456/tools/bin/../lib/gcc/arm-none-eabi/12.3.1/thumb/v7-m/nofp/crtn.o
                0x2000c000                        _estack = (ORIGIN (RAM) + LENGTH (RAM))
                0x00000200                        _Min_Heap_Size = 0x200
                0x00000400                        _Min_Stack_Size = 0x400

.isr_vector     0x08000000      0x1e4
                0x08000000                        . = ALIGN (0x4)
 *(.isr_vector)
 .isr_vector    0x08000000      0x1e4 ./Core/Startup/startup_stm32f103rctx.o
                0x08000000                g_pfnVectors
                0x080001e4                        . = ALIGN (0x4)

.text           0x080001e4     0x5d10
                0x080001e4                        . = ALIGN (0x4)
 *(.text)
 .text          0x080001e4       0x40 /Applications/STM32CubeIDE.app/Contents/Eclipse/plugins/com.st.stm32cube.ide.mcu.externaltools.gnu-tools-for-stm32.12.3.rel1.macos64_1.0.200.202406191456/tools/bin/../lib/gcc/arm-none-eabi/12.3.1/thumb/v7-m/nofp/crtbegin.o
 *(.text*)
 .text.MX_ADC1_Init
                0x08000224       0x7c ./Core/Src/adc.o
                0x08000224                MX_ADC1_Init
 .text.HAL_ADC_MspInit
                0x080002a0      0x100 ./Core/Src/adc.o
                0x080002a0                HAL_ADC_MspInit
 .text.initDisplay
                0x080003a0       0x18 ./Core/Src/display.o
                0x080003a0                initDisplay
 .text.displayScan
                0x080003b8      0x100 ./Core/Src/display.o
                0x080003b8                displayScan
 .text.displayLed7Seg
                0x080004b8       0x58 ./Core/Src/display.o
                0x080004b8                displayLed7Seg
 .text.mirrorByte
                0x08000510       0x66 ./Core/Src/display.o
                0x08000510                mirrorByte
 *fill*         0x08000576        0x2 
 .text.displayLeds
                0x08000578       0x28 ./Core/Src/display.o
                0x08000578                displayLeds
 .text.MX_DMA_Init
                0x080005a0       0x3c ./Core/Src/dma.o
                0x080005a0                MX_DMA_Init
 .text.MX_GPIO_Init
                0x080005dc      0x158 ./Core/Src/gpio.o
                0x080005dc                MX_GPIO_Init
 .text.SensorCalib
                0x08000734       0x1c ./Core/Src/line_sensor.o
                0x08000734                SensorCalib
 .text.SensorScan
                0x08000750      0x214 ./Core/Src/line_sensor.o
                0x08000750                SensorScan
 .text.SensorGetLine
                0x08000964       0x14 ./Core/Src/line_sensor.o
                0x08000964                SensorGetLine
 .text.main     0x08000978       0x8c ./Core/Src/main.o
                0x08000978                main
 .text.SystemClock_Config
                0x08000a04       0xba ./Core/Src/main.o
                0x08000a04                SystemClock_Config
 .text.initSystem
                0x08000abe       0x32 ./Core/Src/main.o
                0x08000abe                initSystem
 .text.Error_Handler
                0x08000af0        0xc ./Core/Src/main.o
                0x08000af0                Error_Handler
 .text.initMotor
                0x08000afc       0x2c ./Core/Src/motor.o
                0x08000afc                initMotor
 .text.setSpeed
                0x08000b28       0x78 ./Core/Src/motor.o
                0x08000b28                setSpeed
 .text.motor1Rotates
                0x08000ba0       0x54 ./Core/Src/motor.o
                0x08000ba0                motor1Rotates
 .text.motor2Rotates
                0x08000bf4       0x54 ./Core/Src/motor.o
                0x08000bf4                motor2Rotates
 .text.motor3Rotates
                0x08000c48       0x50 ./Core/Src/motor.o
                0x08000c48                motor3Rotates
 .text.motor4Rotates
                0x08000c98       0x50 ./Core/Src/motor.o
                0x08000c98                motor4Rotates
 .text.motorStop
                0x08000ce8       0x20 ./Core/Src/motor.o
                0x08000ce8                motorStop
 .text.moveForward
                0x08000d08       0x28 ./Core/Src/motor.o
                0x08000d08                moveForward
 .text.moveBackward
                0x08000d30       0x38 ./Core/Src/motor.o
                0x08000d30                moveBackward
 .text.moveLeft
                0x08000d68       0x30 ./Core/Src/motor.o
                0x08000d68                moveLeft
 .text.moveRight
                0x08000d98       0x30 ./Core/Src/motor.o
                0x08000d98                moveRight
 .text.moveFrontLeft
                0x08000dc8       0x28 ./Core/Src/motor.o
                0x08000dc8                moveFrontLeft
 .text.moveFrontRight
                0x08000df0       0x28 ./Core/Src/motor.o
                0x08000df0                moveFrontRight
 .text.moveBackLeft
                0x08000e18       0x30 ./Core/Src/motor.o
                0x08000e18                moveBackLeft
 .text.moveBackRight
                0x08000e48       0x30 ./Core/Src/motor.o
                0x08000e48                moveBackRight
 .text.rotateLeft
                0x08000e78       0x30 ./Core/Src/motor.o
                0x08000e78                rotateLeft
 .text.rotateRight
                0x08000ea8       0x30 ./Core/Src/motor.o
                0x08000ea8                rotateRight
 .text.moveDirection
                0x08000ed8       0xa4 ./Core/Src/motor.o
                0x08000ed8                moveDirection
 .text.initServo
                0x08000f7c       0x2c ./Core/Src/servo.o
                0x08000f7c                initServo
 .text.servoSetAngle
                0x08000fa8       0x98 ./Core/Src/servo.o
                0x08000fa8                servoSetAngle
 .text.initTimer2
                0x08001040       0x14 ./Core/Src/software_timer.o
                0x08001040                initTimer2
 .text.sTimer2Set
                0x08001054       0x38 ./Core/Src/software_timer.o
                0x08001054                sTimer2Set
 .text.sTimer2GetFlag
                0x0800108c       0x34 ./Core/Src/software_timer.o
                0x0800108c                sTimer2GetFlag
 .text.HAL_TIM_PeriodElapsedCallback
                0x080010c0       0x48 ./Core/Src/software_timer.o
                0x080010c0                HAL_TIM_PeriodElapsedCallback
 .text.MX_SPI1_Init
                0x08001108       0x6c ./Core/Src/spi.o
                0x08001108                MX_SPI1_Init
 .text.HAL_SPI_MspInit
                0x08001174       0x94 ./Core/Src/spi.o
                0x08001174                HAL_SPI_MspInit
 .text.HAL_TIM_PWM_PulseFinishedCallback
                0x08001208       0x40 ./Core/Src/step_motor.o
                0x08001208                HAL_TIM_PWM_PulseFinishedCallback
 .text.HAL_MspInit
                0x08001248       0x64 ./Core/Src/stm32f1xx_hal_msp.o
                0x08001248                HAL_MspInit
 .text.NMI_Handler
                0x080012ac        0x8 ./Core/Src/stm32f1xx_it.o
                0x080012ac                NMI_Handler
 .text.HardFault_Handler
                0x080012b4        0x8 ./Core/Src/stm32f1xx_it.o
                0x080012b4                HardFault_Handler
 .text.MemManage_Handler
                0x080012bc        0x8 ./Core/Src/stm32f1xx_it.o
                0x080012bc                MemManage_Handler
 .text.BusFault_Handler
                0x080012c4        0x8 ./Core/Src/stm32f1xx_it.o
                0x080012c4                BusFault_Handler
 .text.UsageFault_Handler
                0x080012cc        0x8 ./Core/Src/stm32f1xx_it.o
                0x080012cc                UsageFault_Handler
 .text.SVC_Handler
                0x080012d4        0xc ./Core/Src/stm32f1xx_it.o
                0x080012d4                SVC_Handler
 .text.DebugMon_Handler
                0x080012e0        0xc ./Core/Src/stm32f1xx_it.o
                0x080012e0                DebugMon_Handler
 .text.PendSV_Handler
                0x080012ec        0xc ./Core/Src/stm32f1xx_it.o
                0x080012ec                PendSV_Handler
 .text.SysTick_Handler
                0x080012f8        0xc ./Core/Src/stm32f1xx_it.o
                0x080012f8                SysTick_Handler
 .text.DMA1_Channel1_IRQHandler
                0x08001304       0x14 ./Core/Src/stm32f1xx_it.o
                0x08001304                DMA1_Channel1_IRQHandler
 .text.TIM2_IRQHandler
                0x08001318       0x14 ./Core/Src/stm32f1xx_it.o
                0x08001318                TIM2_IRQHandler
 .text.TIM3_IRQHandler
                0x0800132c       0x14 ./Core/Src/stm32f1xx_it.o
                0x0800132c                TIM3_IRQHandler
 .text.TIM4_IRQHandler
                0x08001340       0x14 ./Core/Src/stm32f1xx_it.o
                0x08001340                TIM4_IRQHandler
 .text.USART1_IRQHandler
                0x08001354       0x14 ./Core/Src/stm32f1xx_it.o
                0x08001354                USART1_IRQHandler
 .text.USART2_IRQHandler
                0x08001368       0x14 ./Core/Src/stm32f1xx_it.o
                0x08001368                USART2_IRQHandler
 .text.TIM5_IRQHandler
                0x0800137c       0x14 ./Core/Src/stm32f1xx_it.o
                0x0800137c                TIM5_IRQHandler
 .text.SystemInit
                0x08001390        0xc ./Core/Src/system_stm32f1xx.o
                0x08001390                SystemInit
 .text.MX_TIM2_Init
                0x0800139c       0x98 ./Core/Src/tim.o
                0x0800139c                MX_TIM2_Init
 .text.MX_TIM3_Init
                0x08001434       0xb4 ./Core/Src/tim.o
                0x08001434                MX_TIM3_Init
 .text.MX_TIM4_Init
                0x080014e8      0x11c ./Core/Src/tim.o
                0x080014e8                MX_TIM4_Init
 .text.MX_TIM5_Init
                0x08001604       0xec ./Core/Src/tim.o
                0x08001604                MX_TIM5_Init
 .text.MX_TIM8_Init
                0x080016f0      0x150 ./Core/Src/tim.o
                0x080016f0                MX_TIM8_Init
 .text.HAL_TIM_Base_MspInit
                0x08001840       0xb8 ./Core/Src/tim.o
                0x08001840                HAL_TIM_Base_MspInit
 .text.HAL_TIM_PWM_MspInit
                0x080018f8       0x74 ./Core/Src/tim.o
                0x080018f8                HAL_TIM_PWM_MspInit
 .text.HAL_TIM_MspPostInit
                0x0800196c      0x158 ./Core/Src/tim.o
                0x0800196c                HAL_TIM_MspPostInit
 .text.MX_USART1_UART_Init
                0x08001ac4       0x54 ./Core/Src/usart.o
                0x08001ac4                MX_USART1_UART_Init
 .text.MX_USART2_UART_Init
                0x08001b18       0x54 ./Core/Src/usart.o
                0x08001b18                MX_USART2_UART_Init
 .text.HAL_UART_MspInit
                0x08001b6c      0x128 ./Core/Src/usart.o
                0x08001b6c                HAL_UART_MspInit
 .text.Reset_Handler
                0x08001c94       0x48 ./Core/Startup/startup_stm32f103rctx.o
                0x08001c94                Reset_Handler
 .text.Default_Handler
                0x08001cdc        0x2 ./Core/Startup/startup_stm32f103rctx.o
                0x08001cdc                DMA2_Channel3_IRQHandler
                0x08001cdc                EXTI2_IRQHandler
                0x08001cdc                TIM8_TRG_COM_IRQHandler
                0x08001cdc                TIM8_CC_IRQHandler
                0x08001cdc                TIM1_CC_IRQHandler
                0x08001cdc                TIM6_IRQHandler
                0x08001cdc                PVD_IRQHandler
                0x08001cdc                SDIO_IRQHandler
                0x08001cdc                EXTI3_IRQHandler
                0x08001cdc                EXTI0_IRQHandler
                0x08001cdc                I2C2_EV_IRQHandler
                0x08001cdc                ADC1_2_IRQHandler
                0x08001cdc                SPI1_IRQHandler
                0x08001cdc                TAMPER_IRQHandler
                0x08001cdc                TIM8_UP_IRQHandler
                0x08001cdc                DMA2_Channel2_IRQHandler
                0x08001cdc                DMA1_Channel4_IRQHandler
                0x08001cdc                USART3_IRQHandler
                0x08001cdc                RTC_IRQHandler
                0x08001cdc                DMA1_Channel7_IRQHandler
                0x08001cdc                CAN1_RX1_IRQHandler
                0x08001cdc                UART5_IRQHandler
                0x08001cdc                ADC3_IRQHandler
                0x08001cdc                DMA2_Channel1_IRQHandler
                0x08001cdc                I2C1_EV_IRQHandler
                0x08001cdc                DMA1_Channel6_IRQHandler
                0x08001cdc                UART4_IRQHandler
                0x08001cdc                RCC_IRQHandler
                0x08001cdc                TIM1_TRG_COM_IRQHandler
                0x08001cdc                Default_Handler
                0x08001cdc                EXTI15_10_IRQHandler
                0x08001cdc                TIM7_IRQHandler
                0x08001cdc                EXTI9_5_IRQHandler
                0x08001cdc                SPI2_IRQHandler
                0x08001cdc                DMA1_Channel5_IRQHandler
                0x08001cdc                EXTI4_IRQHandler
                0x08001cdc                USB_LP_CAN1_RX0_IRQHandler
                0x08001cdc                USB_HP_CAN1_TX_IRQHandler
                0x08001cdc                DMA1_Channel3_IRQHandler
                0x08001cdc                FSMC_IRQHandler
                0x08001cdc                TIM1_UP_IRQHandler
                0x08001cdc                WWDG_IRQHandler
                0x08001cdc                TIM1_BRK_IRQHandler
                0x08001cdc                EXTI1_IRQHandler
                0x08001cdc                DMA2_Channel4_5_IRQHandler
                0x08001cdc                I2C2_ER_IRQHandler
                0x08001cdc                DMA1_Channel2_IRQHandler
                0x08001cdc                TIM8_BRK_IRQHandler
                0x08001cdc                CAN1_SCE_IRQHandler
                0x08001cdc                FLASH_IRQHandler
                0x08001cdc                SPI3_IRQHandler
                0x08001cdc                I2C1_ER_IRQHandler
                0x08001cdc                USBWakeUp_IRQHandler
                0x08001cdc                RTC_Alarm_IRQHandler
 *fill*         0x08001cde        0x2 
 .text.HAL_Init
                0x08001ce0       0x2c ./Drivers/STM32F1xx_HAL_Driver/Src/stm32f1xx_hal.o
                0x08001ce0                HAL_Init
 .text.HAL_InitTick
                0x08001d0c       0x60 ./Drivers/STM32F1xx_HAL_Driver/Src/stm32f1xx_hal.o
                0x08001d0c                HAL_InitTick
 .text.HAL_IncTick
                0x08001d6c       0x24 ./Drivers/STM32F1xx_HAL_Driver/Src/stm32f1xx_hal.o
                0x08001d6c                HAL_IncTick
 .text.HAL_GetTick
                0x08001d90       0x14 ./Drivers/STM32F1xx_HAL_Driver/Src/stm32f1xx_hal.o
                0x08001d90                HAL_GetTick
 .text.HAL_ADC_Init
                0x08001da4      0x1d4 ./Drivers/STM32F1xx_HAL_Driver/Src/stm32f1xx_hal_adc.o
                0x08001da4                HAL_ADC_Init
 .text.HAL_ADC_Start_DMA
                0x08001f78      0x1bc ./Drivers/STM32F1xx_HAL_Driver/Src/stm32f1xx_hal_adc.o
                0x08001f78                HAL_ADC_Start_DMA
 .text.HAL_ADC_ConvCpltCallback
                0x08002134       0x12 ./Drivers/STM32F1xx_HAL_Driver/Src/stm32f1xx_hal_adc.o
                0x08002134                HAL_ADC_ConvCpltCallback
 .text.HAL_ADC_ConvHalfCpltCallback
                0x08002146       0x12 ./Drivers/STM32F1xx_HAL_Driver/Src/stm32f1xx_hal_adc.o
                0x08002146                HAL_ADC_ConvHalfCpltCallback
 .text.HAL_ADC_ErrorCallback
                0x08002158       0x12 ./Drivers/STM32F1xx_HAL_Driver/Src/stm32f1xx_hal_adc.o
                0x08002158                HAL_ADC_ErrorCallback
 *fill*         0x0800216a        0x2 
 .text.HAL_ADC_ConfigChannel
                0x0800216c      0x1f0 ./Drivers/STM32F1xx_HAL_Driver/Src/stm32f1xx_hal_adc.o
                0x0800216c                HAL_ADC_ConfigChannel
 .text.ADC_Enable
                0x0800235c       0xb4 ./Drivers/STM32F1xx_HAL_Driver/Src/stm32f1xx_hal_adc.o
                0x0800235c                ADC_Enable
 .text.ADC_ConversionStop_Disable
                0x08002410       0x82 ./Drivers/STM32F1xx_HAL_Driver/Src/stm32f1xx_hal_adc.o
                0x08002410                ADC_ConversionStop_Disable
 .text.ADC_DMAConvCplt
                0x08002492       0x7c ./Drivers/STM32F1xx_HAL_Driver/Src/stm32f1xx_hal_adc.o
                0x08002492                ADC_DMAConvCplt
 .text.ADC_DMAHalfConvCplt
                0x0800250e       0x1c ./Drivers/STM32F1xx_HAL_Driver/Src/stm32f1xx_hal_adc.o
                0x0800250e                ADC_DMAHalfConvCplt
 .text.ADC_DMAError
                0x0800252a       0x34 ./Drivers/STM32F1xx_HAL_Driver/Src/stm32f1xx_hal_adc.o
                0x0800252a                ADC_DMAError
 *fill*         0x0800255e        0x2 
 .text.__NVIC_SetPriorityGrouping
                0x08002560       0x48 ./Drivers/STM32F1xx_HAL_Driver/Src/stm32f1xx_hal_cortex.o
 .text.__NVIC_GetPriorityGrouping
                0x080025a8       0x1c ./Drivers/STM32F1xx_HAL_Driver/Src/stm32f1xx_hal_cortex.o
 .text.__NVIC_EnableIRQ
                0x080025c4       0x38 ./Drivers/STM32F1xx_HAL_Driver/Src/stm32f1xx_hal_cortex.o
 .text.__NVIC_SetPriority
                0x080025fc       0x54 ./Drivers/STM32F1xx_HAL_Driver/Src/stm32f1xx_hal_cortex.o
 .text.NVIC_EncodePriority
                0x08002650       0x64 ./Drivers/STM32F1xx_HAL_Driver/Src/stm32f1xx_hal_cortex.o
 .text.SysTick_Config
                0x080026b4       0x44 ./Drivers/STM32F1xx_HAL_Driver/Src/stm32f1xx_hal_cortex.o
 .text.HAL_NVIC_SetPriorityGrouping
                0x080026f8       0x16 ./Drivers/STM32F1xx_HAL_Driver/Src/stm32f1xx_hal_cortex.o
                0x080026f8                HAL_NVIC_SetPriorityGrouping
 .text.HAL_NVIC_SetPriority
                0x0800270e       0x38 ./Drivers/STM32F1xx_HAL_Driver/Src/stm32f1xx_hal_cortex.o
                0x0800270e                HAL_NVIC_SetPriority
 .text.HAL_NVIC_EnableIRQ
                0x08002746       0x1c ./Drivers/STM32F1xx_HAL_Driver/Src/stm32f1xx_hal_cortex.o
                0x08002746                HAL_NVIC_EnableIRQ
 .text.HAL_SYSTICK_Config
                0x08002762       0x18 ./Drivers/STM32F1xx_HAL_Driver/Src/stm32f1xx_hal_cortex.o
                0x08002762                HAL_SYSTICK_Config
 *fill*         0x0800277a        0x2 
 .text.HAL_DMA_Init
                0x0800277c       0xec ./Drivers/STM32F1xx_HAL_Driver/Src/stm32f1xx_hal_dma.o
                0x0800277c                HAL_DMA_Init
 .text.HAL_DMA_Start_IT
                0x08002868       0xc0 ./Drivers/STM32F1xx_HAL_Driver/Src/stm32f1xx_hal_dma.o
                0x08002868                HAL_DMA_Start_IT
 .text.HAL_DMA_Abort
                0x08002928       0x76 ./Drivers/STM32F1xx_HAL_Driver/Src/stm32f1xx_hal_dma.o
                0x08002928                HAL_DMA_Abort
 *fill*         0x0800299e        0x2 
 .text.HAL_DMA_Abort_IT
                0x080029a0      0x210 ./Drivers/STM32F1xx_HAL_Driver/Src/stm32f1xx_hal_dma.o
                0x080029a0                HAL_DMA_Abort_IT
 .text.HAL_DMA_IRQHandler
                0x08002bb0      0x478 ./Drivers/STM32F1xx_HAL_Driver/Src/stm32f1xx_hal_dma.o
                0x08002bb0                HAL_DMA_IRQHandler
 .text.DMA_SetConfig
                0x08003028       0x5a ./Drivers/STM32F1xx_HAL_Driver/Src/stm32f1xx_hal_dma.o
 *fill*         0x08003082        0x2 
 .text.HAL_GPIO_Init
                0x08003084      0x328 ./Drivers/STM32F1xx_HAL_Driver/Src/stm32f1xx_hal_gpio.o
                0x08003084                HAL_GPIO_Init
 .text.HAL_GPIO_WritePin
                0x080033ac       0x30 ./Drivers/STM32F1xx_HAL_Driver/Src/stm32f1xx_hal_gpio.o
                0x080033ac                HAL_GPIO_WritePin
 .text.HAL_GPIO_TogglePin
                0x080033dc       0x32 ./Drivers/STM32F1xx_HAL_Driver/Src/stm32f1xx_hal_gpio.o
                0x080033dc                HAL_GPIO_TogglePin
 *fill*         0x0800340e        0x2 
 .text.HAL_RCC_OscConfig
                0x08003410      0x504 ./Drivers/STM32F1xx_HAL_Driver/Src/stm32f1xx_hal_rcc.o
                0x08003410                HAL_RCC_OscConfig
 .text.HAL_RCC_ClockConfig
                0x08003914      0x1d4 ./Drivers/STM32F1xx_HAL_Driver/Src/stm32f1xx_hal_rcc.o
                0x08003914                HAL_RCC_ClockConfig
 .text.HAL_RCC_GetSysClockFreq
                0x08003ae8       0xa8 ./Drivers/STM32F1xx_HAL_Driver/Src/stm32f1xx_hal_rcc.o
                0x08003ae8                HAL_RCC_GetSysClockFreq
 .text.HAL_RCC_GetHCLKFreq
                0x08003b90       0x14 ./Drivers/STM32F1xx_HAL_Driver/Src/stm32f1xx_hal_rcc.o
                0x08003b90                HAL_RCC_GetHCLKFreq
 .text.HAL_RCC_GetPCLK1Freq
                0x08003ba4       0x28 ./Drivers/STM32F1xx_HAL_Driver/Src/stm32f1xx_hal_rcc.o
                0x08003ba4                HAL_RCC_GetPCLK1Freq
 .text.HAL_RCC_GetPCLK2Freq
                0x08003bcc       0x28 ./Drivers/STM32F1xx_HAL_Driver/Src/stm32f1xx_hal_rcc.o
                0x08003bcc                HAL_RCC_GetPCLK2Freq
 .text.RCC_Delay
                0x08003bf4       0x3c ./Drivers/STM32F1xx_HAL_Driver/Src/stm32f1xx_hal_rcc.o
 .text.HAL_RCCEx_PeriphCLKConfig
                0x08003c30      0x16c ./Drivers/STM32F1xx_HAL_Driver/Src/stm32f1xx_hal_rcc_ex.o
                0x08003c30                HAL_RCCEx_PeriphCLKConfig
 .text.HAL_SPI_Init
                0x08003d9c      0x108 ./Drivers/STM32F1xx_HAL_Driver/Src/stm32f1xx_hal_spi.o
                0x08003d9c                HAL_SPI_Init
 .text.HAL_SPI_Transmit
                0x08003ea4      0x286 ./Drivers/STM32F1xx_HAL_Driver/Src/stm32f1xx_hal_spi.o
                0x08003ea4                HAL_SPI_Transmit
 *fill*         0x0800412a        0x2 
 .text.SPI_WaitFlagStateUntilTimeout
                0x0800412c      0x110 ./Drivers/STM32F1xx_HAL_Driver/Src/stm32f1xx_hal_spi.o
 .text.SPI_EndRxTxTransaction
                0x0800423c       0x3c ./Drivers/STM32F1xx_HAL_Driver/Src/stm32f1xx_hal_spi.o
 .text.HAL_TIM_Base_Init
                0x08004278       0x9e ./Drivers/STM32F1xx_HAL_Driver/Src/stm32f1xx_hal_tim.o
                0x08004278                HAL_TIM_Base_Init
 *fill*         0x08004316        0x2 
 .text.HAL_TIM_Base_Start_IT
                0x08004318       0xc0 ./Drivers/STM32F1xx_HAL_Driver/Src/stm32f1xx_hal_tim.o
                0x08004318                HAL_TIM_Base_Start_IT
 .text.HAL_TIM_PWM_Init
                0x080043d8       0x9e ./Drivers/STM32F1xx_HAL_Driver/Src/stm32f1xx_hal_tim.o
                0x080043d8                HAL_TIM_PWM_Init
 *fill*         0x08004476        0x2 
 .text.HAL_TIM_PWM_Start
                0x08004478      0x174 ./Drivers/STM32F1xx_HAL_Driver/Src/stm32f1xx_hal_tim.o
                0x08004478                HAL_TIM_PWM_Start
 .text.HAL_TIM_PWM_Stop_IT
                0x080045ec      0x17c ./Drivers/STM32F1xx_HAL_Driver/Src/stm32f1xx_hal_tim.o
                0x080045ec                HAL_TIM_PWM_Stop_IT
 .text.HAL_TIM_IRQHandler
                0x08004768      0x210 ./Drivers/STM32F1xx_HAL_Driver/Src/stm32f1xx_hal_tim.o
                0x08004768                HAL_TIM_IRQHandler
 .text.HAL_TIM_PWM_ConfigChannel
                0x08004978      0x184 ./Drivers/STM32F1xx_HAL_Driver/Src/stm32f1xx_hal_tim.o
                0x08004978                HAL_TIM_PWM_ConfigChannel
 .text.HAL_TIM_ConfigClockSource
                0x08004afc      0x18e ./Drivers/STM32F1xx_HAL_Driver/Src/stm32f1xx_hal_tim.o
                0x08004afc                HAL_TIM_ConfigClockSource
 .text.HAL_TIM_OC_DelayElapsedCallback
                0x08004c8a       0x12 ./Drivers/STM32F1xx_HAL_Driver/Src/stm32f1xx_hal_tim.o
                0x08004c8a                HAL_TIM_OC_DelayElapsedCallback
 .text.HAL_TIM_IC_CaptureCallback
                0x08004c9c       0x12 ./Drivers/STM32F1xx_HAL_Driver/Src/stm32f1xx_hal_tim.o
                0x08004c9c                HAL_TIM_IC_CaptureCallback
 .text.HAL_TIM_TriggerCallback
                0x08004cae       0x12 ./Drivers/STM32F1xx_HAL_Driver/Src/stm32f1xx_hal_tim.o
                0x08004cae                HAL_TIM_TriggerCallback
 .text.TIM_Base_SetConfig
                0x08004cc0       0xf4 ./Drivers/STM32F1xx_HAL_Driver/Src/stm32f1xx_hal_tim.o
                0x08004cc0                TIM_Base_SetConfig
 .text.TIM_OC1_SetConfig
                0x08004db4       0xe0 ./Drivers/STM32F1xx_HAL_Driver/Src/stm32f1xx_hal_tim.o
 .text.TIM_OC2_SetConfig
                0x08004e94       0xe8 ./Drivers/STM32F1xx_HAL_Driver/Src/stm32f1xx_hal_tim.o
                0x08004e94                TIM_OC2_SetConfig
 .text.TIM_OC3_SetConfig
                0x08004f7c       0xe8 ./Drivers/STM32F1xx_HAL_Driver/Src/stm32f1xx_hal_tim.o
 .text.TIM_OC4_SetConfig
                0x08005064       0xa8 ./Drivers/STM32F1xx_HAL_Driver/Src/stm32f1xx_hal_tim.o
 .text.TIM_TI1_ConfigInputStage
                0x0800510c       0x5c ./Drivers/STM32F1xx_HAL_Driver/Src/stm32f1xx_hal_tim.o
 .text.TIM_TI2_ConfigInputStage
                0x08005168       0x5e ./Drivers/STM32F1xx_HAL_Driver/Src/stm32f1xx_hal_tim.o
 .text.TIM_ITRx_SetConfig
                0x080051c6       0x34 ./Drivers/STM32F1xx_HAL_Driver/Src/stm32f1xx_hal_tim.o
 .text.TIM_ETR_SetConfig
                0x080051fa       0x3e ./Drivers/STM32F1xx_HAL_Driver/Src/stm32f1xx_hal_tim.o
                0x080051fa                TIM_ETR_SetConfig
 .text.TIM_CCxChannelCmd
                0x08005238       0x48 ./Drivers/STM32F1xx_HAL_Driver/Src/stm32f1xx_hal_tim.o
                0x08005238                TIM_CCxChannelCmd
 .text.HAL_TIMEx_MasterConfigSynchronization
                0x08005280       0xd8 ./Drivers/STM32F1xx_HAL_Driver/Src/stm32f1xx_hal_tim_ex.o
                0x08005280                HAL_TIMEx_MasterConfigSynchronization
 .text.HAL_TIMEx_ConfigBreakDeadTime
                0x08005358       0xa2 ./Drivers/STM32F1xx_HAL_Driver/Src/stm32f1xx_hal_tim_ex.o
                0x08005358                HAL_TIMEx_ConfigBreakDeadTime
 .text.HAL_TIMEx_CommutCallback
                0x080053fa       0x12 ./Drivers/STM32F1xx_HAL_Driver/Src/stm32f1xx_hal_tim_ex.o
                0x080053fa                HAL_TIMEx_CommutCallback
 .text.HAL_TIMEx_BreakCallback
                0x0800540c       0x12 ./Drivers/STM32F1xx_HAL_Driver/Src/stm32f1xx_hal_tim_ex.o
                0x0800540c                HAL_TIMEx_BreakCallback
 .text.HAL_UART_Init
                0x0800541e       0xa0 ./Drivers/STM32F1xx_HAL_Driver/Src/stm32f1xx_hal_uart.o
                0x0800541e                HAL_UART_Init
 *fill*         0x080054be        0x2 
 .text.HAL_UART_IRQHandler
                0x080054c0      0x524 ./Drivers/STM32F1xx_HAL_Driver/Src/stm32f1xx_hal_uart.o
                0x080054c0                HAL_UART_IRQHandler
 .text.HAL_UART_TxCpltCallback
                0x080059e4       0x12 ./Drivers/STM32F1xx_HAL_Driver/Src/stm32f1xx_hal_uart.o
                0x080059e4                HAL_UART_TxCpltCallback
 .text.HAL_UART_RxCpltCallback
                0x080059f6       0x12 ./Drivers/STM32F1xx_HAL_Driver/Src/stm32f1xx_hal_uart.o
                0x080059f6                HAL_UART_RxCpltCallback
 .text.HAL_UART_ErrorCallback
                0x08005a08       0x12 ./Drivers/STM32F1xx_HAL_Driver/Src/stm32f1xx_hal_uart.o
                0x08005a08                HAL_UART_ErrorCallback
 .text.HAL_UARTEx_RxEventCallback
                0x08005a1a       0x16 ./Drivers/STM32F1xx_HAL_Driver/Src/stm32f1xx_hal_uart.o
                0x08005a1a                HAL_UARTEx_RxEventCallback
 .text.UART_EndRxTransfer
                0x08005a30       0xc4 ./Drivers/STM32F1xx_HAL_Driver/Src/stm32f1xx_hal_uart.o
 .text.UART_DMAAbortOnError
                0x08005af4       0x28 ./Drivers/STM32F1xx_HAL_Driver/Src/stm32f1xx_hal_uart.o
 .text.UART_Transmit_IT
                0x08005b1c       0x9e ./Drivers/STM32F1xx_HAL_Driver/Src/stm32f1xx_hal_uart.o
 .text.UART_EndTransmit_IT
                0x08005bba       0x30 ./Drivers/STM32F1xx_HAL_Driver/Src/stm32f1xx_hal_uart.o
 .text.UART_Receive_IT
                0x08005bea      0x17c ./Drivers/STM32F1xx_HAL_Driver/Src/stm32f1xx_hal_uart.o
 *fill*         0x08005d66        0x2 
 .text.UART_SetConfig
                0x08005d68      0x11c ./Drivers/STM32F1xx_HAL_Driver/Src/stm32f1xx_hal_uart.o
 .text.memset   0x08005e84       0x10 /Applications/STM32CubeIDE.app/Contents/Eclipse/plugins/com.st.stm32cube.ide.mcu.externaltools.gnu-tools-for-stm32.12.3.rel1.macos64_1.0.200.202406191456/tools/bin/../lib/gcc/arm-none-eabi/12.3.1/../../../../arm-none-eabi/lib/thumb/v7-m/nofp/libc_nano.a(libc_a-memset.o)
                0x08005e84                memset
 .text.__libc_init_array
                0x08005e94       0x48 /Applications/STM32CubeIDE.app/Contents/Eclipse/plugins/com.st.stm32cube.ide.mcu.externaltools.gnu-tools-for-stm32.12.3.rel1.macos64_1.0.200.202406191456/tools/bin/../lib/gcc/arm-none-eabi/12.3.1/../../../../arm-none-eabi/lib/thumb/v7-m/nofp/libc_nano.a(libc_a-init.o)
                0x08005e94                __libc_init_array
 *(.glue_7)
 .glue_7        0x08005edc        0x0 linker stubs
 *(.glue_7t)
 .glue_7t       0x08005edc        0x0 linker stubs
 *(.eh_frame)
 .eh_frame      0x08005edc        0x0 /Applications/STM32CubeIDE.app/Contents/Eclipse/plugins/com.st.stm32cube.ide.mcu.externaltools.gnu-tools-for-stm32.12.3.rel1.macos64_1.0.200.202406191456/tools/bin/../lib/gcc/arm-none-eabi/12.3.1/thumb/v7-m/nofp/crtbegin.o
 *(.init)
 .init          0x08005edc        0x4 /Applications/STM32CubeIDE.app/Contents/Eclipse/plugins/com.st.stm32cube.ide.mcu.externaltools.gnu-tools-for-stm32.12.3.rel1.macos64_1.0.200.202406191456/tools/bin/../lib/gcc/arm-none-eabi/12.3.1/thumb/v7-m/nofp/crti.o
                0x08005edc                _init
 .init          0x08005ee0        0x8 /Applications/STM32CubeIDE.app/Contents/Eclipse/plugins/com.st.stm32cube.ide.mcu.externaltools.gnu-tools-for-stm32.12.3.rel1.macos64_1.0.200.202406191456/tools/bin/../lib/gcc/arm-none-eabi/12.3.1/thumb/v7-m/nofp/crtn.o
 *(.fini)
 .fini          0x08005ee8        0x4 /Applications/STM32CubeIDE.app/Contents/Eclipse/plugins/com.st.stm32cube.ide.mcu.externaltools.gnu-tools-for-stm32.12.3.rel1.macos64_1.0.200.202406191456/tools/bin/../lib/gcc/arm-none-eabi/12.3.1/thumb/v7-m/nofp/crti.o
                0x08005ee8                _fini
 .fini          0x08005eec        0x8 /Applications/STM32CubeIDE.app/Contents/Eclipse/plugins/com.st.stm32cube.ide.mcu.externaltools.gnu-tools-for-stm32.12.3.rel1.macos64_1.0.200.202406191456/tools/bin/../lib/gcc/arm-none-eabi/12.3.1/thumb/v7-m/nofp/crtn.o
                0x08005ef4                        . = ALIGN (0x4)
                0x08005ef4                        _etext = .

.vfp11_veneer   0x08005ef4        0x0
 .vfp11_veneer  0x08005ef4        0x0 linker stubs

.v4_bx          0x08005ef4        0x0
 .v4_bx         0x08005ef4        0x0 linker stubs

.iplt           0x08005ef4        0x0
 .iplt          0x08005ef4        0x0 /Applications/STM32CubeIDE.app/Contents/Eclipse/plugins/com.st.stm32cube.ide.mcu.externaltools.gnu-tools-for-stm32.12.3.rel1.macos64_1.0.200.202406191456/tools/bin/../lib/gcc/arm-none-eabi/12.3.1/thumb/v7-m/nofp/crtbegin.o

.rodata         0x08005ef4       0x48
                0x08005ef4                        . = ALIGN (0x4)
 *(.rodata)
 *(.rodata*)
 .rodata.motor_channel
                0x08005ef4       0x10 ./Core/Src/motor.o
                0x08005ef4                motor_channel
 .rodata.servo_channel
                0x08005f04        0xc ./Core/Src/servo.o
                0x08005f04                servo_channel
 .rodata.AHBPrescTable
                0x08005f10       0x10 ./Core/Src/system_stm32f1xx.o
                0x08005f10                AHBPrescTable
 .rodata.APBPrescTable
                0x08005f20        0x8 ./Core/Src/system_stm32f1xx.o
                0x08005f20                APBPrescTable
 .rodata.aPLLMULFactorTable.1
                0x08005f28       0x10 ./Drivers/STM32F1xx_HAL_Driver/Src/stm32f1xx_hal_rcc.o
 .rodata.aPredivFactorTable.0
                0x08005f38        0x2 ./Drivers/STM32F1xx_HAL_Driver/Src/stm32f1xx_hal_rcc.o
                0x08005f3c                        . = ALIGN (0x4)
 *fill*         0x08005f3a        0x2 

.ARM.extab      0x08005f3c        0x0
                0x08005f3c                        . = ALIGN (0x4)
 *(.ARM.extab* .gnu.linkonce.armextab.*)
                0x08005f3c                        . = ALIGN (0x4)

.ARM            0x08005f3c        0x0
                0x08005f3c                        . = ALIGN (0x4)
                0x08005f3c                        __exidx_start = .
 *(.ARM.exidx*)
                0x08005f3c                        __exidx_end = .
                0x08005f3c                        . = ALIGN (0x4)

.preinit_array  0x08005f3c        0x0
                0x08005f3c                        . = ALIGN (0x4)
                0x08005f3c                        PROVIDE (__preinit_array_start = .)
 *(.preinit_array*)
                0x08005f3c                        PROVIDE (__preinit_array_end = .)
                0x08005f3c                        . = ALIGN (0x4)

.init_array     0x08005f3c        0x4
                0x08005f3c                        . = ALIGN (0x4)
                0x08005f3c                        PROVIDE (__init_array_start = .)
 *(SORT_BY_NAME(.init_array.*))
 *(.init_array*)
 .init_array    0x08005f3c        0x4 /Applications/STM32CubeIDE.app/Contents/Eclipse/plugins/com.st.stm32cube.ide.mcu.externaltools.gnu-tools-for-stm32.12.3.rel1.macos64_1.0.200.202406191456/tools/bin/../lib/gcc/arm-none-eabi/12.3.1/thumb/v7-m/nofp/crtbegin.o
                0x08005f40                        PROVIDE (__init_array_end = .)
                0x08005f40                        . = ALIGN (0x4)

.fini_array     0x08005f40        0x4
                0x08005f40                        . = ALIGN (0x4)
                [!provide]                        PROVIDE (__fini_array_start = .)
 *(SORT_BY_NAME(.fini_array.*))
 *(.fini_array*)
 .fini_array    0x08005f40        0x4 /Applications/STM32CubeIDE.app/Contents/Eclipse/plugins/com.st.stm32cube.ide.mcu.externaltools.gnu-tools-for-stm32.12.3.rel1.macos64_1.0.200.202406191456/tools/bin/../lib/gcc/arm-none-eabi/12.3.1/thumb/v7-m/nofp/crtbegin.o
                [!provide]                        PROVIDE (__fini_array_end = .)
                0x08005f44                        . = ALIGN (0x4)
                0x08005f44                        _sidata = LOADADDR (.data)

.rel.dyn        0x08005f44        0x0
 .rel.iplt      0x08005f44        0x0 /Applications/STM32CubeIDE.app/Contents/Eclipse/plugins/com.st.stm32cube.ide.mcu.externaltools.gnu-tools-for-stm32.12.3.rel1.macos64_1.0.200.202406191456/tools/bin/../lib/gcc/arm-none-eabi/12.3.1/thumb/v7-m/nofp/crtbegin.o

.data           0x20000000       0x38 load address 0x08005f44
                0x20000000                        . = ALIGN (0x4)
                0x20000000                        _sdata = .
 *(.data)
 *(.data*)
 .data.display_7seg_map
                0x20000000        0xa ./Core/Src/display.o
                0x20000000                display_7seg_map
 .data.spi_buffer
                0x2000000a        0x1 ./Core/Src/display.o
                0x2000000a                spi_buffer
 *fill*         0x2000000b        0x1 
 .data.sensor_map
                0x2000000c       0x20 ./Core/Src/line_sensor.o
                0x2000000c                sensor_map
 .data.SystemCoreClock
                0x2000002c        0x4 ./Core/Src/system_stm32f1xx.o
                0x2000002c                SystemCoreClock
 .data.uwTickPrio
                0x20000030        0x4 ./Drivers/STM32F1xx_HAL_Driver/Src/stm32f1xx_hal.o
                0x20000030                uwTickPrio
 .data.uwTickFreq
                0x20000034        0x1 ./Drivers/STM32F1xx_HAL_Driver/Src/stm32f1xx_hal.o
                0x20000034                uwTickFreq
 *(.RamFunc)
 *(.RamFunc*)
                0x20000038                        . = ALIGN (0x4)
 *fill*         0x20000035        0x3 
                0x20000038                        _edata = .

.igot.plt       0x20000038        0x0 load address 0x08005f7c
 .igot.plt      0x20000038        0x0 /Applications/STM32CubeIDE.app/Contents/Eclipse/plugins/com.st.stm32cube.ide.mcu.externaltools.gnu-tools-for-stm32.12.3.rel1.macos64_1.0.200.202406191456/tools/bin/../lib/gcc/arm-none-eabi/12.3.1/thumb/v7-m/nofp/crtbegin.o
                0x20000038                        . = ALIGN (0x4)

.bss            0x20000038      0x318 load address 0x08005f7c
                0x20000038                        _sbss = .
                0x20000038                        __bss_start__ = _sbss
 *(.bss)
 .bss           0x20000038       0x1c /Applications/STM32CubeIDE.app/Contents/Eclipse/plugins/com.st.stm32cube.ide.mcu.externaltools.gnu-tools-for-stm32.12.3.rel1.macos64_1.0.200.202406191456/tools/bin/../lib/gcc/arm-none-eabi/12.3.1/thumb/v7-m/nofp/crtbegin.o
 *(.bss*)
 .bss.hadc1     0x20000054       0x30 ./Core/Src/adc.o
                0x20000054                hadc1
 .bss.hdma_adc1
                0x20000084       0x44 ./Core/Src/adc.o
                0x20000084                hdma_adc1
 .bss.display_buffer
                0x200000c8        0x3 ./Core/Src/display.o
                0x200000c8                display_buffer
 *fill*         0x200000cb        0x1 
 .bss.display_index
                0x200000cc        0x2 ./Core/Src/display.o
                0x200000cc                display_index
 *fill*         0x200000ce        0x2 
 .bss.sensor_buffer
                0x200000d0       0x10 ./Core/Src/line_sensor.o
                0x200000d0                sensor_buffer
 .bss.sensor_calib
                0x200000e0       0x10 ./Core/Src/line_sensor.o
                0x200000e0                sensor_calib
 .bss.line_status
                0x200000f0        0x1 ./Core/Src/line_sensor.o
                0x200000f0                line_status
 .bss.timer_2_flag
                0x200000f1        0x1 ./Core/Src/software_timer.o
                0x200000f1                timer_2_flag
 .bss.timer_2_counter
                0x200000f2        0x2 ./Core/Src/software_timer.o
                0x200000f2                timer_2_counter
 .bss.timer_2_mul
                0x200000f4        0x2 ./Core/Src/software_timer.o
                0x200000f4                timer_2_mul
 *fill*         0x200000f6        0x2 
 .bss.hspi1     0x200000f8       0x58 ./Core/Src/spi.o
                0x200000f8                hspi1
 .bss.spr_counter
                0x20000150        0x4 ./Core/Src/step_motor.o
                0x20000150                spr_counter
 .bss.htim2     0x20000154       0x48 ./Core/Src/tim.o
                0x20000154                htim2
 .bss.htim3     0x2000019c       0x48 ./Core/Src/tim.o
                0x2000019c                htim3
 .bss.htim4     0x200001e4       0x48 ./Core/Src/tim.o
                0x200001e4                htim4
 .bss.htim5     0x2000022c       0x48 ./Core/Src/tim.o
                0x2000022c                htim5
 .bss.htim8     0x20000274       0x48 ./Core/Src/tim.o
                0x20000274                htim8
 .bss.huart1    0x200002bc       0x48 ./Core/Src/usart.o
                0x200002bc                huart1
 .bss.huart2    0x20000304       0x48 ./Core/Src/usart.o
                0x20000304                huart2
 .bss.uwTick    0x2000034c        0x4 ./Drivers/STM32F1xx_HAL_Driver/Src/stm32f1xx_hal.o
                0x2000034c                uwTick
 *(COMMON)
                0x20000350                        . = ALIGN (0x4)
                0x20000350                        _ebss = .
                0x20000350                        __bss_end__ = _ebss

._user_heap_stack
                0x20000350      0x600 load address 0x08005f7c
                0x20000350                        . = ALIGN (0x8)
                [!provide]                        PROVIDE (end = .)
                0x20000350                        PROVIDE (_end = .)
                0x20000550                        . = (. + _Min_Heap_Size)
 *fill*         0x20000350      0x200 
                0x20000950                        . = (. + _Min_Stack_Size)
 *fill*         0x20000550      0x400 
                0x20000950                        . = ALIGN (0x8)

/DISCARD/
 libc.a(*)
 libm.a(*)
 libgcc.a(*)

.ARM.attributes
                0x00000000       0x29
 *(.ARM.attributes)
 .ARM.attributes
                0x00000000       0x1d /Applications/STM32CubeIDE.app/Contents/Eclipse/plugins/com.st.stm32cube.ide.mcu.externaltools.gnu-tools-for-stm32.12.3.rel1.macos64_1.0.200.202406191456/tools/bin/../lib/gcc/arm-none-eabi/12.3.1/thumb/v7-m/nofp/crti.o
 .ARM.attributes
                0x0000001d       0x2d /Applications/STM32CubeIDE.app/Contents/Eclipse/plugins/com.st.stm32cube.ide.mcu.externaltools.gnu-tools-for-stm32.12.3.rel1.macos64_1.0.200.202406191456/tools/bin/../lib/gcc/arm-none-eabi/12.3.1/thumb/v7-m/nofp/crtbegin.o
 .ARM.attributes
                0x0000004a       0x2d ./Core/Src/adc.o
 .ARM.attributes
                0x00000077       0x2d ./Core/Src/display.o
 .ARM.attributes
                0x000000a4       0x2d ./Core/Src/dma.o
 .ARM.attributes
                0x000000d1       0x2d ./Core/Src/gpio.o
 .ARM.attributes
                0x000000fe       0x2d ./Core/Src/line_sensor.o
 .ARM.attributes
                0x0000012b       0x2d ./Core/Src/main.o
 .ARM.attributes
                0x00000158       0x2d ./Core/Src/motor.o
 .ARM.attributes
                0x00000185       0x2d ./Core/Src/servo.o
 .ARM.attributes
                0x000001b2       0x2d ./Core/Src/software_timer.o
 .ARM.attributes
                0x000001df       0x2d ./Core/Src/spi.o
 .ARM.attributes
                0x0000020c       0x2d ./Core/Src/step_motor.o
 .ARM.attributes
                0x00000239       0x2d ./Core/Src/stm32f1xx_hal_msp.o
 .ARM.attributes
                0x00000266       0x2d ./Core/Src/stm32f1xx_it.o
 .ARM.attributes
                0x00000293       0x2d ./Core/Src/system_stm32f1xx.o
 .ARM.attributes
                0x000002c0       0x2d ./Core/Src/tim.o
 .ARM.attributes
                0x000002ed       0x2d ./Core/Src/usart.o
 .ARM.attributes
                0x0000031a       0x21 ./Core/Startup/startup_stm32f103rctx.o
 .ARM.attributes
                0x0000033b       0x2d ./Drivers/STM32F1xx_HAL_Driver/Src/stm32f1xx_hal.o
 .ARM.attributes
                0x00000368       0x2d ./Drivers/STM32F1xx_HAL_Driver/Src/stm32f1xx_hal_adc.o
 .ARM.attributes
                0x00000395       0x2d ./Drivers/STM32F1xx_HAL_Driver/Src/stm32f1xx_hal_cortex.o
 .ARM.attributes
                0x000003c2       0x2d ./Drivers/STM32F1xx_HAL_Driver/Src/stm32f1xx_hal_dma.o
 .ARM.attributes
                0x000003ef       0x2d ./Drivers/STM32F1xx_HAL_Driver/Src/stm32f1xx_hal_gpio.o
 .ARM.attributes
                0x0000041c       0x2d ./Drivers/STM32F1xx_HAL_Driver/Src/stm32f1xx_hal_rcc.o
 .ARM.attributes
                0x00000449       0x2d ./Drivers/STM32F1xx_HAL_Driver/Src/stm32f1xx_hal_rcc_ex.o
 .ARM.attributes
                0x00000476       0x2d ./Drivers/STM32F1xx_HAL_Driver/Src/stm32f1xx_hal_spi.o
 .ARM.attributes
                0x000004a3       0x2d ./Drivers/STM32F1xx_HAL_Driver/Src/stm32f1xx_hal_tim.o
 .ARM.attributes
                0x000004d0       0x2d ./Drivers/STM32F1xx_HAL_Driver/Src/stm32f1xx_hal_tim_ex.o
 .ARM.attributes
                0x000004fd       0x2d ./Drivers/STM32F1xx_HAL_Driver/Src/stm32f1xx_hal_uart.o
 .ARM.attributes
                0x0000052a       0x2d /Applications/STM32CubeIDE.app/Contents/Eclipse/plugins/com.st.stm32cube.ide.mcu.externaltools.gnu-tools-for-stm32.12.3.rel1.macos64_1.0.200.202406191456/tools/bin/../lib/gcc/arm-none-eabi/12.3.1/../../../../arm-none-eabi/lib/thumb/v7-m/nofp/libc_nano.a(libc_a-memset.o)
 .ARM.attributes
                0x00000557       0x2d /Applications/STM32CubeIDE.app/Contents/Eclipse/plugins/com.st.stm32cube.ide.mcu.externaltools.gnu-tools-for-stm32.12.3.rel1.macos64_1.0.200.202406191456/tools/bin/../lib/gcc/arm-none-eabi/12.3.1/../../../../arm-none-eabi/lib/thumb/v7-m/nofp/libc_nano.a(libc_a-init.o)
 .ARM.attributes
                0x00000584       0x1d /Applications/STM32CubeIDE.app/Contents/Eclipse/plugins/com.st.stm32cube.ide.mcu.externaltools.gnu-tools-for-stm32.12.3.rel1.macos64_1.0.200.202406191456/tools/bin/../lib/gcc/arm-none-eabi/12.3.1/thumb/v7-m/nofp/crtn.o
OUTPUT(BKIT_robotics_v2.elf elf32-littlearm)
LOAD linker stubs
LOAD /Applications/STM32CubeIDE.app/Contents/Eclipse/plugins/com.st.stm32cube.ide.mcu.externaltools.gnu-tools-for-stm32.12.3.rel1.macos64_1.0.200.202406191456/tools/bin/../lib/gcc/arm-none-eabi/12.3.1/../../../../arm-none-eabi/lib/thumb/v7-m/nofp/libc.a
LOAD /Applications/STM32CubeIDE.app/Contents/Eclipse/plugins/com.st.stm32cube.ide.mcu.externaltools.gnu-tools-for-stm32.12.3.rel1.macos64_1.0.200.202406191456/tools/bin/../lib/gcc/arm-none-eabi/12.3.1/../../../../arm-none-eabi/lib/thumb/v7-m/nofp/libm.a
LOAD /Applications/STM32CubeIDE.app/Contents/Eclipse/plugins/com.st.stm32cube.ide.mcu.externaltools.gnu-tools-for-stm32.12.3.rel1.macos64_1.0.200.202406191456/tools/bin/../lib/gcc/arm-none-eabi/12.3.1/thumb/v7-m/nofp/libgcc.a

.debug_info     0x00000000    0x12a35
 .debug_info    0x00000000      0x818 ./Core/Src/adc.o
 .debug_info    0x00000818      0x75d ./Core/Src/display.o
 .debug_info    0x00000f75      0x335 ./Core/Src/dma.o
 .debug_info    0x000012aa      0x2d3 ./Core/Src/gpio.o
 .debug_info    0x0000157d      0x638 ./Core/Src/line_sensor.o
 .debug_info    0x00001bb5      0x5c6 ./Core/Src/main.o
 .debug_info    0x0000217b      0xa49 ./Core/Src/motor.o
 .debug_info    0x00002bc4      0x702 ./Core/Src/servo.o
 .debug_info    0x000032c6      0x717 ./Core/Src/software_timer.o
 .debug_info    0x000039dd      0x7be ./Core/Src/spi.o
 .debug_info    0x0000419b      0x77b ./Core/Src/step_motor.o
 .debug_info    0x00004916      0x1f1 ./Core/Src/stm32f1xx_hal_msp.o
 .debug_info    0x00004b07      0x9e8 ./Core/Src/stm32f1xx_it.o
 .debug_info    0x000054ef      0x222 ./Core/Src/system_stm32f1xx.o
 .debug_info    0x00005711      0xf9d ./Core/Src/tim.o
 .debug_info    0x000066ae      0x9e8 ./Core/Src/usart.o
 .debug_info    0x00007096       0x30 ./Core/Startup/startup_stm32f103rctx.o
 .debug_info    0x000070c6      0x76a ./Drivers/STM32F1xx_HAL_Driver/Src/stm32f1xx_hal.o
 .debug_info    0x00007830      0xc50 ./Drivers/STM32F1xx_HAL_Driver/Src/stm32f1xx_hal_adc.o
 .debug_info    0x00008480      0xaed ./Drivers/STM32F1xx_HAL_Driver/Src/stm32f1xx_hal_cortex.o
 .debug_info    0x00008f6d      0x6d2 ./Drivers/STM32F1xx_HAL_Driver/Src/stm32f1xx_hal_dma.o
 .debug_info    0x0000963f      0x5ab ./Drivers/STM32F1xx_HAL_Driver/Src/stm32f1xx_hal_gpio.o
 .debug_info    0x00009bea      0x7d5 ./Drivers/STM32F1xx_HAL_Driver/Src/stm32f1xx_hal_rcc.o
 .debug_info    0x0000a3bf      0x3e9 ./Drivers/STM32F1xx_HAL_Driver/Src/stm32f1xx_hal_rcc_ex.o
 .debug_info    0x0000a7a8     0x150f ./Drivers/STM32F1xx_HAL_Driver/Src/stm32f1xx_hal_spi.o
 .debug_info    0x0000bcb7     0x293b ./Drivers/STM32F1xx_HAL_Driver/Src/stm32f1xx_hal_tim.o
 .debug_info    0x0000e5f2     0x149b ./Drivers/STM32F1xx_HAL_Driver/Src/stm32f1xx_hal_tim_ex.o
 .debug_info    0x0000fa8d     0x2fa8 ./Drivers/STM32F1xx_HAL_Driver/Src/stm32f1xx_hal_uart.o

.debug_abbrev   0x00000000     0x35be
 .debug_abbrev  0x00000000      0x1f2 ./Core/Src/adc.o
 .debug_abbrev  0x000001f2      0x1fa ./Core/Src/display.o
 .debug_abbrev  0x000003ec       0xfc ./Core/Src/dma.o
 .debug_abbrev  0x000004e8      0x13f ./Core/Src/gpio.o
 .debug_abbrev  0x00000627      0x1f6 ./Core/Src/line_sensor.o
 .debug_abbrev  0x0000081d      0x226 ./Core/Src/main.o
 .debug_abbrev  0x00000a43      0x20e ./Core/Src/motor.o
 .debug_abbrev  0x00000c51      0x1d0 ./Core/Src/servo.o
 .debug_abbrev  0x00000e21      0x1ed ./Core/Src/software_timer.o
 .debug_abbrev  0x0000100e      0x1e0 ./Core/Src/spi.o
 .debug_abbrev  0x000011ee      0x1ba ./Core/Src/step_motor.o
 .debug_abbrev  0x000013a8       0xdb ./Core/Src/stm32f1xx_hal_msp.o
 .debug_abbrev  0x00001483      0x1b6 ./Core/Src/stm32f1xx_it.o
 .debug_abbrev  0x00001639      0x13f ./Core/Src/system_stm32f1xx.o
 .debug_abbrev  0x00001778      0x274 ./Core/Src/tim.o
 .debug_abbrev  0x000019ec      0x20b ./Core/Src/usart.o
 .debug_abbrev  0x00001bf7       0x24 ./Core/Startup/startup_stm32f103rctx.o
 .debug_abbrev  0x00001c1b      0x201 ./Drivers/STM32F1xx_HAL_Driver/Src/stm32f1xx_hal.o
 .debug_abbrev  0x00001e1c      0x225 ./Drivers/STM32F1xx_HAL_Driver/Src/stm32f1xx_hal_adc.o
 .debug_abbrev  0x00002041      0x2f8 ./Drivers/STM32F1xx_HAL_Driver/Src/stm32f1xx_hal_cortex.o
 .debug_abbrev  0x00002339      0x20b ./Drivers/STM32F1xx_HAL_Driver/Src/stm32f1xx_hal_dma.o
 .debug_abbrev  0x00002544      0x1ca ./Drivers/STM32F1xx_HAL_Driver/Src/stm32f1xx_hal_gpio.o
 .debug_abbrev  0x0000270e      0x2b3 ./Drivers/STM32F1xx_HAL_Driver/Src/stm32f1xx_hal_rcc.o
 .debug_abbrev  0x000029c1      0x188 ./Drivers/STM32F1xx_HAL_Driver/Src/stm32f1xx_hal_rcc_ex.o
 .debug_abbrev  0x00002b49      0x284 ./Drivers/STM32F1xx_HAL_Driver/Src/stm32f1xx_hal_spi.o
 .debug_abbrev  0x00002dcd      0x277 ./Drivers/STM32F1xx_HAL_Driver/Src/stm32f1xx_hal_tim.o
 .debug_abbrev  0x00003044      0x282 ./Drivers/STM32F1xx_HAL_Driver/Src/stm32f1xx_hal_tim_ex.o
 .debug_abbrev  0x000032c6      0x2f8 ./Drivers/STM32F1xx_HAL_Driver/Src/stm32f1xx_hal_uart.o

.debug_aranges  0x00000000     0x1198
 .debug_aranges
                0x00000000       0x30 ./Core/Src/adc.o
 .debug_aranges
                0x00000030       0x40 ./Core/Src/display.o
 .debug_aranges
                0x00000070       0x20 ./Core/Src/dma.o
 .debug_aranges
                0x00000090       0x20 ./Core/Src/gpio.o
 .debug_aranges
                0x000000b0       0x30 ./Core/Src/line_sensor.o
 .debug_aranges
                0x000000e0       0x38 ./Core/Src/main.o
 .debug_aranges
                0x00000118       0xa8 ./Core/Src/motor.o
 .debug_aranges
                0x000001c0       0x28 ./Core/Src/servo.o
 .debug_aranges
                0x000001e8       0x38 ./Core/Src/software_timer.o
 .debug_aranges
                0x00000220       0x30 ./Core/Src/spi.o
 .debug_aranges
                0x00000250       0x28 ./Core/Src/step_motor.o
 .debug_aranges
                0x00000278       0x20 ./Core/Src/stm32f1xx_hal_msp.o
 .debug_aranges
                0x00000298       0x98 ./Core/Src/stm32f1xx_it.o
 .debug_aranges
                0x00000330       0x28 ./Core/Src/system_stm32f1xx.o
 .debug_aranges
                0x00000358       0x68 ./Core/Src/tim.o
 .debug_aranges
                0x000003c0       0x38 ./Core/Src/usart.o
 .debug_aranges
                0x000003f8       0x28 ./Core/Startup/startup_stm32f103rctx.o
 .debug_aranges
                0x00000420       0xe0 ./Drivers/STM32F1xx_HAL_Driver/Src/stm32f1xx_hal.o
 .debug_aranges
                0x00000500       0xf0 ./Drivers/STM32F1xx_HAL_Driver/Src/stm32f1xx_hal_adc.o
 .debug_aranges
                0x000005f0      0x100 ./Drivers/STM32F1xx_HAL_Driver/Src/stm32f1xx_hal_cortex.o
 .debug_aranges
                0x000006f0       0x80 ./Drivers/STM32F1xx_HAL_Driver/Src/stm32f1xx_hal_dma.o
 .debug_aranges
                0x00000770       0x58 ./Drivers/STM32F1xx_HAL_Driver/Src/stm32f1xx_hal_gpio.o
 .debug_aranges
                0x000007c8       0x90 ./Drivers/STM32F1xx_HAL_Driver/Src/stm32f1xx_hal_rcc.o
 .debug_aranges
                0x00000858       0x30 ./Drivers/STM32F1xx_HAL_Driver/Src/stm32f1xx_hal_rcc_ex.o
 .debug_aranges
                0x00000888      0x1d0 ./Drivers/STM32F1xx_HAL_Driver/Src/stm32f1xx_hal_spi.o
 .debug_aranges
                0x00000a58      0x3d0 ./Drivers/STM32F1xx_HAL_Driver/Src/stm32f1xx_hal_tim.o
 .debug_aranges
                0x00000e28      0x168 ./Drivers/STM32F1xx_HAL_Driver/Src/stm32f1xx_hal_tim_ex.o
 .debug_aranges
                0x00000f90      0x208 ./Drivers/STM32F1xx_HAL_Driver/Src/stm32f1xx_hal_uart.o

.debug_rnglists
                0x00000000      0xd89
 .debug_rnglists
                0x00000000       0x20 ./Core/Src/adc.o
 .debug_rnglists
                0x00000020       0x2c ./Core/Src/display.o
 .debug_rnglists
                0x0000004c       0x13 ./Core/Src/dma.o
 .debug_rnglists
                0x0000005f       0x14 ./Core/Src/gpio.o
 .debug_rnglists
                0x00000073       0x20 ./Core/Src/line_sensor.o
 .debug_rnglists
                0x00000093       0x27 ./Core/Src/main.o
 .debug_rnglists
                0x000000ba       0x7a ./Core/Src/motor.o
 .debug_rnglists
                0x00000134       0x1a ./Core/Src/servo.o
 .debug_rnglists
                0x0000014e       0x25 ./Core/Src/software_timer.o
 .debug_rnglists
                0x00000173       0x20 ./Core/Src/spi.o
 .debug_rnglists
                0x00000193       0x19 ./Core/Src/step_motor.o
 .debug_rnglists
                0x000001ac       0x13 ./Core/Src/stm32f1xx_hal_msp.o
 .debug_rnglists
                0x000001bf       0x6d ./Core/Src/stm32f1xx_it.o
 .debug_rnglists
                0x0000022c       0x1a ./Core/Src/system_stm32f1xx.o
 .debug_rnglists
                0x00000246       0x50 ./Core/Src/tim.o
 .debug_rnglists
                0x00000296       0x26 ./Core/Src/usart.o
 .debug_rnglists
                0x000002bc       0x19 ./Core/Startup/startup_stm32f103rctx.o
 .debug_rnglists
                0x000002d5       0xa3 ./Drivers/STM32F1xx_HAL_Driver/Src/stm32f1xx_hal.o
 .debug_rnglists
                0x00000378       0xbc ./Drivers/STM32F1xx_HAL_Driver/Src/stm32f1xx_hal_adc.o
 .debug_rnglists
                0x00000434       0xbb ./Drivers/STM32F1xx_HAL_Driver/Src/stm32f1xx_hal_cortex.o
 .debug_rnglists
                0x000004ef       0x64 ./Drivers/STM32F1xx_HAL_Driver/Src/stm32f1xx_hal_dma.o
 .debug_rnglists
                0x00000553       0x3f ./Drivers/STM32F1xx_HAL_Driver/Src/stm32f1xx_hal_gpio.o
 .debug_rnglists
                0x00000592       0x6c ./Drivers/STM32F1xx_HAL_Driver/Src/stm32f1xx_hal_rcc.o
 .debug_rnglists
                0x000005fe       0x22 ./Drivers/STM32F1xx_HAL_Driver/Src/stm32f1xx_hal_rcc_ex.o
 .debug_rnglists
                0x00000620      0x16e ./Drivers/STM32F1xx_HAL_Driver/Src/stm32f1xx_hal_spi.o
 .debug_rnglists
                0x0000078e      0x31a ./Drivers/STM32F1xx_HAL_Driver/Src/stm32f1xx_hal_tim.o
 .debug_rnglists
                0x00000aa8      0x125 ./Drivers/STM32F1xx_HAL_Driver/Src/stm32f1xx_hal_tim_ex.o
 .debug_rnglists
                0x00000bcd      0x1bc ./Drivers/STM32F1xx_HAL_Driver/Src/stm32f1xx_hal_uart.o

.debug_macro    0x00000000    0x1bd62
 .debug_macro   0x00000000      0x1da ./Core/Src/adc.o
 .debug_macro   0x000001da      0xaa8 ./Core/Src/adc.o
 .debug_macro   0x00000c82      0x22d ./Core/Src/adc.o
 .debug_macro   0x00000eaf       0x2e ./Core/Src/adc.o
 .debug_macro   0x00000edd       0x22 ./Core/Src/adc.o
 .debug_macro   0x00000eff       0x22 ./Core/Src/adc.o
 .debug_macro   0x00000f21       0x8e ./Core/Src/adc.o
 .debug_macro   0x00000faf       0x51 ./Core/Src/adc.o
 .debug_macro   0x00001000      0x103 ./Core/Src/adc.o
 .debug_macro   0x00001103       0x6a ./Core/Src/adc.o
 .debug_macro   0x0000116d      0x1df ./Core/Src/adc.o
 .debug_macro   0x0000134c       0x1c ./Core/Src/adc.o
 .debug_macro   0x00001368       0x22 ./Core/Src/adc.o
 .debug_macro   0x0000138a       0xbd ./Core/Src/adc.o
 .debug_macro   0x00001447      0xd23 ./Core/Src/adc.o
 .debug_macro   0x0000216a     0xfd8c ./Core/Src/adc.o
 .debug_macro   0x00011ef6       0x6d ./Core/Src/adc.o
 .debug_macro   0x00011f63     0x348d ./Core/Src/adc.o
 .debug_macro   0x000153f0      0x189 ./Core/Src/adc.o
 .debug_macro   0x00015579       0x5c ./Core/Src/adc.o
 .debug_macro   0x000155d5      0x5bc ./Core/Src/adc.o
 .debug_macro   0x00015b91      0x4d5 ./Core/Src/adc.o
 .debug_macro   0x00016066      0x1cb ./Core/Src/adc.o
 .debug_macro   0x00016231      0x114 ./Core/Src/adc.o
 .debug_macro   0x00016345      0x1ea ./Core/Src/adc.o
 .debug_macro   0x0001652f       0x27 ./Core/Src/adc.o
 .debug_macro   0x00016556      0x144 ./Core/Src/adc.o
 .debug_macro   0x0001669a      0x1bc ./Core/Src/adc.o
 .debug_macro   0x00016856       0x30 ./Core/Src/adc.o
 .debug_macro   0x00016886       0x3c ./Core/Src/adc.o
 .debug_macro   0x000168c2       0x57 ./Core/Src/adc.o
 .debug_macro   0x00016919      0x46a ./Core/Src/adc.o
 .debug_macro   0x00016d83      0x25d ./Core/Src/adc.o
 .debug_macro   0x00016fe0       0x87 ./Core/Src/adc.o
 .debug_macro   0x00017067      0x24f ./Core/Src/adc.o
 .debug_macro   0x000172b6      0x140 ./Core/Src/adc.o
 .debug_macro   0x000173f6      0x217 ./Core/Src/adc.o
 .debug_macro   0x0001760d      0x8ed ./Core/Src/adc.o
 .debug_macro   0x00017efa      0x28e ./Core/Src/adc.o
 .debug_macro   0x00018188       0xb5 ./Core/Src/adc.o
 .debug_macro   0x0001823d      0x100 ./Core/Src/adc.o
 .debug_macro   0x0001833d      0x1ee ./Core/Src/display.o
 .debug_macro   0x0001852b      0x1da ./Core/Src/dma.o
 .debug_macro   0x00018705      0x1da ./Core/Src/gpio.o
 .debug_macro   0x000188df      0x203 ./Core/Src/line_sensor.o
 .debug_macro   0x00018ae2       0x40 ./Core/Src/line_sensor.o
 .debug_macro   0x00018b22      0x30d ./Core/Src/main.o
 .debug_macro   0x00018e2f       0x24 ./Core/Src/main.o
 .debug_macro   0x00018e53       0x61 ./Core/Src/main.o
 .debug_macro   0x00018eb4       0x43 ./Core/Src/main.o
 .debug_macro   0x00018ef7       0x34 ./Core/Src/main.o
 .debug_macro   0x00018f2b       0x16 ./Core/Src/main.o
 .debug_macro   0x00018f41       0x35 ./Core/Src/main.o
 .debug_macro   0x00018f76       0x16 ./Core/Src/main.o
 .debug_macro   0x00018f8c       0x43 ./Core/Src/main.o
 .debug_macro   0x00018fcf       0x34 ./Core/Src/main.o
 .debug_macro   0x00019003       0x10 ./Core/Src/main.o
 .debug_macro   0x00019013       0x58 ./Core/Src/main.o
 .debug_macro   0x0001906b       0x8e ./Core/Src/main.o
 .debug_macro   0x000190f9       0x1c ./Core/Src/main.o
 .debug_macro   0x00019115      0x177 ./Core/Src/main.o
 .debug_macro   0x0001928c      0x369 ./Core/Src/main.o
 .debug_macro   0x000195f5       0x16 ./Core/Src/main.o
 .debug_macro   0x0001960b       0x29 ./Core/Src/main.o
 .debug_macro   0x00019634       0x46 ./Core/Src/main.o
 .debug_macro   0x0001967a      0x20a ./Core/Src/motor.o
 .debug_macro   0x00019884      0x1e4 ./Core/Src/servo.o
 .debug_macro   0x00019a68      0x1f4 ./Core/Src/software_timer.o
 .debug_macro   0x00019c5c      0x1da ./Core/Src/spi.o
 .debug_macro   0x00019e36      0x1fa ./Core/Src/step_motor.o
 .debug_macro   0x0001a030      0x1d0 ./Core/Src/stm32f1xx_hal_msp.o
 .debug_macro   0x0001a200      0x1da ./Core/Src/stm32f1xx_it.o
 .debug_macro   0x0001a3da      0x1c1 ./Core/Src/system_stm32f1xx.o
 .debug_macro   0x0001a59b      0x1da ./Core/Src/tim.o
 .debug_macro   0x0001a775      0x1da ./Core/Src/usart.o
 .debug_macro   0x0001a94f      0x1e5 ./Drivers/STM32F1xx_HAL_Driver/Src/stm32f1xx_hal.o
 .debug_macro   0x0001ab34      0x1de ./Drivers/STM32F1xx_HAL_Driver/Src/stm32f1xx_hal_adc.o
 .debug_macro   0x0001ad12      0x1c1 ./Drivers/STM32F1xx_HAL_Driver/Src/stm32f1xx_hal_cortex.o
 .debug_macro   0x0001aed3      0x1c1 ./Drivers/STM32F1xx_HAL_Driver/Src/stm32f1xx_hal_dma.o
 .debug_macro   0x0001b094      0x22c ./Drivers/STM32F1xx_HAL_Driver/Src/stm32f1xx_hal_gpio.o
 .debug_macro   0x0001b2c0      0x1d3 ./Drivers/STM32F1xx_HAL_Driver/Src/stm32f1xx_hal_rcc.o
 .debug_macro   0x0001b493      0x1c1 ./Drivers/STM32F1xx_HAL_Driver/Src/stm32f1xx_hal_rcc_ex.o
 .debug_macro   0x0001b654      0x1c9 ./Drivers/STM32F1xx_HAL_Driver/Src/stm32f1xx_hal_spi.o
 .debug_macro   0x0001b81d      0x1c2 ./Drivers/STM32F1xx_HAL_Driver/Src/stm32f1xx_hal_tim.o
 .debug_macro   0x0001b9df      0x1c1 ./Drivers/STM32F1xx_HAL_Driver/Src/stm32f1xx_hal_tim_ex.o
 .debug_macro   0x0001bba0      0x1c2 ./Drivers/STM32F1xx_HAL_Driver/Src/stm32f1xx_hal_uart.o

.debug_line     0x00000000    0x16c20
 .debug_line    0x00000000      0x783 ./Core/Src/adc.o
 .debug_line    0x00000783      0x7b1 ./Core/Src/display.o
 .debug_line    0x00000f34      0x6dd ./Core/Src/dma.o
 .debug_line    0x00001611      0x72b ./Core/Src/gpio.o
 .debug_line    0x00001d3c      0x7cc ./Core/Src/line_sensor.o
 .debug_line    0x00002508      0x979 ./Core/Src/main.o
 .debug_line    0x00002e81      0x944 ./Core/Src/motor.o
 .debug_line    0x000037c5      0x756 ./Core/Src/servo.o
 .debug_line    0x00003f1b      0x779 ./Core/Src/software_timer.o
 .debug_line    0x00004694      0x759 ./Core/Src/spi.o
 .debug_line    0x00004ded      0x72c ./Core/Src/step_motor.o
 .debug_line    0x00005519      0x6e2 ./Core/Src/stm32f1xx_hal_msp.o
 .debug_line    0x00005bfb      0x84c ./Core/Src/stm32f1xx_it.o
 .debug_line    0x00006447      0x760 ./Core/Src/system_stm32f1xx.o
 .debug_line    0x00006ba7      0xa68 ./Core/Src/tim.o
 .debug_line    0x0000760f      0x7c7 ./Core/Src/usart.o
 .debug_line    0x00007dd6       0x79 ./Core/Startup/startup_stm32f103rctx.o
 .debug_line    0x00007e4f      0x98d ./Drivers/STM32F1xx_HAL_Driver/Src/stm32f1xx_hal.o
 .debug_line    0x000087dc     0x1020 ./Drivers/STM32F1xx_HAL_Driver/Src/stm32f1xx_hal_adc.o
 .debug_line    0x000097fc      0xb79 ./Drivers/STM32F1xx_HAL_Driver/Src/stm32f1xx_hal_cortex.o
 .debug_line    0x0000a375     0x12b8 ./Drivers/STM32F1xx_HAL_Driver/Src/stm32f1xx_hal_dma.o
 .debug_line    0x0000b62d      0xa4e ./Drivers/STM32F1xx_HAL_Driver/Src/stm32f1xx_hal_gpio.o
 .debug_line    0x0000c07b      0xd96 ./Drivers/STM32F1xx_HAL_Driver/Src/stm32f1xx_hal_rcc.o
 .debug_line    0x0000ce11      0x8f1 ./Drivers/STM32F1xx_HAL_Driver/Src/stm32f1xx_hal_rcc_ex.o
 .debug_line    0x0000d702     0x1c3f ./Drivers/STM32F1xx_HAL_Driver/Src/stm32f1xx_hal_spi.o
 .debug_line    0x0000f341     0x36b7 ./Drivers/STM32F1xx_HAL_Driver/Src/stm32f1xx_hal_tim.o
 .debug_line    0x000129f8     0x1952 ./Drivers/STM32F1xx_HAL_Driver/Src/stm32f1xx_hal_tim_ex.o
 .debug_line    0x0001434a     0x28d6 ./Drivers/STM32F1xx_HAL_Driver/Src/stm32f1xx_hal_uart.o

.debug_str      0x00000000    0x9fc08
 .debug_str     0x00000000    0x9850b ./Core/Src/adc.o
                              0x98987 (size before relaxing)
 .debug_str     0x0009850b      0x2e0 ./Core/Src/display.o
                              0x989e4 (size before relaxing)
 .debug_str     0x000987eb      0x357 ./Core/Src/dma.o
                              0x988fe (size before relaxing)
 .debug_str     0x00098b42       0x20 ./Core/Src/gpio.o
                              0x985bc (size before relaxing)
 .debug_str     0x00098b62      0x144 ./Core/Src/line_sensor.o
                              0x98982 (size before relaxing)
 .debug_str     0x00098ca6     0x3588 ./Core/Src/main.o
                              0x9bc29 (size before relaxing)
 .debug_str     0x0009c22e      0x3b5 ./Core/Src/motor.o
                              0x98c1d (size before relaxing)
 .debug_str     0x0009c5e3       0x37 ./Core/Src/servo.o
                              0x98a47 (size before relaxing)
 .debug_str     0x0009c61a       0x9d ./Core/Src/software_timer.o
                              0x98abc (size before relaxing)
 .debug_str     0x0009c6b7       0x4b ./Core/Src/spi.o
                              0x989d3 (size before relaxing)
 .debug_str     0x0009c702       0xba ./Core/Src/step_motor.o
                              0x98ad3 (size before relaxing)
 .debug_str     0x0009c7bc       0x5a ./Core/Src/stm32f1xx_hal_msp.o
                              0x98544 (size before relaxing)
 .debug_str     0x0009c816      0x320 ./Core/Src/stm32f1xx_it.o
                              0x98d2b (size before relaxing)
 .debug_str     0x0009cb36       0x7e ./Core/Src/system_stm32f1xx.o
                              0x98151 (size before relaxing)
 .debug_str     0x0009cbb4      0x2e8 ./Core/Src/tim.o
                              0x991c9 (size before relaxing)
 .debug_str     0x0009ce9c       0x51 ./Core/Src/usart.o
                              0x98e1e (size before relaxing)
 .debug_str     0x0009ceed       0x9d ./Core/Startup/startup_stm32f103rctx.o
 .debug_str     0x0009cf8a      0x384 ./Drivers/STM32F1xx_HAL_Driver/Src/stm32f1xx_hal.o
                              0x98968 (size before relaxing)
 .debug_str     0x0009d30e      0x381 ./Drivers/STM32F1xx_HAL_Driver/Src/stm32f1xx_hal_adc.o
                              0x98835 (size before relaxing)
 .debug_str     0x0009d68f      0x294 ./Drivers/STM32F1xx_HAL_Driver/Src/stm32f1xx_hal_cortex.o
                              0x988b4 (size before relaxing)
 .debug_str     0x0009d923      0x1e2 ./Drivers/STM32F1xx_HAL_Driver/Src/stm32f1xx_hal_dma.o
                              0x984fa (size before relaxing)
 .debug_str     0x0009db05      0x2ce ./Drivers/STM32F1xx_HAL_Driver/Src/stm32f1xx_hal_gpio.o
                              0x984d7 (size before relaxing)
 .debug_str     0x0009ddd3      0x229 ./Drivers/STM32F1xx_HAL_Driver/Src/stm32f1xx_hal_rcc.o
                              0x98580 (size before relaxing)
 .debug_str     0x0009dffc       0x84 ./Drivers/STM32F1xx_HAL_Driver/Src/stm32f1xx_hal_rcc_ex.o
                              0x9830e (size before relaxing)
 .debug_str     0x0009e080      0x525 ./Drivers/STM32F1xx_HAL_Driver/Src/stm32f1xx_hal_spi.o
                              0x98a83 (size before relaxing)
 .debug_str     0x0009e5a5      0xc88 ./Drivers/STM32F1xx_HAL_Driver/Src/stm32f1xx_hal_tim.o
                              0x99572 (size before relaxing)
 .debug_str     0x0009f22d      0x3e1 ./Drivers/STM32F1xx_HAL_Driver/Src/stm32f1xx_hal_tim_ex.o
                              0x98d8e (size before relaxing)
 .debug_str     0x0009f60e      0x5fa ./Drivers/STM32F1xx_HAL_Driver/Src/stm32f1xx_hal_uart.o
                              0x98bf1 (size before relaxing)

.comment        0x00000000       0x43
 .comment       0x00000000       0x43 ./Core/Src/adc.o
                                 0x44 (size before relaxing)
 .comment       0x00000043       0x44 ./Core/Src/display.o
 .comment       0x00000043       0x44 ./Core/Src/dma.o
 .comment       0x00000043       0x44 ./Core/Src/gpio.o
 .comment       0x00000043       0x44 ./Core/Src/line_sensor.o
 .comment       0x00000043       0x44 ./Core/Src/main.o
 .comment       0x00000043       0x44 ./Core/Src/motor.o
 .comment       0x00000043       0x44 ./Core/Src/servo.o
 .comment       0x00000043       0x44 ./Core/Src/software_timer.o
 .comment       0x00000043       0x44 ./Core/Src/spi.o
 .comment       0x00000043       0x44 ./Core/Src/step_motor.o
 .comment       0x00000043       0x44 ./Core/Src/stm32f1xx_hal_msp.o
 .comment       0x00000043       0x44 ./Core/Src/stm32f1xx_it.o
 .comment       0x00000043       0x44 ./Core/Src/system_stm32f1xx.o
 .comment       0x00000043       0x44 ./Core/Src/tim.o
 .comment       0x00000043       0x44 ./Core/Src/usart.o
 .comment       0x00000043       0x44 ./Drivers/STM32F1xx_HAL_Driver/Src/stm32f1xx_hal.o
 .comment       0x00000043       0x44 ./Drivers/STM32F1xx_HAL_Driver/Src/stm32f1xx_hal_adc.o
 .comment       0x00000043       0x44 ./Drivers/STM32F1xx_HAL_Driver/Src/stm32f1xx_hal_cortex.o
 .comment       0x00000043       0x44 ./Drivers/STM32F1xx_HAL_Driver/Src/stm32f1xx_hal_dma.o
 .comment       0x00000043       0x44 ./Drivers/STM32F1xx_HAL_Driver/Src/stm32f1xx_hal_gpio.o
 .comment       0x00000043       0x44 ./Drivers/STM32F1xx_HAL_Driver/Src/stm32f1xx_hal_rcc.o
 .comment       0x00000043       0x44 ./Drivers/STM32F1xx_HAL_Driver/Src/stm32f1xx_hal_rcc_ex.o
 .comment       0x00000043       0x44 ./Drivers/STM32F1xx_HAL_Driver/Src/stm32f1xx_hal_spi.o
 .comment       0x00000043       0x44 ./Drivers/STM32F1xx_HAL_Driver/Src/stm32f1xx_hal_tim.o
 .comment       0x00000043       0x44 ./Drivers/STM32F1xx_HAL_Driver/Src/stm32f1xx_hal_tim_ex.o
 .comment       0x00000043       0x44 ./Drivers/STM32F1xx_HAL_Driver/Src/stm32f1xx_hal_uart.o

.debug_frame    0x00000000     0x4648
 .debug_frame   0x00000000       0x7c ./Core/Src/adc.o
 .debug_frame   0x0000007c       0xbc ./Core/Src/display.o
 .debug_frame   0x00000138       0x34 ./Core/Src/dma.o
 .debug_frame   0x0000016c       0x34 ./Core/Src/gpio.o
 .debug_frame   0x000001a0       0x70 ./Core/Src/line_sensor.o
 .debug_frame   0x00000210       0x84 ./Core/Src/main.o
 .debug_frame   0x00000294      0x294 ./Core/Src/motor.o
 .debug_frame   0x00000528       0x5c ./Core/Src/servo.o
 .debug_frame   0x00000584       0x98 ./Core/Src/software_timer.o
 .debug_frame   0x0000061c       0x74 ./Core/Src/spi.o
 .debug_frame   0x00000690       0x58 ./Core/Src/step_motor.o
 .debug_frame   0x000006e8       0x38 ./Core/Src/stm32f1xx_hal_msp.o
 .debug_frame   0x00000720      0x1c8 ./Core/Src/stm32f1xx_it.o
 .debug_frame   0x000008e8       0x58 ./Core/Src/system_stm32f1xx.o
 .debug_frame   0x00000940      0x178 ./Core/Src/tim.o
 .debug_frame   0x00000ab8       0x90 ./Core/Src/usart.o
 .debug_frame   0x00000b48      0x334 ./Drivers/STM32F1xx_HAL_Driver/Src/stm32f1xx_hal.o
 .debug_frame   0x00000e7c      0x40c ./Drivers/STM32F1xx_HAL_Driver/Src/stm32f1xx_hal_adc.o
 .debug_frame   0x00001288      0x428 ./Drivers/STM32F1xx_HAL_Driver/Src/stm32f1xx_hal_cortex.o
 .debug_frame   0x000016b0      0x20c ./Drivers/STM32F1xx_HAL_Driver/Src/stm32f1xx_hal_dma.o
 .debug_frame   0x000018bc      0x14c ./Drivers/STM32F1xx_HAL_Driver/Src/stm32f1xx_hal_gpio.o
 .debug_frame   0x00001a08      0x218 ./Drivers/STM32F1xx_HAL_Driver/Src/stm32f1xx_hal_rcc.o
 .debug_frame   0x00001c20       0x80 ./Drivers/STM32F1xx_HAL_Driver/Src/stm32f1xx_hal_rcc_ex.o
 .debug_frame   0x00001ca0      0x824 ./Drivers/STM32F1xx_HAL_Driver/Src/stm32f1xx_hal_spi.o
 .debug_frame   0x000024c4     0x11bc ./Drivers/STM32F1xx_HAL_Driver/Src/stm32f1xx_hal_tim.o
 .debug_frame   0x00003680      0x638 ./Drivers/STM32F1xx_HAL_Driver/Src/stm32f1xx_hal_tim_ex.o
 .debug_frame   0x00003cb8      0x944 ./Drivers/STM32F1xx_HAL_Driver/Src/stm32f1xx_hal_uart.o
 .debug_frame   0x000045fc       0x20 /Applications/STM32CubeIDE.app/Contents/Eclipse/plugins/com.st.stm32cube.ide.mcu.externaltools.gnu-tools-for-stm32.12.3.rel1.macos64_1.0.200.202406191456/tools/bin/../lib/gcc/arm-none-eabi/12.3.1/../../../../arm-none-eabi/lib/thumb/v7-m/nofp/libc_nano.a(libc_a-memset.o)
 .debug_frame   0x0000461c       0x2c /Applications/STM32CubeIDE.app/Contents/Eclipse/plugins/com.st.stm32cube.ide.mcu.externaltools.gnu-tools-for-stm32.12.3.rel1.macos64_1.0.200.202406191456/tools/bin/../lib/gcc/arm-none-eabi/12.3.1/../../../../arm-none-eabi/lib/thumb/v7-m/nofp/libc_nano.a(libc_a-init.o)

.debug_line_str
                0x00000000       0x81
 .debug_line_str
                0x00000000       0x81 ./Core/Startup/startup_stm32f103rctx.o
