Archive member included to satisfy reference by file (symbol)

/Applications/STM32CubeIDE.app/Contents/Eclipse/plugins/com.st.stm32cube.ide.mcu.externaltools.gnu-tools-for-stm32.12.3.rel1.macos64_1.0.200.202406191456/tools/bin/../lib/gcc/arm-none-eabi/12.3.1/../../../../arm-none-eabi/lib/thumb/v7-m/nofp/libc_nano.a(libc_a-exit.o)
                              /Applications/STM32CubeIDE.app/Contents/Eclipse/plugins/com.st.stm32cube.ide.mcu.externaltools.gnu-tools-for-stm32.12.3.rel1.macos64_1.0.200.202406191456/tools/bin/../lib/gcc/arm-none-eabi/12.3.1/../../../../arm-none-eabi/lib/thumb/v7-m/nofp/crt0.o (exit)
/Applications/STM32CubeIDE.app/Contents/Eclipse/plugins/com.st.stm32cube.ide.mcu.externaltools.gnu-tools-for-stm32.12.3.rel1.macos64_1.0.200.202406191456/tools/bin/../lib/gcc/arm-none-eabi/12.3.1/../../../../arm-none-eabi/lib/thumb/v7-m/nofp/libc_nano.a(libc_a-findfp.o)
                              /Applications/STM32CubeIDE.app/Contents/Eclipse/plugins/com.st.stm32cube.ide.mcu.externaltools.gnu-tools-for-stm32.12.3.rel1.macos64_1.0.200.202406191456/tools/bin/../lib/gcc/arm-none-eabi/12.3.1/../../../../arm-none-eabi/lib/thumb/v7-m/nofp/libc_nano.a(libc_a-exit.o) (__stdio_exit_handler)
/Applications/STM32CubeIDE.app/Contents/Eclipse/plugins/com.st.stm32cube.ide.mcu.externaltools.gnu-tools-for-stm32.12.3.rel1.macos64_1.0.200.202406191456/tools/bin/../lib/gcc/arm-none-eabi/12.3.1/../../../../arm-none-eabi/lib/thumb/v7-m/nofp/libc_nano.a(libc_a-fwalk.o)
                              /Applications/STM32CubeIDE.app/Contents/Eclipse/plugins/com.st.stm32cube.ide.mcu.externaltools.gnu-tools-for-stm32.12.3.rel1.macos64_1.0.200.202406191456/tools/bin/../lib/gcc/arm-none-eabi/12.3.1/../../../../arm-none-eabi/lib/thumb/v7-m/nofp/libc_nano.a(libc_a-findfp.o) (_fwalk_sglue)
/Applications/STM32CubeIDE.app/Contents/Eclipse/plugins/com.st.stm32cube.ide.mcu.externaltools.gnu-tools-for-stm32.12.3.rel1.macos64_1.0.200.202406191456/tools/bin/../lib/gcc/arm-none-eabi/12.3.1/../../../../arm-none-eabi/lib/thumb/v7-m/nofp/libc_nano.a(libc_a-memset.o)
                              /Applications/STM32CubeIDE.app/Contents/Eclipse/plugins/com.st.stm32cube.ide.mcu.externaltools.gnu-tools-for-stm32.12.3.rel1.macos64_1.0.200.202406191456/tools/bin/../lib/gcc/arm-none-eabi/12.3.1/../../../../arm-none-eabi/lib/thumb/v7-m/nofp/crt0.o (memset)
/Applications/STM32CubeIDE.app/Contents/Eclipse/plugins/com.st.stm32cube.ide.mcu.externaltools.gnu-tools-for-stm32.12.3.rel1.macos64_1.0.200.202406191456/tools/bin/../lib/gcc/arm-none-eabi/12.3.1/../../../../arm-none-eabi/lib/thumb/v7-m/nofp/libc_nano.a(libc_a-impure.o)
                              /Applications/STM32CubeIDE.app/Contents/Eclipse/plugins/com.st.stm32cube.ide.mcu.externaltools.gnu-tools-for-stm32.12.3.rel1.macos64_1.0.200.202406191456/tools/bin/../lib/gcc/arm-none-eabi/12.3.1/../../../../arm-none-eabi/lib/thumb/v7-m/nofp/libc_nano.a(libc_a-findfp.o) (_impure_data)
/Applications/STM32CubeIDE.app/Contents/Eclipse/plugins/com.st.stm32cube.ide.mcu.externaltools.gnu-tools-for-stm32.12.3.rel1.macos64_1.0.200.202406191456/tools/bin/../lib/gcc/arm-none-eabi/12.3.1/../../../../arm-none-eabi/lib/thumb/v7-m/nofp/libc_nano.a(libc_a-errno.o)
                              ./Core/Src/syscalls.o (__errno)
/Applications/STM32CubeIDE.app/Contents/Eclipse/plugins/com.st.stm32cube.ide.mcu.externaltools.gnu-tools-for-stm32.12.3.rel1.macos64_1.0.200.202406191456/tools/bin/../lib/gcc/arm-none-eabi/12.3.1/../../../../arm-none-eabi/lib/thumb/v7-m/nofp/libc_nano.a(libc_a-init.o)
                              /Applications/STM32CubeIDE.app/Contents/Eclipse/plugins/com.st.stm32cube.ide.mcu.externaltools.gnu-tools-for-stm32.12.3.rel1.macos64_1.0.200.202406191456/tools/bin/../lib/gcc/arm-none-eabi/12.3.1/../../../../arm-none-eabi/lib/thumb/v7-m/nofp/crt0.o (__libc_init_array)
/Applications/STM32CubeIDE.app/Contents/Eclipse/plugins/com.st.stm32cube.ide.mcu.externaltools.gnu-tools-for-stm32.12.3.rel1.macos64_1.0.200.202406191456/tools/bin/../lib/gcc/arm-none-eabi/12.3.1/../../../../arm-none-eabi/lib/thumb/v7-m/nofp/libc_nano.a(libc_a-lock.o)
                              /Applications/STM32CubeIDE.app/Contents/Eclipse/plugins/com.st.stm32cube.ide.mcu.externaltools.gnu-tools-for-stm32.12.3.rel1.macos64_1.0.200.202406191456/tools/bin/../lib/gcc/arm-none-eabi/12.3.1/../../../../arm-none-eabi/lib/thumb/v7-m/nofp/libc_nano.a(libc_a-findfp.o) (__retarget_lock_init_recursive)
/Applications/STM32CubeIDE.app/Contents/Eclipse/plugins/com.st.stm32cube.ide.mcu.externaltools.gnu-tools-for-stm32.12.3.rel1.macos64_1.0.200.202406191456/tools/bin/../lib/gcc/arm-none-eabi/12.3.1/../../../../arm-none-eabi/lib/thumb/v7-m/nofp/libc_nano.a(libc_a-mallocr.o)
[...]
Memory Configuration

Name             Origin             Length             Attributes
RAM              0x20000000         0x0000c000         xrw
FLASH            0x08000000         0x00040000         xr
*default*        0x00000000         0xffffffff

Linker script and memory map

LOAD /Applications/STM32CubeIDE.app/Contents/Eclipse/plugins/com.st.stm32cube.ide.mcu.externaltools.gnu-tools-for-stm32.12.3.rel1.macos64_1.0.200.202406191456/tools/bin/../lib/gcc/arm-none-eabi/12.3.1/thumb/v7-m/nofp/crti.o
LOAD /Applications/STM32CubeIDE.app/Contents/Eclipse/plugins/com.st.stm32cube.ide.mcu.externaltools.gnu-tools-for-stm32.12.3.rel1.macos64_1.0.200.202406191456/tools/bin/../lib/gcc/arm-none-eabi/12.3.1/thumb/v7-m/nofp/crtbegin.o
LOAD /Applications/STM32CubeIDE.app/Contents/Eclipse/plugins/com.st.stm32cube.ide.mcu.externaltools.gnu-tools-for-stm32.12.3.rel1.macos64_1.0.200.202406191456/tools/bin/../lib/gcc/arm-none-eabi/12.3.1/../../../../arm-none-eabi/lib/thumb/v7-m/nofp/crt0.o
LOAD ./Core/Src/adc.o
LOAD ./Core/Src/button.o
LOAD ./Core/Src/buzzer.o
LOAD ./Core/Src/display.o
LOAD ./Core/Src/dma.o
LOAD ./Core/Src/encoder.o
LOAD ./Core/Src/gpio.o
LOAD ./Core/Src/joystick.o
LOAD ./Core/Src/line_sensor.o
LOAD ./Core/Src/main.o
LOAD ./Core/Src/motor.o
LOAD ./Core/Src/pid.o
LOAD ./Core/Src/servo.o
LOAD ./Core/Src/software_timer.o
LOAD ./Core/Src/spi.o
LOAD ./Core/Src/step_motor.o
LOAD ./Core/Src/stm32f1xx_hal_msp.o
LOAD ./Core/Src/stm32f1xx_it.o
LOAD ./Core/Src/syscalls.o
LOAD ./Core/Src/sysmem.o
LOAD ./Core/Src/system_stm32f1xx.o
LOAD ./Core/Src/tim.o
LOAD ./Core/Src/uart.o
LOAD ./Core/Src/usart.o
LOAD ./Core/Src/utils.o
LOAD ./Core/Startup/startup_stm32f103rctx.o
LOAD ./Drivers/STM32F1xx_HAL_Driver/Src/stm32f1xx_hal.o
LOAD ./Drivers/STM32F1xx_HAL_Driver/Src/stm32f1xx_hal_adc.o
LOAD ./Drivers/STM32F1xx_HAL_Driver/Src/stm32f1xx_hal_adc_ex.o
LOAD ./Drivers/STM32F1xx_HAL_Driver/Src/stm32f1xx_hal_cortex.o
LOAD ./Drivers/STM32F1xx_HAL_Driver/Src/stm32f1xx_hal_dma.o
LOAD ./Drivers/STM32F1xx_HAL_Driver/Src/stm32f1xx_hal_exti.o
LOAD ./Drivers/STM32F1xx_HAL_Driver/Src/stm32f1xx_hal_flash.o
LOAD ./Drivers/STM32F1xx_HAL_Driver/Src/stm32f1xx_hal_flash_ex.o
LOAD ./Drivers/STM32F1xx_HAL_Driver/Src/stm32f1xx_hal_gpio.o
LOAD ./Drivers/STM32F1xx_HAL_Driver/Src/stm32f1xx_hal_gpio_ex.o
LOAD ./Drivers/STM32F1xx_HAL_Driver/Src/stm32f1xx_hal_pwr.o
LOAD ./Drivers/STM32F1xx_HAL_Driver/Src/stm32f1xx_hal_rcc.o
LOAD ./Drivers/STM32F1xx_HAL_Driver/Src/stm32f1xx_hal_rcc_ex.o
LOAD ./Drivers/STM32F1xx_HAL_Driver/Src/stm32f1xx_hal_spi.o
LOAD ./Drivers/STM32F1xx_HAL_Driver/Src/stm32f1xx_hal_tim.o
LOAD ./Drivers/STM32F1xx_HAL_Driver/Src/stm32f1xx_hal_tim_ex.o
LOAD ./Drivers/STM32F1xx_HAL_Driver/Src/stm32f1xx_hal_uart.o
START GROUP
LOAD /Applications/STM32CubeIDE.app/Contents/Eclipse/plugins/com.st.stm32cube.ide.mcu.externaltools.gnu-tools-for-stm32.12.3.rel1.macos64_1.0.200.202406191456/tools/bin/../lib/gcc/arm-none-eabi/12.3.1/../../../../arm-none-eabi/lib/thumb/v7-m/nofp/libc_nano.a
LOAD /Applications/STM32CubeIDE.app/Contents/Eclipse/plugins/com.st.stm32cube.ide.mcu.externaltools.gnu-tools-for-stm32.12.3.rel1.macos64_1.0.200.202406191456/tools/bin/../lib/gcc/arm-none-eabi/12.3.1/../../../../arm-none-eabi/lib/thumb/v7-m/nofp/libm.a
END GROUP
START GROUP
LOAD /Applications/STM32CubeIDE.app/Contents/Eclipse/plugins/com.st.stm32cube.ide.mcu.externaltools.gnu-tools-for-stm32.12.3.rel1.macos64_1.0.200.202406191456/tools/bin/../lib/gcc/arm-none-eabi/12.3.1/thumb/v7-m/nofp/libgcc.a
LOAD /Applications/STM32CubeIDE.app/Contents/Eclipse/plugins/com.st.stm32cube.ide.mcu.externaltools.gnu-tools-for-stm32.12.3.rel1.macos64_1.0.200.202406191456/tools/bin/../lib/gcc/arm-none-eabi/12.3.1/../../../../arm-none-eabi/lib/thumb/v7-m/nofp/libc_nano.a
END GROUP
START GROUP
LOAD /Applications/STM32CubeIDE.app/Contents/Eclipse/plugins/com.st.stm32cube.ide.mcu.externaltools.gnu-tools-for-stm32.12.3.rel1.macos64_1.0.200.202406191456/tools/bin/../lib/gcc/arm-none-eabi/12.3.1/thumb/v7-m/nofp/libgcc.a
LOAD /Applications/STM32CubeIDE.app/Contents/Eclipse/plugins/com.st.stm32cube.ide.mcu.externaltools.gnu-tools-for-stm32.12.3.rel1.macos64_1.0.200.202406191456/tools/bin/../lib/gcc/arm-none-eabi/12.3.1/../../../../arm-none-eabi/lib/thumb/v7-m/nofp/libc_nano.a
LOAD /Applications/STM32CubeIDE.app/Contents/Eclipse/plugins/com.st.stm32cube.ide.mcu.externaltools.gnu-tools-for-stm32.12.3.rel1.macos64_1.0.200.202406191456/tools/bin/../lib/gcc/arm-none-eabi/12.3.1/../../../../arm-none-eabi/lib/thumb/v7-m/nofp/libnosys.a
END GROUP
START GROUP
LOAD /Applications/STM32CubeIDE.app/Contents/Eclipse/plugins/com.st.stm32cube.ide.mcu.externaltools.gnu-tools-for-stm32.12.3.rel1.macos64_1.0.200.202406191456/tools/bin/../lib/gcc/arm-none-eabi/12.3.1/thumb/v7-m/nofp/libgcc.a
LOAD /Applications/STM32CubeIDE.app/Contents/Eclipse/plugins/com.st.stm32cube.ide.mcu.externaltools.gnu-tools-for-stm32.12.3.rel1.macos64_1.0.200.202406191456/tools/bin/../lib/gcc/arm-none-eabi/12.3.1/../../../../arm-none-eabi/lib/thumb/v7-m/nofp/libc_nano.a
LOAD /Applications/STM32CubeIDE.app/Contents/Eclipse/plugins/com.st.stm32cube.ide.mcu.externaltools.gnu-tools-for-stm32.12.3.rel1.macos64_1.0.200.202406191456/tools/bin/../lib/gcc/arm-none-eabi/12.3.1/../../../../arm-none-eabi/lib/thumb/v7-m/nofp/libnosys.a
END GROUP
LOAD /Applications/STM32CubeIDE.app/Contents/Eclipse/plugins/com.st.stm32cube.ide.mcu.externaltools.gnu-tools-for-stm32.12.3.rel1.macos64_1.0.200.202406191456/tools/bin/../lib/gcc/arm-none-eabi/12.3.1/thumb/v7-m/nofp/crtend.o
LOAD /Applications/STM32CubeIDE.app/Contents/Eclipse/plugins/com.st.stm32cube.ide.mcu.externaltools.gnu-tools-for-stm32.12.3.rel1.macos64_1.0.200.202406191456/tools/bin/../lib/gcc/arm-none-eabi/12.3.1/thumb/v7-m/nofp/crtn.o
                0x2000c000                        _estack = (ORIGIN (RAM) + LENGTH (RAM))
                0x00000200                        _Min_Heap_Size = 0x200
                0x00000400                        _Min_Stack_Size = 0x400

.isr_vector     0x08000000      0x1e4
                0x08000000                        . = ALIGN (0x4)
 *(.isr_vector)
 .isr_vector    0x08000000      0x1e4 ./Core/Startup/startup_stm32f103rctx.o
                0x08000000                g_pfnVectors
                0x080001e4                        . = ALIGN (0x4)

.text           0x080001e4     0x5ff4
                0x080001e4                        . = ALIGN (0x4)
 *(.text)
 .text          0x080001e4       0x40 /Applications/STM32CubeIDE.app/Contents/Eclipse/plugins/com.st.stm32cube.ide.mcu.externaltools.gnu-tools-for-stm32.12.3.rel1.macos64_1.0.200.202406191456/tools/bin/../lib/gcc/arm-none-eabi/12.3.1/thumb/v7-m/nofp/crtbegin.o
 *(.text*)
 .text.MX_ADC1_Init
                0x08000224      0x144 ./Core/Src/adc.o
                0x08000224                MX_ADC1_Init
 .text.HAL_ADC_MspInit
                0x08000368      0x100 ./Core/Src/adc.o
                0x08000368                HAL_ADC_MspInit
 .text.initBuzzer
                0x08000468       0x14 ./Core/Src/buzzer.o
                0x08000468                initBuzzer
 .text.buzzerSetFreq
                0x0800047c       0x80 ./Core/Src/buzzer.o
                0x0800047c                buzzerSetFreq
 .text.initDisplay
                0x080004fc       0x18 ./Core/Src/display.o
                0x080004fc                initDisplay
 .text.displayScan
                0x08000514      0x100 ./Core/Src/display.o
                0x08000514                displayScan
 .text.displayLed7Seg
                0x08000614       0x58 ./Core/Src/display.o
                0x08000614                displayLed7Seg
 .text.mirrorByte
                0x0800066c       0x66 ./Core/Src/display.o
                0x0800066c                mirrorByte
 *fill*         0x080006d2        0x2 
 .text.displayLeds
                0x080006d4       0x28 ./Core/Src/display.o
                0x080006d4                displayLeds
 .text.MX_DMA_Init
                0x080006fc       0x3c ./Core/Src/dma.o
                0x080006fc                MX_DMA_Init
 .text.MX_GPIO_Init
                0x08000738      0x158 ./Core/Src/gpio.o
                0x08000738                MX_GPIO_Init
 .text.SensorCalib
                0x08000890       0x1c ./Core/Src/line_sensor.o
                0x08000890                SensorCalib
 .text.main     0x080008ac       0x8c ./Core/Src/main.o
                0x080008ac                main
 .text.SystemClock_Config
                0x08000938       0xba ./Core/Src/main.o
                0x08000938                SystemClock_Config
 .text.initSystem
                0x080009f2       0x3a ./Core/Src/main.o
                0x080009f2                initSystem
 .text.Error_Handler
                0x08000a2c        0xc ./Core/Src/main.o
                0x08000a2c                Error_Handler
 .text.initMotor
                0x08000a38       0x2c ./Core/Src/motor.o
                0x08000a38                initMotor
 .text.setSpeed
                0x08000a64       0x78 ./Core/Src/motor.o
                0x08000a64                setSpeed
 .text.motor1Rotates
                0x08000adc       0x54 ./Core/Src/motor.o
                0x08000adc                motor1Rotates
 .text.motor2Rotates
                0x08000b30       0x54 ./Core/Src/motor.o
                0x08000b30                motor2Rotates
 .text.motor3Rotates
                0x08000b84       0x50 ./Core/Src/motor.o
                0x08000b84                motor3Rotates
 .text.motor4Rotates
                0x08000bd4       0x50 ./Core/Src/motor.o
                0x08000bd4                motor4Rotates
 .text.motorStop
                0x08000c24       0x20 ./Core/Src/motor.o
                0x08000c24                motorStop
 .text.moveForward
                0x08000c44       0x28 ./Core/Src/motor.o
                0x08000c44                moveForward
 .text.moveBackward
                0x08000c6c       0x38 ./Core/Src/motor.o
                0x08000c6c                moveBackward
 .text.moveLeft
                0x08000ca4       0x30 ./Core/Src/motor.o
                0x08000ca4                moveLeft
 .text.moveRight
                0x08000cd4       0x30 ./Core/Src/motor.o
                0x08000cd4                moveRight
 .text.moveFrontLeft
                0x08000d04       0x28 ./Core/Src/motor.o
                0x08000d04                moveFrontLeft
 .text.moveFrontRight
                0x08000d2c       0x28 ./Core/Src/motor.o
                0x08000d2c                moveFrontRight
 .text.moveBackLeft
                0x08000d54       0x30 ./Core/Src/motor.o
                0x08000d54                moveBackLeft
 .text.moveBackRight
                0x08000d84       0x30 ./Core/Src/motor.o
                0x08000d84                moveBackRight
 .text.rotateLeft
                0x08000db4       0x30 ./Core/Src/motor.o
                0x08000db4                rotateLeft
 .text.rotateRight
                0x08000de4       0x30 ./Core/Src/motor.o
                0x08000de4                rotateRight
 .text.moveDirection
                0x08000e14       0xa4 ./Core/Src/motor.o
                0x08000e14                moveDirection
 .text.initServo
                0x08000eb8       0x2c ./Core/Src/servo.o
                0x08000eb8                initServo
 .text.servoSetAngle
                0x08000ee4       0x98 ./Core/Src/servo.o
                0x08000ee4                servoSetAngle
 .text.initTimer2
                0x08000f7c       0x14 ./Core/Src/software_timer.o
                0x08000f7c                initTimer2
 .text.sTimer2Set
                0x08000f90       0x38 ./Core/Src/software_timer.o
                0x08000f90                sTimer2Set
 .text.sTimer2GetFlag
                0x08000fc8       0x34 ./Core/Src/software_timer.o
                0x08000fc8                sTimer2GetFlag
 .text.HAL_TIM_PeriodElapsedCallback
                0x08000ffc       0x48 ./Core/Src/software_timer.o
                0x08000ffc                HAL_TIM_PeriodElapsedCallback
 .text.MX_SPI1_Init
                0x08001044       0x6c ./Core/Src/spi.o
                0x08001044                MX_SPI1_Init
 .text.HAL_SPI_MspInit
                0x080010b0       0x94 ./Core/Src/spi.o
                0x080010b0                HAL_SPI_MspInit
 .text.stepMotorMove
                0x08001144       0x50 ./Core/Src/step_motor.o
                0x08001144                stepMotorMove
 .text.HAL_TIM_PWM_PulseFinishedCallback
                0x08001194       0x40 ./Core/Src/step_motor.o
                0x08001194                HAL_TIM_PWM_PulseFinishedCallback
 .text.HAL_MspInit
                0x080011d4       0x64 ./Core/Src/stm32f1xx_hal_msp.o
                0x080011d4                HAL_MspInit
 .text.NMI_Handler
                0x08001238        0x8 ./Core/Src/stm32f1xx_it.o
                0x08001238                NMI_Handler
 .text.HardFault_Handler
                0x08001240        0x8 ./Core/Src/stm32f1xx_it.o
                0x08001240                HardFault_Handler
 .text.MemManage_Handler
                0x08001248        0x8 ./Core/Src/stm32f1xx_it.o
                0x08001248                MemManage_Handler
 .text.BusFault_Handler
                0x08001250        0x8 ./Core/Src/stm32f1xx_it.o
                0x08001250                BusFault_Handler
 .text.UsageFault_Handler
                0x08001258        0x8 ./Core/Src/stm32f1xx_it.o
                0x08001258                UsageFault_Handler
 .text.SVC_Handler
                0x08001260        0xc ./Core/Src/stm32f1xx_it.o
                0x08001260                SVC_Handler
 .text.DebugMon_Handler
                0x0800126c        0xc ./Core/Src/stm32f1xx_it.o
                0x0800126c                DebugMon_Handler
 .text.PendSV_Handler
                0x08001278        0xc ./Core/Src/stm32f1xx_it.o
                0x08001278                PendSV_Handler
 .text.SysTick_Handler
                0x08001284        0xc ./Core/Src/stm32f1xx_it.o
                0x08001284                SysTick_Handler
 .text.DMA1_Channel1_IRQHandler
                0x08001290       0x14 ./Core/Src/stm32f1xx_it.o
                0x08001290                DMA1_Channel1_IRQHandler
 .text.TIM2_IRQHandler
                0x080012a4       0x14 ./Core/Src/stm32f1xx_it.o
                0x080012a4                TIM2_IRQHandler
 .text.TIM3_IRQHandler
                0x080012b8       0x14 ./Core/Src/stm32f1xx_it.o
                0x080012b8                TIM3_IRQHandler
 .text.TIM4_IRQHandler
                0x080012cc       0x14 ./Core/Src/stm32f1xx_it.o
                0x080012cc                TIM4_IRQHandler
 .text.USART1_IRQHandler
                0x080012e0       0x14 ./Core/Src/stm32f1xx_it.o
                0x080012e0                USART1_IRQHandler
 .text.USART2_IRQHandler
                0x080012f4       0x14 ./Core/Src/stm32f1xx_it.o
                0x080012f4                USART2_IRQHandler
 .text.SystemInit
                0x08001308        0xc ./Core/Src/system_stm32f1xx.o
                0x08001308                SystemInit
 .text.MX_TIM2_Init
                0x08001314       0x98 ./Core/Src/tim.o
                0x08001314                MX_TIM2_Init
 .text.MX_TIM3_Init
                0x080013ac       0xec ./Core/Src/tim.o
                0x080013ac                MX_TIM3_Init
 .text.MX_TIM4_Init
                0x08001498      0x11c ./Core/Src/tim.o
                0x08001498                MX_TIM4_Init
 .text.MX_TIM5_Init
                0x080015b4       0xec ./Core/Src/tim.o
                0x080015b4                MX_TIM5_Init
 .text.MX_TIM8_Init
                0x080016a0      0x150 ./Core/Src/tim.o
                0x080016a0                MX_TIM8_Init
 .text.HAL_TIM_Base_MspInit
                0x080017f0       0xe0 ./Core/Src/tim.o
                0x080017f0                HAL_TIM_Base_MspInit
 .text.HAL_TIM_PWM_MspInit
                0x080018d0       0x3c ./Core/Src/tim.o
                0x080018d0                HAL_TIM_PWM_MspInit
 .text.HAL_TIM_MspPostInit
                0x0800190c      0x158 ./Core/Src/tim.o
                0x0800190c                HAL_TIM_MspPostInit
 .text.initUartIt
                0x08001a64       0x2c ./Core/Src/uart.o
                0x08001a64                initUartIt
 .text.HAL_UART_RxCpltCallback
                0x08001a90       0x60 ./Core/Src/uart.o
                0x08001a90                HAL_UART_RxCpltCallback
 .text.MX_USART1_UART_Init
                0x08001af0       0x54 ./Core/Src/usart.o
                0x08001af0                MX_USART1_UART_Init
 .text.MX_USART2_UART_Init
                0x08001b44       0x54 ./Core/Src/usart.o
                0x08001b44                MX_USART2_UART_Init
 .text.HAL_UART_MspInit
                0x08001b98      0x128 ./Core/Src/usart.o
                0x08001b98                HAL_UART_MspInit
 .text.Reset_Handler
                0x08001cc0       0x48 ./Core/Startup/startup_stm32f103rctx.o
                0x08001cc0                Reset_Handler
 .text.Default_Handler
                0x08001d08        0x2 ./Core/Startup/startup_stm32f103rctx.o
                0x08001d08                DMA2_Channel3_IRQHandler
                0x08001d08                EXTI2_IRQHandler
                0x08001d08                TIM8_TRG_COM_IRQHandler
                0x08001d08                TIM8_CC_IRQHandler
                0x08001d08                TIM1_CC_IRQHandler
                0x08001d08                TIM6_IRQHandler
                0x08001d08                PVD_IRQHandler
                0x08001d08                SDIO_IRQHandler
                0x08001d08                EXTI3_IRQHandler
                0x08001d08                EXTI0_IRQHandler
                0x08001d08                I2C2_EV_IRQHandler
                0x08001d08                ADC1_2_IRQHandler
                0x08001d08                SPI1_IRQHandler
                0x08001d08                TAMPER_IRQHandler
                0x08001d08                TIM8_UP_IRQHandler
                0x08001d08                DMA2_Channel2_IRQHandler
                0x08001d08                DMA1_Channel4_IRQHandler
                0x08001d08                USART3_IRQHandler
                0x08001d08                RTC_IRQHandler
                0x08001d08                DMA1_Channel7_IRQHandler
                0x08001d08                CAN1_RX1_IRQHandler
                0x08001d08                UART5_IRQHandler
                0x08001d08                ADC3_IRQHandler
                0x08001d08                DMA2_Channel1_IRQHandler
                0x08001d08                I2C1_EV_IRQHandler
                0x08001d08                DMA1_Channel6_IRQHandler
                0x08001d08                UART4_IRQHandler
                0x08001d08                RCC_IRQHandler
                0x08001d08                TIM1_TRG_COM_IRQHandler
                0x08001d08                Default_Handler
                0x08001d08                EXTI15_10_IRQHandler
                0x08001d08                TIM7_IRQHandler
                0x08001d08                TIM5_IRQHandler
                0x08001d08                EXTI9_5_IRQHandler
                0x08001d08                SPI2_IRQHandler
                0x08001d08                DMA1_Channel5_IRQHandler
                0x08001d08                EXTI4_IRQHandler
                0x08001d08                USB_LP_CAN1_RX0_IRQHandler
                0x08001d08                USB_HP_CAN1_TX_IRQHandler
                0x08001d08                DMA1_Channel3_IRQHandler
                0x08001d08                FSMC_IRQHandler
                0x08001d08                TIM1_UP_IRQHandler
                0x08001d08                WWDG_IRQHandler
                0x08001d08                TIM1_BRK_IRQHandler
                0x08001d08                EXTI1_IRQHandler
                0x08001d08                DMA2_Channel4_5_IRQHandler
                0x08001d08                I2C2_ER_IRQHandler
                0x08001d08                DMA1_Channel2_IRQHandler
                0x08001d08                TIM8_BRK_IRQHandler
                0x08001d08                CAN1_SCE_IRQHandler
                0x08001d08                FLASH_IRQHandler
                0x08001d08                SPI3_IRQHandler
                0x08001d08                I2C1_ER_IRQHandler
                0x08001d08                USBWakeUp_IRQHandler
                0x08001d08                RTC_Alarm_IRQHandler
 *fill*         0x08001d0a        0x2 
 .text.HAL_Init
                0x08001d0c       0x2c ./Drivers/STM32F1xx_HAL_Driver/Src/stm32f1xx_hal.o
                0x08001d0c                HAL_Init
 .text.HAL_InitTick
                0x08001d38       0x60 ./Drivers/STM32F1xx_HAL_Driver/Src/stm32f1xx_hal.o
                0x08001d38                HAL_InitTick
 .text.HAL_IncTick
                0x08001d98       0x24 ./Drivers/STM32F1xx_HAL_Driver/Src/stm32f1xx_hal.o
                0x08001d98                HAL_IncTick
 .text.HAL_GetTick
                0x08001dbc       0x14 ./Drivers/STM32F1xx_HAL_Driver/Src/stm32f1xx_hal.o
                0x08001dbc                HAL_GetTick
 .text.HAL_ADC_Init
                0x08001dd0      0x1d4 ./Drivers/STM32F1xx_HAL_Driver/Src/stm32f1xx_hal_adc.o
                0x08001dd0                HAL_ADC_Init
 .text.HAL_ADC_Start_DMA
                0x08001fa4      0x1bc ./Drivers/STM32F1xx_HAL_Driver/Src/stm32f1xx_hal_adc.o
                0x08001fa4                HAL_ADC_Start_DMA
 .text.HAL_ADC_ConvCpltCallback
                0x08002160       0x12 ./Drivers/STM32F1xx_HAL_Driver/Src/stm32f1xx_hal_adc.o
                0x08002160                HAL_ADC_ConvCpltCallback
 .text.HAL_ADC_ConvHalfCpltCallback
                0x08002172       0x12 ./Drivers/STM32F1xx_HAL_Driver/Src/stm32f1xx_hal_adc.o
                0x08002172                HAL_ADC_ConvHalfCpltCallback
 .text.HAL_ADC_ErrorCallback
                0x08002184       0x12 ./Drivers/STM32F1xx_HAL_Driver/Src/stm32f1xx_hal_adc.o
                0x08002184                HAL_ADC_ErrorCallback
 *fill*         0x08002196        0x2 
 .text.HAL_ADC_ConfigChannel
                0x08002198      0x1f0 ./Drivers/STM32F1xx_HAL_Driver/Src/stm32f1xx_hal_adc.o
                0x08002198                HAL_ADC_ConfigChannel
 .text.ADC_Enable
                0x08002388       0xb4 ./Drivers/STM32F1xx_HAL_Driver/Src/stm32f1xx_hal_adc.o
                0x08002388                ADC_Enable
 .text.ADC_ConversionStop_Disable
                0x0800243c       0x82 ./Drivers/STM32F1xx_HAL_Driver/Src/stm32f1xx_hal_adc.o
                0x0800243c                ADC_ConversionStop_Disable
 .text.ADC_DMAConvCplt
                0x080024be       0x7c ./Drivers/STM32F1xx_HAL_Driver/Src/stm32f1xx_hal_adc.o
                0x080024be                ADC_DMAConvCplt
 .text.ADC_DMAHalfConvCplt
                0x0800253a       0x1c ./Drivers/STM32F1xx_HAL_Driver/Src/stm32f1xx_hal_adc.o
                0x0800253a                ADC_DMAHalfConvCplt
 .text.ADC_DMAError
                0x08002556       0x34 ./Drivers/STM32F1xx_HAL_Driver/Src/stm32f1xx_hal_adc.o
                0x08002556                ADC_DMAError
 *fill*         0x0800258a        0x2 
 .text.__NVIC_SetPriorityGrouping
                0x0800258c       0x48 ./Drivers/STM32F1xx_HAL_Driver/Src/stm32f1xx_hal_cortex.o
 .text.__NVIC_GetPriorityGrouping
                0x080025d4       0x1c ./Drivers/STM32F1xx_HAL_Driver/Src/stm32f1xx_hal_cortex.o
 .text.__NVIC_EnableIRQ
                0x080025f0       0x38 ./Drivers/STM32F1xx_HAL_Driver/Src/stm32f1xx_hal_cortex.o
 .text.__NVIC_SetPriority
                0x08002628       0x54 ./Drivers/STM32F1xx_HAL_Driver/Src/stm32f1xx_hal_cortex.o
 .text.NVIC_EncodePriority
                0x0800267c       0x64 ./Drivers/STM32F1xx_HAL_Driver/Src/stm32f1xx_hal_cortex.o
 .text.SysTick_Config
                0x080026e0       0x44 ./Drivers/STM32F1xx_HAL_Driver/Src/stm32f1xx_hal_cortex.o
 .text.HAL_NVIC_SetPriorityGrouping
                0x08002724       0x16 ./Drivers/STM32F1xx_HAL_Driver/Src/stm32f1xx_hal_cortex.o
                0x08002724                HAL_NVIC_SetPriorityGrouping
 .text.HAL_NVIC_SetPriority
                0x0800273a       0x38 ./Drivers/STM32F1xx_HAL_Driver/Src/stm32f1xx_hal_cortex.o
                0x0800273a                HAL_NVIC_SetPriority
 .text.HAL_NVIC_EnableIRQ
                0x08002772       0x1c ./Drivers/STM32F1xx_HAL_Driver/Src/stm32f1xx_hal_cortex.o
                0x08002772                HAL_NVIC_EnableIRQ
 .text.HAL_SYSTICK_Config
                0x0800278e       0x18 ./Drivers/STM32F1xx_HAL_Driver/Src/stm32f1xx_hal_cortex.o
                0x0800278e                HAL_SYSTICK_Config
 *fill*         0x080027a6        0x2 
 .text.HAL_DMA_Init
                0x080027a8       0xec ./Drivers/STM32F1xx_HAL_Driver/Src/stm32f1xx_hal_dma.o
                0x080027a8                HAL_DMA_Init
 .text.HAL_DMA_Start_IT
                0x08002894       0xc0 ./Drivers/STM32F1xx_HAL_Driver/Src/stm32f1xx_hal_dma.o
                0x08002894                HAL_DMA_Start_IT
 .text.HAL_DMA_Abort
                0x08002954       0x76 ./Drivers/STM32F1xx_HAL_Driver/Src/stm32f1xx_hal_dma.o
                0x08002954                HAL_DMA_Abort
 *fill*         0x080029ca        0x2 
 .text.HAL_DMA_Abort_IT
                0x080029cc      0x210 ./Drivers/STM32F1xx_HAL_Driver/Src/stm32f1xx_hal_dma.o
                0x080029cc                HAL_DMA_Abort_IT
 .text.HAL_DMA_IRQHandler
                0x08002bdc      0x478 ./Drivers/STM32F1xx_HAL_Driver/Src/stm32f1xx_hal_dma.o
                0x08002bdc                HAL_DMA_IRQHandler
 .text.DMA_SetConfig
                0x08003054       0x5a ./Drivers/STM32F1xx_HAL_Driver/Src/stm32f1xx_hal_dma.o
 *fill*         0x080030ae        0x2 
 .text.HAL_GPIO_Init
                0x080030b0      0x328 ./Drivers/STM32F1xx_HAL_Driver/Src/stm32f1xx_hal_gpio.o
                0x080030b0                HAL_GPIO_Init
 .text.HAL_GPIO_WritePin
                0x080033d8       0x30 ./Drivers/STM32F1xx_HAL_Driver/Src/stm32f1xx_hal_gpio.o
                0x080033d8                HAL_GPIO_WritePin
 .text.HAL_GPIO_TogglePin
                0x08003408       0x32 ./Drivers/STM32F1xx_HAL_Driver/Src/stm32f1xx_hal_gpio.o
                0x08003408                HAL_GPIO_TogglePin
 *fill*         0x0800343a        0x2 
 .text.HAL_RCC_OscConfig
                0x0800343c      0x504 ./Drivers/STM32F1xx_HAL_Driver/Src/stm32f1xx_hal_rcc.o
                0x0800343c                HAL_RCC_OscConfig
 .text.HAL_RCC_ClockConfig
                0x08003940      0x1d4 ./Drivers/STM32F1xx_HAL_Driver/Src/stm32f1xx_hal_rcc.o
                0x08003940                HAL_RCC_ClockConfig
 .text.HAL_RCC_GetSysClockFreq
                0x08003b14       0xa8 ./Drivers/STM32F1xx_HAL_Driver/Src/stm32f1xx_hal_rcc.o
                0x08003b14                HAL_RCC_GetSysClockFreq
 .text.HAL_RCC_GetHCLKFreq
                0x08003bbc       0x14 ./Drivers/STM32F1xx_HAL_Driver/Src/stm32f1xx_hal_rcc.o
                0x08003bbc                HAL_RCC_GetHCLKFreq
 .text.HAL_RCC_GetPCLK1Freq
                0x08003bd0       0x28 ./Drivers/STM32F1xx_HAL_Driver/Src/stm32f1xx_hal_rcc.o
                0x08003bd0                HAL_RCC_GetPCLK1Freq
 .text.HAL_RCC_GetPCLK2Freq
                0x08003bf8       0x28 ./Drivers/STM32F1xx_HAL_Driver/Src/stm32f1xx_hal_rcc.o
                0x08003bf8                HAL_RCC_GetPCLK2Freq
 .text.RCC_Delay
                0x08003c20       0x3c ./Drivers/STM32F1xx_HAL_Driver/Src/stm32f1xx_hal_rcc.o
 .text.HAL_RCCEx_PeriphCLKConfig
                0x08003c5c      0x16c ./Drivers/STM32F1xx_HAL_Driver/Src/stm32f1xx_hal_rcc_ex.o
                0x08003c5c                HAL_RCCEx_PeriphCLKConfig
 .text.HAL_SPI_Init
                0x08003dc8      0x108 ./Drivers/STM32F1xx_HAL_Driver/Src/stm32f1xx_hal_spi.o
                0x08003dc8                HAL_SPI_Init
 .text.HAL_SPI_Transmit
                0x08003ed0      0x286 ./Drivers/STM32F1xx_HAL_Driver/Src/stm32f1xx_hal_spi.o
                0x08003ed0                HAL_SPI_Transmit
 *fill*         0x08004156        0x2 
 .text.SPI_WaitFlagStateUntilTimeout
                0x08004158      0x110 ./Drivers/STM32F1xx_HAL_Driver/Src/stm32f1xx_hal_spi.o
 .text.SPI_EndRxTxTransaction
                0x08004268       0x3c ./Drivers/STM32F1xx_HAL_Driver/Src/stm32f1xx_hal_spi.o
 .text.HAL_TIM_Base_Init
                0x080042a4       0x9e ./Drivers/STM32F1xx_HAL_Driver/Src/stm32f1xx_hal_tim.o
                0x080042a4                HAL_TIM_Base_Init
 *fill*         0x08004342        0x2 
 .text.HAL_TIM_Base_Start_IT
                0x08004344       0xc0 ./Drivers/STM32F1xx_HAL_Driver/Src/stm32f1xx_hal_tim.o
                0x08004344                HAL_TIM_Base_Start_IT
 .text.HAL_TIM_PWM_Init
                0x08004404       0x9e ./Drivers/STM32F1xx_HAL_Driver/Src/stm32f1xx_hal_tim.o
                0x08004404                HAL_TIM_PWM_Init
 *fill*         0x080044a2        0x2 
 .text.HAL_TIM_PWM_Start
                0x080044a4      0x174 ./Drivers/STM32F1xx_HAL_Driver/Src/stm32f1xx_hal_tim.o
                0x080044a4                HAL_TIM_PWM_Start
 .text.HAL_TIM_PWM_Start_IT
                0x08004618      0x210 ./Drivers/STM32F1xx_HAL_Driver/Src/stm32f1xx_hal_tim.o
                0x08004618                HAL_TIM_PWM_Start_IT
 .text.HAL_TIM_PWM_Stop_IT
                0x08004828      0x17c ./Drivers/STM32F1xx_HAL_Driver/Src/stm32f1xx_hal_tim.o
                0x08004828                HAL_TIM_PWM_Stop_IT
 .text.HAL_TIM_IRQHandler
                0x080049a4      0x210 ./Drivers/STM32F1xx_HAL_Driver/Src/stm32f1xx_hal_tim.o
                0x080049a4                HAL_TIM_IRQHandler
 .text.HAL_TIM_PWM_ConfigChannel
                0x08004bb4      0x184 ./Drivers/STM32F1xx_HAL_Driver/Src/stm32f1xx_hal_tim.o
                0x08004bb4                HAL_TIM_PWM_ConfigChannel
 .text.HAL_TIM_ConfigClockSource
                0x08004d38      0x18e ./Drivers/STM32F1xx_HAL_Driver/Src/stm32f1xx_hal_tim.o
                0x08004d38                HAL_TIM_ConfigClockSource
 .text.HAL_TIM_OC_DelayElapsedCallback
                0x08004ec6       0x12 ./Drivers/STM32F1xx_HAL_Driver/Src/stm32f1xx_hal_tim.o
                0x08004ec6                HAL_TIM_OC_DelayElapsedCallback
 .text.HAL_TIM_IC_CaptureCallback
                0x08004ed8       0x12 ./Drivers/STM32F1xx_HAL_Driver/Src/stm32f1xx_hal_tim.o
                0x08004ed8                HAL_TIM_IC_CaptureCallback
 .text.HAL_TIM_TriggerCallback
                0x08004eea       0x12 ./Drivers/STM32F1xx_HAL_Driver/Src/stm32f1xx_hal_tim.o
                0x08004eea                HAL_TIM_TriggerCallback
 .text.TIM_Base_SetConfig
                0x08004efc       0xf4 ./Drivers/STM32F1xx_HAL_Driver/Src/stm32f1xx_hal_tim.o
                0x08004efc                TIM_Base_SetConfig
 .text.TIM_OC1_SetConfig
                0x08004ff0       0xe0 ./Drivers/STM32F1xx_HAL_Driver/Src/stm32f1xx_hal_tim.o
 .text.TIM_OC2_SetConfig
                0x080050d0       0xe8 ./Drivers/STM32F1xx_HAL_Driver/Src/stm32f1xx_hal_tim.o
                0x080050d0                TIM_OC2_SetConfig
 .text.TIM_OC3_SetConfig
                0x080051b8       0xe8 ./Drivers/STM32F1xx_HAL_Driver/Src/stm32f1xx_hal_tim.o
 .text.TIM_OC4_SetConfig
                0x080052a0       0xa8 ./Drivers/STM32F1xx_HAL_Driver/Src/stm32f1xx_hal_tim.o
 .text.TIM_TI1_ConfigInputStage
                0x08005348       0x5c ./Drivers/STM32F1xx_HAL_Driver/Src/stm32f1xx_hal_tim.o
 .text.TIM_TI2_ConfigInputStage
                0x080053a4       0x5e ./Drivers/STM32F1xx_HAL_Driver/Src/stm32f1xx_hal_tim.o
 .text.TIM_ITRx_SetConfig
                0x08005402       0x34 ./Drivers/STM32F1xx_HAL_Driver/Src/stm32f1xx_hal_tim.o
 .text.TIM_ETR_SetConfig
                0x08005436       0x3e ./Drivers/STM32F1xx_HAL_Driver/Src/stm32f1xx_hal_tim.o
                0x08005436                TIM_ETR_SetConfig
 .text.TIM_CCxChannelCmd
                0x08005474       0x48 ./Drivers/STM32F1xx_HAL_Driver/Src/stm32f1xx_hal_tim.o
                0x08005474                TIM_CCxChannelCmd
 .text.HAL_TIMEx_MasterConfigSynchronization
                0x080054bc       0xd8 ./Drivers/STM32F1xx_HAL_Driver/Src/stm32f1xx_hal_tim_ex.o
                0x080054bc                HAL_TIMEx_MasterConfigSynchronization
 .text.HAL_TIMEx_ConfigBreakDeadTime
                0x08005594       0xa2 ./Drivers/STM32F1xx_HAL_Driver/Src/stm32f1xx_hal_tim_ex.o
                0x08005594                HAL_TIMEx_ConfigBreakDeadTime
 .text.HAL_TIMEx_CommutCallback
                0x08005636       0x12 ./Drivers/STM32F1xx_HAL_Driver/Src/stm32f1xx_hal_tim_ex.o
                0x08005636                HAL_TIMEx_CommutCallback
 .text.HAL_TIMEx_BreakCallback
                0x08005648       0x12 ./Drivers/STM32F1xx_HAL_Driver/Src/stm32f1xx_hal_tim_ex.o
                0x08005648                HAL_TIMEx_BreakCallback
 .text.HAL_UART_Init
                0x0800565a       0xa0 ./Drivers/STM32F1xx_HAL_Driver/Src/stm32f1xx_hal_uart.o
                0x0800565a                HAL_UART_Init
 .text.HAL_UART_Receive_IT
                0x080056fa       0x4a ./Drivers/STM32F1xx_HAL_Driver/Src/stm32f1xx_hal_uart.o
                0x080056fa                HAL_UART_Receive_IT
 .text.HAL_UART_IRQHandler
                0x08005744      0x524 ./Drivers/STM32F1xx_HAL_Driver/Src/stm32f1xx_hal_uart.o
                0x08005744                HAL_UART_IRQHandler
 .text.HAL_UART_TxCpltCallback
                0x08005c68       0x12 ./Drivers/STM32F1xx_HAL_Driver/Src/stm32f1xx_hal_uart.o
                0x08005c68                HAL_UART_TxCpltCallback
 .text.HAL_UART_ErrorCallback
                0x08005c7a       0x12 ./Drivers/STM32F1xx_HAL_Driver/Src/stm32f1xx_hal_uart.o
                0x08005c7a                HAL_UART_ErrorCallback
 .text.HAL_UARTEx_RxEventCallback
                0x08005c8c       0x16 ./Drivers/STM32F1xx_HAL_Driver/Src/stm32f1xx_hal_uart.o
                0x08005c8c                HAL_UARTEx_RxEventCallback
 .text.UART_Start_Receive_IT
                0x08005ca2       0x72 ./Drivers/STM32F1xx_HAL_Driver/Src/stm32f1xx_hal_uart.o
                0x08005ca2                UART_Start_Receive_IT
 .text.UART_EndRxTransfer
                0x08005d14       0xc4 ./Drivers/STM32F1xx_HAL_Driver/Src/stm32f1xx_hal_uart.o
 .text.UART_DMAAbortOnError
                0x08005dd8       0x28 ./Drivers/STM32F1xx_HAL_Driver/Src/stm32f1xx_hal_uart.o
 .text.UART_Transmit_IT
                0x08005e00       0x9e ./Drivers/STM32F1xx_HAL_Driver/Src/stm32f1xx_hal_uart.o
 .text.UART_EndTransmit_IT
                0x08005e9e       0x30 ./Drivers/STM32F1xx_HAL_Driver/Src/stm32f1xx_hal_uart.o
 .text.UART_Receive_IT
                0x08005ece      0x17c ./Drivers/STM32F1xx_HAL_Driver/Src/stm32f1xx_hal_uart.o
 *fill*         0x0800604a        0x2 
 .text.UART_SetConfig
                0x0800604c      0x11c ./Drivers/STM32F1xx_HAL_Driver/Src/stm32f1xx_hal_uart.o
 .text.memset   0x08006168       0x10 /Applications/STM32CubeIDE.app/Contents/Eclipse/plugins/com.st.stm32cube.ide.mcu.externaltools.gnu-tools-for-stm32.12.3.rel1.macos64_1.0.200.202406191456/tools/bin/../lib/gcc/arm-none-eabi/12.3.1/../../../../arm-none-eabi/lib/thumb/v7-m/nofp/libc_nano.a(libc_a-memset.o)
                0x08006168                memset
 .text.__libc_init_array
                0x08006178       0x48 /Applications/STM32CubeIDE.app/Contents/Eclipse/plugins/com.st.stm32cube.ide.mcu.externaltools.gnu-tools-for-stm32.12.3.rel1.macos64_1.0.200.202406191456/tools/bin/../lib/gcc/arm-none-eabi/12.3.1/../../../../arm-none-eabi/lib/thumb/v7-m/nofp/libc_nano.a(libc_a-init.o)
                0x08006178                __libc_init_array
 *(.glue_7)
 .glue_7        0x080061c0        0x0 linker stubs
 *(.glue_7t)
 .glue_7t       0x080061c0        0x0 linker stubs
 *(.eh_frame)
 .eh_frame      0x080061c0        0x0 /Applications/STM32CubeIDE.app/Contents/Eclipse/plugins/com.st.stm32cube.ide.mcu.externaltools.gnu-tools-for-stm32.12.3.rel1.macos64_1.0.200.202406191456/tools/bin/../lib/gcc/arm-none-eabi/12.3.1/thumb/v7-m/nofp/crtbegin.o
 *(.init)
 .init          0x080061c0        0x4 /Applications/STM32CubeIDE.app/Contents/Eclipse/plugins/com.st.stm32cube.ide.mcu.externaltools.gnu-tools-for-stm32.12.3.rel1.macos64_1.0.200.202406191456/tools/bin/../lib/gcc/arm-none-eabi/12.3.1/thumb/v7-m/nofp/crti.o
                0x080061c0                _init
 .init          0x080061c4        0x8 /Applications/STM32CubeIDE.app/Contents/Eclipse/plugins/com.st.stm32cube.ide.mcu.externaltools.gnu-tools-for-stm32.12.3.rel1.macos64_1.0.200.202406191456/tools/bin/../lib/gcc/arm-none-eabi/12.3.1/thumb/v7-m/nofp/crtn.o
 *(.fini)
 .fini          0x080061cc        0x4 /Applications/STM32CubeIDE.app/Contents/Eclipse/plugins/com.st.stm32cube.ide.mcu.externaltools.gnu-tools-for-stm32.12.3.rel1.macos64_1.0.200.202406191456/tools/bin/../lib/gcc/arm-none-eabi/12.3.1/thumb/v7-m/nofp/crti.o
                0x080061cc                _fini
 .fini          0x080061d0        0x8 /Applications/STM32CubeIDE.app/Contents/Eclipse/plugins/com.st.stm32cube.ide.mcu.externaltools.gnu-tools-for-stm32.12.3.rel1.macos64_1.0.200.202406191456/tools/bin/../lib/gcc/arm-none-eabi/12.3.1/thumb/v7-m/nofp/crtn.o
                0x080061d8                        . = ALIGN (0x4)
                0x080061d8                        _etext = .

.vfp11_veneer   0x080061d8        0x0
 .vfp11_veneer  0x080061d8        0x0 linker stubs

.v4_bx          0x080061d8        0x0
 .v4_bx         0x080061d8        0x0 linker stubs

.iplt           0x080061d8        0x0
 .iplt          0x080061d8        0x0 /Applications/STM32CubeIDE.app/Contents/Eclipse/plugins/com.st.stm32cube.ide.mcu.externaltools.gnu-tools-for-stm32.12.3.rel1.macos64_1.0.200.202406191456/tools/bin/../lib/gcc/arm-none-eabi/12.3.1/thumb/v7-m/nofp/crtbegin.o

.rodata         0x080061d8       0x48
                0x080061d8                        . = ALIGN (0x4)
 *(.rodata)
 *(.rodata*)
 .rodata.motor_channel
                0x080061d8       0x10 ./Core/Src/motor.o
                0x080061d8                motor_channel
 .rodata.servo_channel
                0x080061e8        0xc ./Core/Src/servo.o
                0x080061e8                servo_channel
 .rodata.AHBPrescTable
                0x080061f4       0x10 ./Core/Src/system_stm32f1xx.o
                0x080061f4                AHBPrescTable
 .rodata.APBPrescTable
                0x08006204        0x8 ./Core/Src/system_stm32f1xx.o
                0x08006204                APBPrescTable
 .rodata.aPLLMULFactorTable.1
                0x0800620c       0x10 ./Drivers/STM32F1xx_HAL_Driver/Src/stm32f1xx_hal_rcc.o
 .rodata.aPredivFactorTable.0
                0x0800621c        0x2 ./Drivers/STM32F1xx_HAL_Driver/Src/stm32f1xx_hal_rcc.o
                0x08006220                        . = ALIGN (0x4)
 *fill*         0x0800621e        0x2 

.ARM.extab      0x08006220        0x0
                0x08006220                        . = ALIGN (0x4)
 *(.ARM.extab* .gnu.linkonce.armextab.*)
                0x08006220                        . = ALIGN (0x4)

.ARM            0x08006220        0x0
                0x08006220                        . = ALIGN (0x4)
                0x08006220                        __exidx_start = .
 *(.ARM.exidx*)
                0x08006220                        __exidx_end = .
                0x08006220                        . = ALIGN (0x4)

.preinit_array  0x08006220        0x0
                0x08006220                        . = ALIGN (0x4)
                0x08006220                        PROVIDE (__preinit_array_start = .)
 *(.preinit_array*)
                0x08006220                        PROVIDE (__preinit_array_end = .)
                0x08006220                        . = ALIGN (0x4)

.init_array     0x08006220        0x4
                0x08006220                        . = ALIGN (0x4)
                0x08006220                        PROVIDE (__init_array_start = .)
 *(SORT_BY_NAME(.init_array.*))
 *(.init_array*)
 .init_array    0x08006220        0x4 /Applications/STM32CubeIDE.app/Contents/Eclipse/plugins/com.st.stm32cube.ide.mcu.externaltools.gnu-tools-for-stm32.12.3.rel1.macos64_1.0.200.202406191456/tools/bin/../lib/gcc/arm-none-eabi/12.3.1/thumb/v7-m/nofp/crtbegin.o
                0x08006224                        PROVIDE (__init_array_end = .)
                0x08006224                        . = ALIGN (0x4)

.fini_array     0x08006224        0x4
                0x08006224                        . = ALIGN (0x4)
                [!provide]                        PROVIDE (__fini_array_start = .)
 *(SORT_BY_NAME(.fini_array.*))
 *(.fini_array*)
 .fini_array    0x08006224        0x4 /Applications/STM32CubeIDE.app/Contents/Eclipse/plugins/com.st.stm32cube.ide.mcu.externaltools.gnu-tools-for-stm32.12.3.rel1.macos64_1.0.200.202406191456/tools/bin/../lib/gcc/arm-none-eabi/12.3.1/thumb/v7-m/nofp/crtbegin.o
                [!provide]                        PROVIDE (__fini_array_end = .)
                0x08006228                        . = ALIGN (0x4)
                0x08006228                        _sidata = LOADADDR (.data)

.rel.dyn        0x08006228        0x0
 .rel.iplt      0x08006228        0x0 /Applications/STM32CubeIDE.app/Contents/Eclipse/plugins/com.st.stm32cube.ide.mcu.externaltools.gnu-tools-for-stm32.12.3.rel1.macos64_1.0.200.202406191456/tools/bin/../lib/gcc/arm-none-eabi/12.3.1/thumb/v7-m/nofp/crtbegin.o

.data           0x20000000       0x18 load address 0x08006228
                0x20000000                        . = ALIGN (0x4)
                0x20000000                        _sdata = .
 *(.data)
 *(.data*)
 .data.display_7seg_map
                0x20000000        0xa ./Core/Src/display.o
                0x20000000                display_7seg_map
 .data.spi_buffer
                0x2000000a        0x1 ./Core/Src/display.o
                0x2000000a                spi_buffer
 *fill*         0x2000000b        0x1 
 .data.SystemCoreClock
                0x2000000c        0x4 ./Core/Src/system_stm32f1xx.o
                0x2000000c                SystemCoreClock
 .data.uwTickPrio
                0x20000010        0x4 ./Drivers/STM32F1xx_HAL_Driver/Src/stm32f1xx_hal.o
                0x20000010                uwTickPrio
 .data.uwTickFreq
                0x20000014        0x1 ./Drivers/STM32F1xx_HAL_Driver/Src/stm32f1xx_hal.o
                0x20000014                uwTickFreq
 *(.RamFunc)
 *(.RamFunc*)
                0x20000018                        . = ALIGN (0x4)
 *fill*         0x20000015        0x3 
                0x20000018                        _edata = .

.igot.plt       0x20000018        0x0 load address 0x08006240
 .igot.plt      0x20000018        0x0 /Applications/STM32CubeIDE.app/Contents/Eclipse/plugins/com.st.stm32cube.ide.mcu.externaltools.gnu-tools-for-stm32.12.3.rel1.macos64_1.0.200.202406191456/tools/bin/../lib/gcc/arm-none-eabi/12.3.1/thumb/v7-m/nofp/crtbegin.o
                0x20000018                        . = ALIGN (0x4)

.bss            0x20000018      0x30c load address 0x08006240
                0x20000018                        _sbss = .
                0x20000018                        __bss_start__ = _sbss
 *(.bss)
 .bss           0x20000018       0x1c /Applications/STM32CubeIDE.app/Contents/Eclipse/plugins/com.st.stm32cube.ide.mcu.externaltools.gnu-tools-for-stm32.12.3.rel1.macos64_1.0.200.202406191456/tools/bin/../lib/gcc/arm-none-eabi/12.3.1/thumb/v7-m/nofp/crtbegin.o
 *(.bss*)
 .bss.hadc1     0x20000034       0x30 ./Core/Src/adc.o
                0x20000034                hadc1
 .bss.hdma_adc1
                0x20000064       0x44 ./Core/Src/adc.o
                0x20000064                hdma_adc1
 .bss.display_buffer
                0x200000a8        0x3 ./Core/Src/display.o
                0x200000a8                display_buffer
 *fill*         0x200000ab        0x1 
 .bss.display_index
                0x200000ac        0x2 ./Core/Src/display.o
                0x200000ac                display_index
 *fill*         0x200000ae        0x2 
 .bss.sensor_calib
                0x200000b0       0x10 ./Core/Src/line_sensor.o
                0x200000b0                sensor_calib
 .bss.timer_2_flag
                0x200000c0        0x1 ./Core/Src/software_timer.o
                0x200000c0                timer_2_flag
 *fill*         0x200000c1        0x1 
 .bss.timer_2_counter
                0x200000c2        0x2 ./Core/Src/software_timer.o
                0x200000c2                timer_2_counter
 .bss.timer_2_mul
                0x200000c4        0x2 ./Core/Src/software_timer.o
                0x200000c4                timer_2_mul
 *fill*         0x200000c6        0x2 
 .bss.hspi1     0x200000c8       0x58 ./Core/Src/spi.o
                0x200000c8                hspi1
 .bss.spr_counter
                0x20000120        0x4 ./Core/Src/step_motor.o
                0x20000120                spr_counter
 .bss.htim2     0x20000124       0x48 ./Core/Src/tim.o
                0x20000124                htim2
 .bss.htim3     0x2000016c       0x48 ./Core/Src/tim.o
                0x2000016c                htim3
 .bss.htim4     0x200001b4       0x48 ./Core/Src/tim.o
                0x200001b4                htim4
 .bss.htim5     0x200001fc       0x48 ./Core/Src/tim.o
                0x200001fc                htim5
 .bss.htim8     0x20000244       0x48 ./Core/Src/tim.o
                0x20000244                htim8
 .bss.receive_buffer_1
                0x2000028c        0x1 ./Core/Src/uart.o
                0x2000028c                receive_buffer_1
 .bss.receive_buffer_2
                0x2000028d        0x1 ./Core/Src/uart.o
                0x2000028d                receive_buffer_2
 .bss.uart_1_flag
                0x2000028e        0x1 ./Core/Src/uart.o
                0x2000028e                uart_1_flag
 *fill*         0x2000028f        0x1 
 .bss.huart1    0x20000290       0x48 ./Core/Src/usart.o
                0x20000290                huart1
 .bss.huart2    0x200002d8       0x48 ./Core/Src/usart.o
                0x200002d8                huart2
 .bss.uwTick    0x20000320        0x4 ./Drivers/STM32F1xx_HAL_Driver/Src/stm32f1xx_hal.o
                0x20000320                uwTick
 *(COMMON)
                0x20000324                        . = ALIGN (0x4)
                0x20000324                        _ebss = .
                0x20000324                        __bss_end__ = _ebss

._user_heap_stack
                0x20000324      0x604 load address 0x08006240
                0x20000328                        . = ALIGN (0x8)
 *fill*         0x20000324        0x4 
                [!provide]                        PROVIDE (end = .)
                0x20000328                        PROVIDE (_end = .)
                0x20000528                        . = (. + _Min_Heap_Size)
 *fill*         0x20000328      0x200 
                0x20000928                        . = (. + _Min_Stack_Size)
 *fill*         0x20000528      0x400 
                0x20000928                        . = ALIGN (0x8)

/DISCARD/
 libc.a(*)
 libm.a(*)
 libgcc.a(*)

.ARM.attributes
                0x00000000       0x29
 *(.ARM.attributes)
 .ARM.attributes
                0x00000000       0x1d /Applications/STM32CubeIDE.app/Contents/Eclipse/plugins/com.st.stm32cube.ide.mcu.externaltools.gnu-tools-for-stm32.12.3.rel1.macos64_1.0.200.202406191456/tools/bin/../lib/gcc/arm-none-eabi/12.3.1/thumb/v7-m/nofp/crti.o
 .ARM.attributes
                0x0000001d       0x2d /Applications/STM32CubeIDE.app/Contents/Eclipse/plugins/com.st.stm32cube.ide.mcu.externaltools.gnu-tools-for-stm32.12.3.rel1.macos64_1.0.200.202406191456/tools/bin/../lib/gcc/arm-none-eabi/12.3.1/thumb/v7-m/nofp/crtbegin.o
 .ARM.attributes
                0x0000004a       0x2d ./Core/Src/adc.o
 .ARM.attributes
                0x00000077       0x2d ./Core/Src/buzzer.o
 .ARM.attributes
                0x000000a4       0x2d ./Core/Src/display.o
 .ARM.attributes
                0x000000d1       0x2d ./Core/Src/dma.o
 .ARM.attributes
                0x000000fe       0x2d ./Core/Src/gpio.o
 .ARM.attributes
                0x0000012b       0x2d ./Core/Src/line_sensor.o
 .ARM.attributes
                0x00000158       0x2d ./Core/Src/main.o
 .ARM.attributes
                0x00000185       0x2d ./Core/Src/motor.o
 .ARM.attributes
                0x000001b2       0x2d ./Core/Src/servo.o
 .ARM.attributes
                0x000001df       0x2d ./Core/Src/software_timer.o
 .ARM.attributes
                0x0000020c       0x2d ./Core/Src/spi.o
 .ARM.attributes
                0x00000239       0x2d ./Core/Src/step_motor.o
 .ARM.attributes
                0x00000266       0x2d ./Core/Src/stm32f1xx_hal_msp.o
 .ARM.attributes
                0x00000293       0x2d ./Core/Src/stm32f1xx_it.o
 .ARM.attributes
                0x000002c0       0x2d ./Core/Src/system_stm32f1xx.o
 .ARM.attributes
                0x000002ed       0x2d ./Core/Src/tim.o
 .ARM.attributes
                0x0000031a       0x2d ./Core/Src/uart.o
 .ARM.attributes
                0x00000347       0x2d ./Core/Src/usart.o
 .ARM.attributes
                0x00000374       0x21 ./Core/Startup/startup_stm32f103rctx.o
 .ARM.attributes
                0x00000395       0x2d ./Drivers/STM32F1xx_HAL_Driver/Src/stm32f1xx_hal.o
 .ARM.attributes
                0x000003c2       0x2d ./Drivers/STM32F1xx_HAL_Driver/Src/stm32f1xx_hal_adc.o
 .ARM.attributes
                0x000003ef       0x2d ./Drivers/STM32F1xx_HAL_Driver/Src/stm32f1xx_hal_cortex.o
 .ARM.attributes
                0x0000041c       0x2d ./Drivers/STM32F1xx_HAL_Driver/Src/stm32f1xx_hal_dma.o
 .ARM.attributes
                0x00000449       0x2d ./Drivers/STM32F1xx_HAL_Driver/Src/stm32f1xx_hal_gpio.o
 .ARM.attributes
                0x00000476       0x2d ./Drivers/STM32F1xx_HAL_Driver/Src/stm32f1xx_hal_rcc.o
 .ARM.attributes
                0x000004a3       0x2d ./Drivers/STM32F1xx_HAL_Driver/Src/stm32f1xx_hal_rcc_ex.o
 .ARM.attributes
                0x000004d0       0x2d ./Drivers/STM32F1xx_HAL_Driver/Src/stm32f1xx_hal_spi.o
 .ARM.attributes
                0x000004fd       0x2d ./Drivers/STM32F1xx_HAL_Driver/Src/stm32f1xx_hal_tim.o
 .ARM.attributes
                0x0000052a       0x2d ./Drivers/STM32F1xx_HAL_Driver/Src/stm32f1xx_hal_tim_ex.o
 .ARM.attributes
                0x00000557       0x2d ./Drivers/STM32F1xx_HAL_Driver/Src/stm32f1xx_hal_uart.o
 .ARM.attributes
                0x00000584       0x2d /Applications/STM32CubeIDE.app/Contents/Eclipse/plugins/com.st.stm32cube.ide.mcu.externaltools.gnu-tools-for-stm32.12.3.rel1.macos64_1.0.200.202406191456/tools/bin/../lib/gcc/arm-none-eabi/12.3.1/../../../../arm-none-eabi/lib/thumb/v7-m/nofp/libc_nano.a(libc_a-memset.o)
 .ARM.attributes
                0x000005b1       0x2d /Applications/STM32CubeIDE.app/Contents/Eclipse/plugins/com.st.stm32cube.ide.mcu.externaltools.gnu-tools-for-stm32.12.3.rel1.macos64_1.0.200.202406191456/tools/bin/../lib/gcc/arm-none-eabi/12.3.1/../../../../arm-none-eabi/lib/thumb/v7-m/nofp/libc_nano.a(libc_a-init.o)
 .ARM.attributes
                0x000005de       0x1d /Applications/STM32CubeIDE.app/Contents/Eclipse/plugins/com.st.stm32cube.ide.mcu.externaltools.gnu-tools-for-stm32.12.3.rel1.macos64_1.0.200.202406191456/tools/bin/../lib/gcc/arm-none-eabi/12.3.1/thumb/v7-m/nofp/crtn.o
OUTPUT(BKIT_robotics_v2.elf elf32-littlearm)
LOAD linker stubs
LOAD /Applications/STM32CubeIDE.app/Contents/Eclipse/plugins/com.st.stm32cube.ide.mcu.externaltools.gnu-tools-for-stm32.12.3.rel1.macos64_1.0.200.202406191456/tools/bin/../lib/gcc/arm-none-eabi/12.3.1/../../../../arm-none-eabi/lib/thumb/v7-m/nofp/libc.a
LOAD /Applications/STM32CubeIDE.app/Contents/Eclipse/plugins/com.st.stm32cube.ide.mcu.externaltools.gnu-tools-for-stm32.12.3.rel1.macos64_1.0.200.202406191456/tools/bin/../lib/gcc/arm-none-eabi/12.3.1/../../../../arm-none-eabi/lib/thumb/v7-m/nofp/libm.a
LOAD /Applications/STM32CubeIDE.app/Contents/Eclipse/plugins/com.st.stm32cube.ide.mcu.externaltools.gnu-tools-for-stm32.12.3.rel1.macos64_1.0.200.202406191456/tools/bin/../lib/gcc/arm-none-eabi/12.3.1/thumb/v7-m/nofp/libgcc.a

.debug_info     0x00000000    0x13880
 .debug_info    0x00000000      0x818 ./Core/Src/adc.o
 .debug_info    0x00000818      0x6b6 ./Core/Src/buzzer.o
 .debug_info    0x00000ece      0x75d ./Core/Src/display.o
 .debug_info    0x0000162b      0x335 ./Core/Src/dma.o
 .debug_info    0x00001960      0x2d3 ./Core/Src/gpio.o
 .debug_info    0x00001c33      0x6b3 ./Core/Src/line_sensor.o
 .debug_info    0x000022e6      0x5ee ./Core/Src/main.o
 .debug_info    0x000028d4      0xa49 ./Core/Src/motor.o
 .debug_info    0x0000331d      0x702 ./Core/Src/servo.o
 .debug_info    0x00003a1f      0x717 ./Core/Src/software_timer.o
 .debug_info    0x00004136      0x7be ./Core/Src/spi.o
 .debug_info    0x000048f4      0x799 ./Core/Src/step_motor.o
 .debug_info    0x0000508d      0x1f1 ./Core/Src/stm32f1xx_hal_msp.o
 .debug_info    0x0000527e      0x9cc ./Core/Src/stm32f1xx_it.o
 .debug_info    0x00005c4a      0x222 ./Core/Src/system_stm32f1xx.o
 .debug_info    0x00005e6c      0xfab ./Core/Src/tim.o
 .debug_info    0x00006e17      0x6e2 ./Core/Src/uart.o
 .debug_info    0x000074f9      0x9e8 ./Core/Src/usart.o
 .debug_info    0x00007ee1       0x30 ./Core/Startup/startup_stm32f103rctx.o
 .debug_info    0x00007f11      0x76a ./Drivers/STM32F1xx_HAL_Driver/Src/stm32f1xx_hal.o
 .debug_info    0x0000867b      0xc50 ./Drivers/STM32F1xx_HAL_Driver/Src/stm32f1xx_hal_adc.o
 .debug_info    0x000092cb      0xaed ./Drivers/STM32F1xx_HAL_Driver/Src/stm32f1xx_hal_cortex.o
 .debug_info    0x00009db8      0x6d2 ./Drivers/STM32F1xx_HAL_Driver/Src/stm32f1xx_hal_dma.o
 .debug_info    0x0000a48a      0x5ab ./Drivers/STM32F1xx_HAL_Driver/Src/stm32f1xx_hal_gpio.o
 .debug_info    0x0000aa35      0x7d5 ./Drivers/STM32F1xx_HAL_Driver/Src/stm32f1xx_hal_rcc.o
 .debug_info    0x0000b20a      0x3e9 ./Drivers/STM32F1xx_HAL_Driver/Src/stm32f1xx_hal_rcc_ex.o
 .debug_info    0x0000b5f3     0x150f ./Drivers/STM32F1xx_HAL_Driver/Src/stm32f1xx_hal_spi.o
 .debug_info    0x0000cb02     0x293b ./Drivers/STM32F1xx_HAL_Driver/Src/stm32f1xx_hal_tim.o
 .debug_info    0x0000f43d     0x149b ./Drivers/STM32F1xx_HAL_Driver/Src/stm32f1xx_hal_tim_ex.o
 .debug_info    0x000108d8     0x2fa8 ./Drivers/STM32F1xx_HAL_Driver/Src/stm32f1xx_hal_uart.o

.debug_abbrev   0x00000000     0x3978
 .debug_abbrev  0x00000000      0x1f2 ./Core/Src/adc.o
 .debug_abbrev  0x000001f2      0x1a6 ./Core/Src/buzzer.o
 .debug_abbrev  0x00000398      0x1fa ./Core/Src/display.o
 .debug_abbrev  0x00000592       0xfc ./Core/Src/dma.o
 .debug_abbrev  0x0000068e      0x13f ./Core/Src/gpio.o
 .debug_abbrev  0x000007cd      0x215 ./Core/Src/line_sensor.o
 .debug_abbrev  0x000009e2      0x216 ./Core/Src/main.o
 .debug_abbrev  0x00000bf8      0x20e ./Core/Src/motor.o
 .debug_abbrev  0x00000e06      0x1d0 ./Core/Src/servo.o
 .debug_abbrev  0x00000fd6      0x1ed ./Core/Src/software_timer.o
 .debug_abbrev  0x000011c3      0x1e0 ./Core/Src/spi.o
 .debug_abbrev  0x000013a3      0x1d8 ./Core/Src/step_motor.o
 .debug_abbrev  0x0000157b       0xdb ./Core/Src/stm32f1xx_hal_msp.o
 .debug_abbrev  0x00001656      0x1b6 ./Core/Src/stm32f1xx_it.o
 .debug_abbrev  0x0000180c      0x13f ./Core/Src/system_stm32f1xx.o
 .debug_abbrev  0x0000194b      0x291 ./Core/Src/tim.o
 .debug_abbrev  0x00001bdc      0x1ca ./Core/Src/uart.o
 .debug_abbrev  0x00001da6      0x20b ./Core/Src/usart.o
 .debug_abbrev  0x00001fb1       0x24 ./Core/Startup/startup_stm32f103rctx.o
 .debug_abbrev  0x00001fd5      0x201 ./Drivers/STM32F1xx_HAL_Driver/Src/stm32f1xx_hal.o
 .debug_abbrev  0x000021d6      0x225 ./Drivers/STM32F1xx_HAL_Driver/Src/stm32f1xx_hal_adc.o
 .debug_abbrev  0x000023fb      0x2f8 ./Drivers/STM32F1xx_HAL_Driver/Src/stm32f1xx_hal_cortex.o
 .debug_abbrev  0x000026f3      0x20b ./Drivers/STM32F1xx_HAL_Driver/Src/stm32f1xx_hal_dma.o
 .debug_abbrev  0x000028fe      0x1ca ./Drivers/STM32F1xx_HAL_Driver/Src/stm32f1xx_hal_gpio.o
 .debug_abbrev  0x00002ac8      0x2b3 ./Drivers/STM32F1xx_HAL_Driver/Src/stm32f1xx_hal_rcc.o
 .debug_abbrev  0x00002d7b      0x188 ./Drivers/STM32F1xx_HAL_Driver/Src/stm32f1xx_hal_rcc_ex.o
 .debug_abbrev  0x00002f03      0x284 ./Drivers/STM32F1xx_HAL_Driver/Src/stm32f1xx_hal_spi.o
 .debug_abbrev  0x00003187      0x277 ./Drivers/STM32F1xx_HAL_Driver/Src/stm32f1xx_hal_tim.o
 .debug_abbrev  0x000033fe      0x282 ./Drivers/STM32F1xx_HAL_Driver/Src/stm32f1xx_hal_tim_ex.o
 .debug_abbrev  0x00003680      0x2f8 ./Drivers/STM32F1xx_HAL_Driver/Src/stm32f1xx_hal_uart.o

.debug_aranges  0x00000000     0x1220
 .debug_aranges
                0x00000000       0x30 ./Core/Src/adc.o
 .debug_aranges
                0x00000030       0x30 ./Core/Src/buzzer.o
 .debug_aranges
                0x00000060       0x40 ./Core/Src/display.o
 .debug_aranges
                0x000000a0       0x20 ./Core/Src/dma.o
 .debug_aranges
                0x000000c0       0x20 ./Core/Src/gpio.o
 .debug_aranges
                0x000000e0       0x38 ./Core/Src/line_sensor.o
 .debug_aranges
                0x00000118       0x38 ./Core/Src/main.o
 .debug_aranges
                0x00000150       0xa8 ./Core/Src/motor.o
 .debug_aranges
                0x000001f8       0x28 ./Core/Src/servo.o
 .debug_aranges
                0x00000220       0x38 ./Core/Src/software_timer.o
 .debug_aranges
                0x00000258       0x30 ./Core/Src/spi.o
 .debug_aranges
                0x00000288       0x28 ./Core/Src/step_motor.o
 .debug_aranges
                0x000002b0       0x20 ./Core/Src/stm32f1xx_hal_msp.o
 .debug_aranges
                0x000002d0       0x90 ./Core/Src/stm32f1xx_it.o
 .debug_aranges
                0x00000360       0x28 ./Core/Src/system_stm32f1xx.o
 .debug_aranges
                0x00000388       0x68 ./Core/Src/tim.o
 .debug_aranges
                0x000003f0       0x58 ./Core/Src/uart.o
 .debug_aranges
                0x00000448       0x38 ./Core/Src/usart.o
 .debug_aranges
                0x00000480       0x28 ./Core/Startup/startup_stm32f103rctx.o
 .debug_aranges
                0x000004a8       0xe0 ./Drivers/STM32F1xx_HAL_Driver/Src/stm32f1xx_hal.o
 .debug_aranges
                0x00000588       0xf0 ./Drivers/STM32F1xx_HAL_Driver/Src/stm32f1xx_hal_adc.o
 .debug_aranges
                0x00000678      0x100 ./Drivers/STM32F1xx_HAL_Driver/Src/stm32f1xx_hal_cortex.o
 .debug_aranges
                0x00000778       0x80 ./Drivers/STM32F1xx_HAL_Driver/Src/stm32f1xx_hal_dma.o
 .debug_aranges
                0x000007f8       0x58 ./Drivers/STM32F1xx_HAL_Driver/Src/stm32f1xx_hal_gpio.o
 .debug_aranges
                0x00000850       0x90 ./Drivers/STM32F1xx_HAL_Driver/Src/stm32f1xx_hal_rcc.o
 .debug_aranges
                0x000008e0       0x30 ./Drivers/STM32F1xx_HAL_Driver/Src/stm32f1xx_hal_rcc_ex.o
 .debug_aranges
                0x00000910      0x1d0 ./Drivers/STM32F1xx_HAL_Driver/Src/stm32f1xx_hal_spi.o
 .debug_aranges
                0x00000ae0      0x3d0 ./Drivers/STM32F1xx_HAL_Driver/Src/stm32f1xx_hal_tim.o
 .debug_aranges
                0x00000eb0      0x168 ./Drivers/STM32F1xx_HAL_Driver/Src/stm32f1xx_hal_tim_ex.o
 .debug_aranges
                0x00001018      0x208 ./Drivers/STM32F1xx_HAL_Driver/Src/stm32f1xx_hal_uart.o

.debug_rnglists
                0x00000000      0xde8
 .debug_rnglists
                0x00000000       0x21 ./Core/Src/adc.o
 .debug_rnglists
                0x00000021       0x20 ./Core/Src/buzzer.o
 .debug_rnglists
                0x00000041       0x2c ./Core/Src/display.o
 .debug_rnglists
                0x0000006d       0x13 ./Core/Src/dma.o
 .debug_rnglists
                0x00000080       0x14 ./Core/Src/gpio.o
 .debug_rnglists
                0x00000094       0x26 ./Core/Src/line_sensor.o
 .debug_rnglists
                0x000000ba       0x27 ./Core/Src/main.o
 .debug_rnglists
                0x000000e1       0x7a ./Core/Src/motor.o
 .debug_rnglists
                0x0000015b       0x1a ./Core/Src/servo.o
 .debug_rnglists
                0x00000175       0x25 ./Core/Src/software_timer.o
 .debug_rnglists
                0x0000019a       0x20 ./Core/Src/spi.o
 .debug_rnglists
                0x000001ba       0x19 ./Core/Src/step_motor.o
 .debug_rnglists
                0x000001d3       0x13 ./Core/Src/stm32f1xx_hal_msp.o
 .debug_rnglists
                0x000001e6       0x67 ./Core/Src/stm32f1xx_it.o
 .debug_rnglists
                0x0000024d       0x1a ./Core/Src/system_stm32f1xx.o
 .debug_rnglists
                0x00000267       0x51 ./Core/Src/tim.o
 .debug_rnglists
                0x000002b8       0x3d ./Core/Src/uart.o
 .debug_rnglists
                0x000002f5       0x26 ./Core/Src/usart.o
 .debug_rnglists
                0x0000031b       0x19 ./Core/Startup/startup_stm32f103rctx.o
 .debug_rnglists
                0x00000334       0xa3 ./Drivers/STM32F1xx_HAL_Driver/Src/stm32f1xx_hal.o
 .debug_rnglists
                0x000003d7       0xbc ./Drivers/STM32F1xx_HAL_Driver/Src/stm32f1xx_hal_adc.o
 .debug_rnglists
                0x00000493       0xbb ./Drivers/STM32F1xx_HAL_Driver/Src/stm32f1xx_hal_cortex.o
 .debug_rnglists
                0x0000054e       0x64 ./Drivers/STM32F1xx_HAL_Driver/Src/stm32f1xx_hal_dma.o
 .debug_rnglists
                0x000005b2       0x3f ./Drivers/STM32F1xx_HAL_Driver/Src/stm32f1xx_hal_gpio.o
 .debug_rnglists
                0x000005f1       0x6c ./Drivers/STM32F1xx_HAL_Driver/Src/stm32f1xx_hal_rcc.o
 .debug_rnglists
                0x0000065d       0x22 ./Drivers/STM32F1xx_HAL_Driver/Src/stm32f1xx_hal_rcc_ex.o
 .debug_rnglists
                0x0000067f      0x16e ./Drivers/STM32F1xx_HAL_Driver/Src/stm32f1xx_hal_spi.o
 .debug_rnglists
                0x000007ed      0x31a ./Drivers/STM32F1xx_HAL_Driver/Src/stm32f1xx_hal_tim.o
 .debug_rnglists
                0x00000b07      0x125 ./Drivers/STM32F1xx_HAL_Driver/Src/stm32f1xx_hal_tim_ex.o
 .debug_rnglists
                0x00000c2c      0x1bc ./Drivers/STM32F1xx_HAL_Driver/Src/stm32f1xx_hal_uart.o

.debug_macro    0x00000000    0x1c206
 .debug_macro   0x00000000      0x1da ./Core/Src/adc.o
 .debug_macro   0x000001da      0xaa8 ./Core/Src/adc.o
 .debug_macro   0x00000c82      0x22d ./Core/Src/adc.o
 .debug_macro   0x00000eaf       0x2e ./Core/Src/adc.o
 .debug_macro   0x00000edd       0x22 ./Core/Src/adc.o
 .debug_macro   0x00000eff       0x22 ./Core/Src/adc.o
 .debug_macro   0x00000f21       0x8e ./Core/Src/adc.o
 .debug_macro   0x00000faf       0x51 ./Core/Src/adc.o
 .debug_macro   0x00001000      0x103 ./Core/Src/adc.o
 .debug_macro   0x00001103       0x6a ./Core/Src/adc.o
 .debug_macro   0x0000116d      0x1df ./Core/Src/adc.o
 .debug_macro   0x0000134c       0x1c ./Core/Src/adc.o
 .debug_macro   0x00001368       0x22 ./Core/Src/adc.o
 .debug_macro   0x0000138a       0xbd ./Core/Src/adc.o
 .debug_macro   0x00001447      0xd23 ./Core/Src/adc.o
 .debug_macro   0x0000216a     0xfd8c ./Core/Src/adc.o
 .debug_macro   0x00011ef6       0x6d ./Core/Src/adc.o
 .debug_macro   0x00011f63     0x348d ./Core/Src/adc.o
 .debug_macro   0x000153f0      0x189 ./Core/Src/adc.o
 .debug_macro   0x00015579       0x5c ./Core/Src/adc.o
 .debug_macro   0x000155d5      0x5bc ./Core/Src/adc.o
 .debug_macro   0x00015b91      0x4d5 ./Core/Src/adc.o
 .debug_macro   0x00016066      0x1cb ./Core/Src/adc.o
 .debug_macro   0x00016231      0x114 ./Core/Src/adc.o
 .debug_macro   0x00016345      0x1ea ./Core/Src/adc.o
 .debug_macro   0x0001652f       0x27 ./Core/Src/adc.o
 .debug_macro   0x00016556      0x144 ./Core/Src/adc.o
 .debug_macro   0x0001669a      0x1bc ./Core/Src/adc.o
 .debug_macro   0x00016856       0x30 ./Core/Src/adc.o
 .debug_macro   0x00016886       0x3c ./Core/Src/adc.o
 .debug_macro   0x000168c2       0x57 ./Core/Src/adc.o
 .debug_macro   0x00016919      0x46a ./Core/Src/adc.o
 .debug_macro   0x00016d83      0x25d ./Core/Src/adc.o
 .debug_macro   0x00016fe0       0x87 ./Core/Src/adc.o
 .debug_macro   0x00017067      0x24f ./Core/Src/adc.o
 .debug_macro   0x000172b6      0x140 ./Core/Src/adc.o
 .debug_macro   0x000173f6      0x217 ./Core/Src/adc.o
 .debug_macro   0x0001760d      0x8ed ./Core/Src/adc.o
 .debug_macro   0x00017efa      0x28e ./Core/Src/adc.o
 .debug_macro   0x00018188       0xb5 ./Core/Src/adc.o
 .debug_macro   0x0001823d      0x130 ./Core/Src/adc.o
 .debug_macro   0x0001836d      0x1e4 ./Core/Src/buzzer.o
 .debug_macro   0x00018551      0x1ee ./Core/Src/display.o
 .debug_macro   0x0001873f      0x1da ./Core/Src/dma.o
 .debug_macro   0x00018919      0x1da ./Core/Src/gpio.o
 .debug_macro   0x00018af3      0x1fe ./Core/Src/line_sensor.o
 .debug_macro   0x00018cf1      0x338 ./Core/Src/main.o
 .debug_macro   0x00019029       0x24 ./Core/Src/main.o
 .debug_macro   0x0001904d       0x61 ./Core/Src/main.o
 .debug_macro   0x000190ae       0x43 ./Core/Src/main.o
 .debug_macro   0x000190f1       0x34 ./Core/Src/main.o
 .debug_macro   0x00019125       0x16 ./Core/Src/main.o
 .debug_macro   0x0001913b       0x35 ./Core/Src/main.o
 .debug_macro   0x00019170       0x16 ./Core/Src/main.o
 .debug_macro   0x00019186       0x43 ./Core/Src/main.o
 .debug_macro   0x000191c9       0x34 ./Core/Src/main.o
 .debug_macro   0x000191fd       0x10 ./Core/Src/main.o
 .debug_macro   0x0001920d       0x58 ./Core/Src/main.o
 .debug_macro   0x00019265       0x8e ./Core/Src/main.o
 .debug_macro   0x000192f3       0x1c ./Core/Src/main.o
 .debug_macro   0x0001930f      0x177 ./Core/Src/main.o
 .debug_macro   0x00019486      0x369 ./Core/Src/main.o
 .debug_macro   0x000197ef       0x16 ./Core/Src/main.o
 .debug_macro   0x00019805       0x29 ./Core/Src/main.o
 .debug_macro   0x0001982e      0x20a ./Core/Src/motor.o
 .debug_macro   0x00019a38      0x1e4 ./Core/Src/servo.o
 .debug_macro   0x00019c1c      0x1f4 ./Core/Src/software_timer.o
 .debug_macro   0x00019e10      0x1da ./Core/Src/spi.o
 .debug_macro   0x00019fea      0x202 ./Core/Src/step_motor.o
 .debug_macro   0x0001a1ec      0x1d0 ./Core/Src/stm32f1xx_hal_msp.o
 .debug_macro   0x0001a3bc      0x1da ./Core/Src/stm32f1xx_it.o
 .debug_macro   0x0001a596      0x1c1 ./Core/Src/system_stm32f1xx.o
 .debug_macro   0x0001a757      0x1da ./Core/Src/tim.o
 .debug_macro   0x0001a931      0x2bc ./Core/Src/uart.o
 .debug_macro   0x0001abed       0x16 ./Core/Src/uart.o
 .debug_macro   0x0001ac03       0x16 ./Core/Src/uart.o
 .debug_macro   0x0001ac19      0x1da ./Core/Src/usart.o
 .debug_macro   0x0001adf3      0x1e5 ./Drivers/STM32F1xx_HAL_Driver/Src/stm32f1xx_hal.o
 .debug_macro   0x0001afd8      0x1de ./Drivers/STM32F1xx_HAL_Driver/Src/stm32f1xx_hal_adc.o
 .debug_macro   0x0001b1b6      0x1c1 ./Drivers/STM32F1xx_HAL_Driver/Src/stm32f1xx_hal_cortex.o
 .debug_macro   0x0001b377      0x1c1 ./Drivers/STM32F1xx_HAL_Driver/Src/stm32f1xx_hal_dma.o
 .debug_macro   0x0001b538      0x22c ./Drivers/STM32F1xx_HAL_Driver/Src/stm32f1xx_hal_gpio.o
 .debug_macro   0x0001b764      0x1d3 ./Drivers/STM32F1xx_HAL_Driver/Src/stm32f1xx_hal_rcc.o
 .debug_macro   0x0001b937      0x1c1 ./Drivers/STM32F1xx_HAL_Driver/Src/stm32f1xx_hal_rcc_ex.o
 .debug_macro   0x0001baf8      0x1c9 ./Drivers/STM32F1xx_HAL_Driver/Src/stm32f1xx_hal_spi.o
 .debug_macro   0x0001bcc1      0x1c2 ./Drivers/STM32F1xx_HAL_Driver/Src/stm32f1xx_hal_tim.o
 .debug_macro   0x0001be83      0x1c1 ./Drivers/STM32F1xx_HAL_Driver/Src/stm32f1xx_hal_tim_ex.o
 .debug_macro   0x0001c044      0x1c2 ./Drivers/STM32F1xx_HAL_Driver/Src/stm32f1xx_hal_uart.o

.debug_line     0x00000000    0x17d4f
 .debug_line    0x00000000      0x7ec ./Core/Src/adc.o
 .debug_line    0x000007ec      0x744 ./Core/Src/buzzer.o
 .debug_line    0x00000f30      0x7b1 ./Core/Src/display.o
 .debug_line    0x000016e1      0x6dd ./Core/Src/dma.o
 .debug_line    0x00001dbe      0x72b ./Core/Src/gpio.o
 .debug_line    0x000024e9      0x804 ./Core/Src/line_sensor.o
 .debug_line    0x00002ced      0x99c ./Core/Src/main.o
 .debug_line    0x00003689      0x944 ./Core/Src/motor.o
 .debug_line    0x00003fcd      0x756 ./Core/Src/servo.o
 .debug_line    0x00004723      0x779 ./Core/Src/software_timer.o
 .debug_line    0x00004e9c      0x759 ./Core/Src/spi.o
 .debug_line    0x000055f5      0x72c ./Core/Src/step_motor.o
 .debug_line    0x00005d21      0x6e2 ./Core/Src/stm32f1xx_hal_msp.o
 .debug_line    0x00006403      0x834 ./Core/Src/stm32f1xx_it.o
 .debug_line    0x00006c37      0x760 ./Core/Src/system_stm32f1xx.o
 .debug_line    0x00007397      0xa7d ./Core/Src/tim.o
 .debug_line    0x00007e14      0x92a ./Core/Src/uart.o
 .debug_line    0x0000873e      0x7c7 ./Core/Src/usart.o
 .debug_line    0x00008f05       0x79 ./Core/Startup/startup_stm32f103rctx.o
 .debug_line    0x00008f7e      0x98d ./Drivers/STM32F1xx_HAL_Driver/Src/stm32f1xx_hal.o
 .debug_line    0x0000990b     0x1020 ./Drivers/STM32F1xx_HAL_Driver/Src/stm32f1xx_hal_adc.o
 .debug_line    0x0000a92b      0xb79 ./Drivers/STM32F1xx_HAL_Driver/Src/stm32f1xx_hal_cortex.o
 .debug_line    0x0000b4a4     0x12b8 ./Drivers/STM32F1xx_HAL_Driver/Src/stm32f1xx_hal_dma.o
 .debug_line    0x0000c75c      0xa4e ./Drivers/STM32F1xx_HAL_Driver/Src/stm32f1xx_hal_gpio.o
 .debug_line    0x0000d1aa      0xd96 ./Drivers/STM32F1xx_HAL_Driver/Src/stm32f1xx_hal_rcc.o
 .debug_line    0x0000df40      0x8f1 ./Drivers/STM32F1xx_HAL_Driver/Src/stm32f1xx_hal_rcc_ex.o
 .debug_line    0x0000e831     0x1c3f ./Drivers/STM32F1xx_HAL_Driver/Src/stm32f1xx_hal_spi.o
 .debug_line    0x00010470     0x36b7 ./Drivers/STM32F1xx_HAL_Driver/Src/stm32f1xx_hal_tim.o
 .debug_line    0x00013b27     0x1952 ./Drivers/STM32F1xx_HAL_Driver/Src/stm32f1xx_hal_tim_ex.o
 .debug_line    0x00015479     0x28d6 ./Drivers/STM32F1xx_HAL_Driver/Src/stm32f1xx_hal_uart.o

.debug_str      0x00000000    0xa0463
 .debug_str     0x00000000    0x985d9 ./Core/Src/adc.o
                              0x98a55 (size before relaxing)
 .debug_str     0x000985d9      0x30c ./Core/Src/buzzer.o
                              0x98b01 (size before relaxing)
 .debug_str     0x000988e5      0x2e0 ./Core/Src/display.o
                              0x98ab2 (size before relaxing)
 .debug_str     0x00098bc5      0x357 ./Core/Src/dma.o
                              0x989cc (size before relaxing)
 .debug_str     0x00098f1c       0x20 ./Core/Src/gpio.o
                              0x9868a (size before relaxing)
 .debug_str     0x00098f3c      0x1ae ./Core/Src/line_sensor.o
                              0x98aae (size before relaxing)
 .debug_str     0x000990ea     0x35c5 ./Core/Src/main.o
                              0x9bccf (size before relaxing)
 .debug_str     0x0009c6af      0x13a ./Core/Src/motor.o
                              0x98ceb (size before relaxing)
 .debug_str     0x0009c7e9       0x37 ./Core/Src/servo.o
                              0x98b15 (size before relaxing)
 .debug_str     0x0009c820       0x96 ./Core/Src/software_timer.o
                              0x98b8a (size before relaxing)
 .debug_str     0x0009c8b6       0x4b ./Core/Src/spi.o
                              0x98aa1 (size before relaxing)
 .debug_str     0x0009c901       0x8c ./Core/Src/step_motor.o
                              0x98bb2 (size before relaxing)
 .debug_str     0x0009c98d       0x5a ./Core/Src/stm32f1xx_hal_msp.o
                              0x98612 (size before relaxing)
 .debug_str     0x0009c9e7      0x30a ./Core/Src/stm32f1xx_it.o
                              0x98de3 (size before relaxing)
 .debug_str     0x0009ccf1       0x7e ./Core/Src/system_stm32f1xx.o
                              0x98151 (size before relaxing)
 .debug_str     0x0009cd6f      0x2e8 ./Core/Src/tim.o
                              0x99297 (size before relaxing)
 .debug_str     0x0009d057      0x6ff ./Core/Src/uart.o
                              0x9c1a3 (size before relaxing)
 .debug_str     0x0009d756       0x51 ./Core/Src/usart.o
                              0x98eec (size before relaxing)
 .debug_str     0x0009d7a7       0x9d ./Core/Startup/startup_stm32f103rctx.o
 .debug_str     0x0009d844      0x384 ./Drivers/STM32F1xx_HAL_Driver/Src/stm32f1xx_hal.o
                              0x98968 (size before relaxing)
 .debug_str     0x0009dbc8      0x381 ./Drivers/STM32F1xx_HAL_Driver/Src/stm32f1xx_hal_adc.o
                              0x98835 (size before relaxing)
 .debug_str     0x0009df49      0x294 ./Drivers/STM32F1xx_HAL_Driver/Src/stm32f1xx_hal_cortex.o
                              0x988b4 (size before relaxing)
 .debug_str     0x0009e1dd      0x1e2 ./Drivers/STM32F1xx_HAL_Driver/Src/stm32f1xx_hal_dma.o
                              0x984fa (size before relaxing)
 .debug_str     0x0009e3bf      0x2ce ./Drivers/STM32F1xx_HAL_Driver/Src/stm32f1xx_hal_gpio.o
                              0x984d7 (size before relaxing)
 .debug_str     0x0009e68d      0x229 ./Drivers/STM32F1xx_HAL_Driver/Src/stm32f1xx_hal_rcc.o
                              0x98580 (size before relaxing)
 .debug_str     0x0009e8b6       0x7a ./Drivers/STM32F1xx_HAL_Driver/Src/stm32f1xx_hal_rcc_ex.o
                              0x9830e (size before relaxing)
 .debug_str     0x0009e930      0x525 ./Drivers/STM32F1xx_HAL_Driver/Src/stm32f1xx_hal_spi.o
                              0x98a83 (size before relaxing)
 .debug_str     0x0009ee55      0xc77 ./Drivers/STM32F1xx_HAL_Driver/Src/stm32f1xx_hal_tim.o
                              0x99572 (size before relaxing)
 .debug_str     0x0009facc      0x3e1 ./Drivers/STM32F1xx_HAL_Driver/Src/stm32f1xx_hal_tim_ex.o
                              0x98d8e (size before relaxing)
 .debug_str     0x0009fead      0x5b6 ./Drivers/STM32F1xx_HAL_Driver/Src/stm32f1xx_hal_uart.o
                              0x98bf1 (size before relaxing)

.comment        0x00000000       0x43
 .comment       0x00000000       0x43 ./Core/Src/adc.o
                                 0x44 (size before relaxing)
 .comment       0x00000043       0x44 ./Core/Src/buzzer.o
 .comment       0x00000043       0x44 ./Core/Src/display.o
 .comment       0x00000043       0x44 ./Core/Src/dma.o
 .comment       0x00000043       0x44 ./Core/Src/gpio.o
 .comment       0x00000043       0x44 ./Core/Src/line_sensor.o
 .comment       0x00000043       0x44 ./Core/Src/main.o
 .comment       0x00000043       0x44 ./Core/Src/motor.o
 .comment       0x00000043       0x44 ./Core/Src/servo.o
 .comment       0x00000043       0x44 ./Core/Src/software_timer.o
 .comment       0x00000043       0x44 ./Core/Src/spi.o
 .comment       0x00000043       0x44 ./Core/Src/step_motor.o
 .comment       0x00000043       0x44 ./Core/Src/stm32f1xx_hal_msp.o
 .comment       0x00000043       0x44 ./Core/Src/stm32f1xx_it.o
 .comment       0x00000043       0x44 ./Core/Src/system_stm32f1xx.o
 .comment       0x00000043       0x44 ./Core/Src/tim.o
 .comment       0x00000043       0x44 ./Core/Src/uart.o
 .comment       0x00000043       0x44 ./Core/Src/usart.o
 .comment       0x00000043       0x44 ./Drivers/STM32F1xx_HAL_Driver/Src/stm32f1xx_hal.o
 .comment       0x00000043       0x44 ./Drivers/STM32F1xx_HAL_Driver/Src/stm32f1xx_hal_adc.o
 .comment       0x00000043       0x44 ./Drivers/STM32F1xx_HAL_Driver/Src/stm32f1xx_hal_cortex.o
 .comment       0x00000043       0x44 ./Drivers/STM32F1xx_HAL_Driver/Src/stm32f1xx_hal_dma.o
 .comment       0x00000043       0x44 ./Drivers/STM32F1xx_HAL_Driver/Src/stm32f1xx_hal_gpio.o
 .comment       0x00000043       0x44 ./Drivers/STM32F1xx_HAL_Driver/Src/stm32f1xx_hal_rcc.o
 .comment       0x00000043       0x44 ./Drivers/STM32F1xx_HAL_Driver/Src/stm32f1xx_hal_rcc_ex.o
 .comment       0x00000043       0x44 ./Drivers/STM32F1xx_HAL_Driver/Src/stm32f1xx_hal_spi.o
 .comment       0x00000043       0x44 ./Drivers/STM32F1xx_HAL_Driver/Src/stm32f1xx_hal_tim.o
 .comment       0x00000043       0x44 ./Drivers/STM32F1xx_HAL_Driver/Src/stm32f1xx_hal_tim_ex.o
 .comment       0x00000043       0x44 ./Drivers/STM32F1xx_HAL_Driver/Src/stm32f1xx_hal_uart.o

.debug_frame    0x00000000     0x47dc
 .debug_frame   0x00000000       0x7c ./Core/Src/adc.o
 .debug_frame   0x0000007c       0x6c ./Core/Src/buzzer.o
 .debug_frame   0x000000e8       0xbc ./Core/Src/display.o
 .debug_frame   0x000001a4       0x34 ./Core/Src/dma.o
 .debug_frame   0x000001d8       0x34 ./Core/Src/gpio.o
 .debug_frame   0x0000020c       0x94 ./Core/Src/line_sensor.o
 .debug_frame   0x000002a0       0x84 ./Core/Src/main.o
 .debug_frame   0x00000324      0x294 ./Core/Src/motor.o
 .debug_frame   0x000005b8       0x5c ./Core/Src/servo.o
 .debug_frame   0x00000614       0x98 ./Core/Src/software_timer.o
 .debug_frame   0x000006ac       0x74 ./Core/Src/spi.o
 .debug_frame   0x00000720       0x58 ./Core/Src/step_motor.o
 .debug_frame   0x00000778       0x38 ./Core/Src/stm32f1xx_hal_msp.o
 .debug_frame   0x000007b0      0x1ac ./Core/Src/stm32f1xx_it.o
 .debug_frame   0x0000095c       0x58 ./Core/Src/system_stm32f1xx.o
 .debug_frame   0x000009b4      0x180 ./Core/Src/tim.o
 .debug_frame   0x00000b34      0x118 ./Core/Src/uart.o
 .debug_frame   0x00000c4c       0x90 ./Core/Src/usart.o
 .debug_frame   0x00000cdc      0x334 ./Drivers/STM32F1xx_HAL_Driver/Src/stm32f1xx_hal.o
 .debug_frame   0x00001010      0x40c ./Drivers/STM32F1xx_HAL_Driver/Src/stm32f1xx_hal_adc.o
 .debug_frame   0x0000141c      0x428 ./Drivers/STM32F1xx_HAL_Driver/Src/stm32f1xx_hal_cortex.o
 .debug_frame   0x00001844      0x20c ./Drivers/STM32F1xx_HAL_Driver/Src/stm32f1xx_hal_dma.o
 .debug_frame   0x00001a50      0x14c ./Drivers/STM32F1xx_HAL_Driver/Src/stm32f1xx_hal_gpio.o
 .debug_frame   0x00001b9c      0x218 ./Drivers/STM32F1xx_HAL_Driver/Src/stm32f1xx_hal_rcc.o
 .debug_frame   0x00001db4       0x80 ./Drivers/STM32F1xx_HAL_Driver/Src/stm32f1xx_hal_rcc_ex.o
 .debug_frame   0x00001e34      0x824 ./Drivers/STM32F1xx_HAL_Driver/Src/stm32f1xx_hal_spi.o
 .debug_frame   0x00002658     0x11bc ./Drivers/STM32F1xx_HAL_Driver/Src/stm32f1xx_hal_tim.o
 .debug_frame   0x00003814      0x638 ./Drivers/STM32F1xx_HAL_Driver/Src/stm32f1xx_hal_tim_ex.o
 .debug_frame   0x00003e4c      0x944 ./Drivers/STM32F1xx_HAL_Driver/Src/stm32f1xx_hal_uart.o
 .debug_frame   0x00004790       0x20 /Applications/STM32CubeIDE.app/Contents/Eclipse/plugins/com.st.stm32cube.ide.mcu.externaltools.gnu-tools-for-stm32.12.3.rel1.macos64_1.0.200.202406191456/tools/bin/../lib/gcc/arm-none-eabi/12.3.1/../../../../arm-none-eabi/lib/thumb/v7-m/nofp/libc_nano.a(libc_a-memset.o)
 .debug_frame   0x000047b0       0x2c /Applications/STM32CubeIDE.app/Contents/Eclipse/plugins/com.st.stm32cube.ide.mcu.externaltools.gnu-tools-for-stm32.12.3.rel1.macos64_1.0.200.202406191456/tools/bin/../lib/gcc/arm-none-eabi/12.3.1/../../../../arm-none-eabi/lib/thumb/v7-m/nofp/libc_nano.a(libc_a-init.o)

.debug_line_str
                0x00000000       0x81
 .debug_line_str
                0x00000000       0x81 ./Core/Startup/startup_stm32f103rctx.o
